Component: ARM Compiler 5.06 update 7 (build 960) Tool: armlink [4d3601]

==============================================================================

Section Cross References

    startup_stm32f405xx.o(STACK) refers (Special) to heapauxi.o(.text) for __use_two_region_memory
    startup_stm32f405xx.o(HEAP) refers (Special) to heapauxi.o(.text) for __use_two_region_memory
    startup_stm32f405xx.o(RESET) refers (Special) to heapauxi.o(.text) for __use_two_region_memory
    startup_stm32f405xx.o(RESET) refers to startup_stm32f405xx.o(STACK) for __initial_sp
    startup_stm32f405xx.o(RESET) refers to startup_stm32f405xx.o(.text) for Reset_Handler
    startup_stm32f405xx.o(RESET) refers to stm32f4xx_it.o(i.NMI_Handler) for NMI_Handler
    startup_stm32f405xx.o(RESET) refers to stm32f4xx_it.o(i.HardFault_Handler) for HardFault_Handler
    startup_stm32f405xx.o(RESET) refers to stm32f4xx_it.o(i.MemManage_Handler) for MemManage_Handler
    startup_stm32f405xx.o(RESET) refers to stm32f4xx_it.o(i.BusFault_Handler) for BusFault_Handler
    startup_stm32f405xx.o(RESET) refers to stm32f4xx_it.o(i.UsageFault_Handler) for UsageFault_Handler
    startup_stm32f405xx.o(RESET) refers to stm32f4xx_it.o(i.SVC_Handler) for SVC_Handler
    startup_stm32f405xx.o(RESET) refers to stm32f4xx_it.o(i.DebugMon_Handler) for DebugMon_Handler
    startup_stm32f405xx.o(RESET) refers to stm32f4xx_it.o(i.PendSV_Handler) for PendSV_Handler
    startup_stm32f405xx.o(RESET) refers to stm32f4xx_it.o(i.SysTick_Handler) for SysTick_Handler
    startup_stm32f405xx.o(RESET) refers to stm32f4xx_it.o(i.ADC_IRQHandler) for ADC_IRQHandler
    startup_stm32f405xx.o(RESET) refers to stm32f4xx_it.o(i.TIM1_UP_TIM10_IRQHandler) for TIM1_UP_TIM10_IRQHandler
    startup_stm32f405xx.o(RESET) refers to stm32f4xx_it.o(i.SPI1_IRQHandler) for SPI1_IRQHandler
    startup_stm32f405xx.o(RESET) refers to stm32f4xx_it.o(i.DMA2_Stream0_IRQHandler) for DMA2_Stream0_IRQHandler
    startup_stm32f405xx.o(RESET) refers to stm32f4xx_it.o(i.DMA2_Stream2_IRQHandler) for DMA2_Stream2_IRQHandler
    startup_stm32f405xx.o(RESET) refers to stm32f4xx_it.o(i.DMA2_Stream3_IRQHandler) for DMA2_Stream3_IRQHandler
    startup_stm32f405xx.o(RESET) refers to stm32f4xx_it.o(i.OTG_FS_IRQHandler) for OTG_FS_IRQHandler
    startup_stm32f405xx.o(.text) refers (Special) to heapauxi.o(.text) for __use_two_region_memory
    startup_stm32f405xx.o(.text) refers to system_stm32f4xx.o(i.SystemInit) for SystemInit
    startup_stm32f405xx.o(.text) refers to __main.o(!!!main) for __main
    startup_stm32f405xx.o(.text) refers to startup_stm32f405xx.o(HEAP) for Heap_Mem
    startup_stm32f405xx.o(.text) refers to startup_stm32f405xx.o(STACK) for Stack_Mem
    main.o(i.HAL_SPI_TxRxCpltCallback) refers to as5047p.o(i.as5047_data_process) for as5047_data_process
    main.o(i.SystemClock_Config) refers to rt_memclr_w.o(.text) for __aeabi_memclr4
    main.o(i.SystemClock_Config) refers to stm32f4xx_hal_rcc.o(i.HAL_RCC_OscConfig) for HAL_RCC_OscConfig
    main.o(i.SystemClock_Config) refers to stm32f4xx_hal_rcc.o(i.HAL_RCC_ClockConfig) for HAL_RCC_ClockConfig
    main.o(i.main) refers to stm32f4xx_hal.o(i.HAL_Init) for HAL_Init
    main.o(i.main) refers to main.o(i.SystemClock_Config) for SystemClock_Config
    main.o(i.main) refers to gpio.o(i.MX_GPIO_Init) for MX_GPIO_Init
    main.o(i.main) refers to dma.o(i.MX_DMA_Init) for MX_DMA_Init
    main.o(i.main) refers to adc.o(i.MX_ADC1_Init) for MX_ADC1_Init
    main.o(i.main) refers to tim.o(i.MX_TIM1_Init) for MX_TIM1_Init
    main.o(i.main) refers to spi.o(i.MX_SPI3_Init) for MX_SPI3_Init
    main.o(i.main) refers to usb_device.o(i.MX_USB_DEVICE_Init) for MX_USB_DEVICE_Init
    main.o(i.main) refers to tim.o(i.MX_TIM10_Init) for MX_TIM10_Init
    main.o(i.main) refers to spi.o(i.MX_SPI1_Init) for MX_SPI1_Init
    main.o(i.main) refers to stm32f4xx_hal_gpio.o(i.HAL_GPIO_WritePin) for HAL_GPIO_WritePin
    main.o(i.main) refers to stm32f4xx_hal_tim.o(i.HAL_TIM_PWM_Start) for HAL_TIM_PWM_Start
    main.o(i.main) refers to stm32f4xx_hal_tim_ex.o(i.HAL_TIMEx_PWMN_Start) for HAL_TIMEx_PWMN_Start
    main.o(i.main) refers to stm32f4xx_hal_adc_ex.o(i.HAL_ADCEx_InjectedStart_IT) for HAL_ADCEx_InjectedStart_IT
    main.o(i.main) refers to stm32f4xx_hal.o(i.HAL_Delay) for HAL_Delay
    main.o(i.main) refers to speed_loop.o(i.Speed_Loop_Init) for Speed_Loop_Init
    main.o(i.main) refers to current_loop.o(i.current_pi_init) for current_pi_init
    main.o(i.main) refers to position_loop.o(i.Pos_Loop_Init) for Pos_Loop_Init
    main.o(i.main) refers to vofa.o(i.VOFA_Send_JustFloat) for VOFA_Send_JustFloat
    main.o(i.main) refers to spi.o(.bss) for hspi1
    main.o(i.main) refers to tim.o(.bss) for htim1
    main.o(i.main) refers to adc.o(.bss) for hadc1
    main.o(i.main) refers to position_loop.o(.bss) for pid_pos
    main.o(i.main) refers to vofa.o(.bss) for vofa_data
    gpio.o(i.MX_GPIO_Init) refers to rt_memclr_w.o(.text) for __aeabi_memclr4
[...]
    __rt_lib_shutdown_fini_1                 0x08000247   Thumb Code     0  libshutdown2.o(.ARM.Collect$$libshutdown$$00000002)
    __rt_lib_shutdown_fp_trap_1              0x08000247   Thumb Code     0  libshutdown2.o(.ARM.Collect$$libshutdown$$00000009)
    __rt_lib_shutdown_heap_1                 0x08000247   Thumb Code     0  libshutdown2.o(.ARM.Collect$$libshutdown$$00000011)
    __rt_lib_shutdown_return                 0x08000247   Thumb Code     0  libshutdown2.o(.ARM.Collect$$libshutdown$$00000012)
    __rt_lib_shutdown_signal_1               0x08000247   Thumb Code     0  libshutdown2.o(.ARM.Collect$$libshutdown$$0000000C)
    __rt_lib_shutdown_stdio_1                0x08000247   Thumb Code     0  libshutdown2.o(.ARM.Collect$$libshutdown$$00000006)
    __rt_lib_shutdown_user_alloc_1           0x08000247   Thumb Code     0  libshutdown2.o(.ARM.Collect$$libshutdown$$0000000E)
    __rt_entry                               0x08000249   Thumb Code     0  __rtentry.o(.ARM.Collect$$rtentry$$00000000)
    __rt_entry_presh_1                       0x08000249   Thumb Code     0  __rtentry2.o(.ARM.Collect$$rtentry$$00000002)
    __rt_entry_sh                            0x08000249   Thumb Code     0  __rtentry4.o(.ARM.Collect$$rtentry$$00000004)
    __rt_entry_li                            0x0800024f   Thumb Code     0  __rtentry2.o(.ARM.Collect$$rtentry$$0000000A)
    __rt_entry_postsh_1                      0x0800024f   Thumb Code     0  __rtentry2.o(.ARM.Collect$$rtentry$$00000009)
    __rt_entry_main                          0x08000253   Thumb Code     0  __rtentry2.o(.ARM.Collect$$rtentry$$0000000D)
    __rt_entry_postli_1                      0x08000253   Thumb Code     0  __rtentry2.o(.ARM.Collect$$rtentry$$0000000C)
    __rt_exit                                0x0800025b   Thumb Code     0  rtexit.o(.ARM.Collect$$rtexit$$00000000)
    __rt_exit_ls                             0x0800025d   Thumb Code     0  rtexit2.o(.ARM.Collect$$rtexit$$00000003)
    __rt_exit_prels_1                        0x0800025d   Thumb Code     0  rtexit2.o(.ARM.Collect$$rtexit$$00000002)
    __rt_exit_exit                           0x08000261   Thumb Code     0  rtexit2.o(.ARM.Collect$$rtexit$$00000004)
    Reset_Handler                            0x08000269   Thumb Code     8  startup_stm32f405xx.o(.text)
    CAN1_RX0_IRQHandler                      0x08000283   Thumb Code     0  startup_stm32f405xx.o(.text)
    CAN1_RX1_IRQHandler                      0x08000283   Thumb Code     0  startup_stm32f405xx.o(.text)
    CAN1_SCE_IRQHandler                      0x08000283   Thumb Code     0  startup_stm32f405xx.o(.text)
    CAN1_TX_IRQHandler                       0x08000283   Thumb Code     0  startup_stm32f405xx.o(.text)
    CAN2_RX0_IRQHandler                      0x08000283   Thumb Code     0  startup_stm32f405xx.o(.text)
    CAN2_RX1_IRQHandler                      0x08000283   Thumb Code     0  startup_stm32f405xx.o(.text)
    CAN2_SCE_IRQHandler                      0x08000283   Thumb Code     0  startup_stm32f405xx.o(.text)
    CAN2_TX_IRQHandler                       0x08000283   Thumb Code     0  startup_stm32f405xx.o(.text)
    DMA1_Stream0_IRQHandler                  0x08000283   Thumb Code     0  startup_stm32f405xx.o(.text)
    DMA1_Stream1_IRQHandler                  0x08000283   Thumb Code     0  startup_stm32f405xx.o(.text)
    DMA1_Stream2_IRQHandler                  0x08000283   Thumb Code     0  startup_stm32f405xx.o(.text)
    DMA1_Stream3_IRQHandler                  0x08000283   Thumb Code     0  startup_stm32f405xx.o(.text)
    DMA1_Stream4_IRQHandler                  0x08000283   Thumb Code     0  startup_stm32f405xx.o(.text)
    DMA1_Stream5_IRQHandler                  0x08000283   Thumb Code     0  startup_stm32f405xx.o(.text)
    DMA1_Stream6_IRQHandler                  0x08000283   Thumb Code     0  startup_stm32f405xx.o(.text)
    DMA1_Stream7_IRQHandler                  0x08000283   Thumb Code     0  startup_stm32f405xx.o(.text)
    DMA2_Stream1_IRQHandler                  0x08000283   Thumb Code     0  startup_stm32f405xx.o(.text)
    DMA2_Stream4_IRQHandler                  0x08000283   Thumb Code     0  startup_stm32f405xx.o(.text)
    DMA2_Stream5_IRQHandler                  0x08000283   Thumb Code     0  startup_stm32f405xx.o(.text)
    DMA2_Stream6_IRQHandler                  0x08000283   Thumb Code     0  startup_stm32f405xx.o(.text)
    DMA2_Stream7_IRQHandler                  0x08000283   Thumb Code     0  startup_stm32f405xx.o(.text)
    EXTI0_IRQHandler                         0x08000283   Thumb Code     0  startup_stm32f405xx.o(.text)
    EXTI15_10_IRQHandler                     0x08000283   Thumb Code     0  startup_stm32f405xx.o(.text)
    EXTI1_IRQHandler                         0x08000283   Thumb Code     0  startup_stm32f405xx.o(.text)
    EXTI2_IRQHandler                         0x08000283   Thumb Code     0  startup_stm32f405xx.o(.text)
    EXTI3_IRQHandler                         0x08000283   Thumb Code     0  startup_stm32f405xx.o(.text)
    EXTI4_IRQHandler                         0x08000283   Thumb Code     0  startup_stm32f405xx.o(.text)
    EXTI9_5_IRQHandler                       0x08000283   Thumb Code     0  startup_stm32f405xx.o(.text)
    FLASH_IRQHandler                         0x08000283   Thumb Code     0  startup_stm32f405xx.o(.text)
    FMC_IRQHandler                           0x08000283   Thumb Code     0  startup_stm32f405xx.o(.text)
    FPU_IRQHandler                           0x08000283   Thumb Code     0  startup_stm32f405xx.o(.text)
    HASH_RNG_IRQHandler                      0x08000283   Thumb Code     0  startup_stm32f405xx.o(.text)
    I2C1_ER_IRQHandler                       0x08000283   Thumb Code     0  startup_stm32f405xx.o(.text)
    I2C1_EV_IRQHandler                       0x08000283   Thumb Code     0  startup_stm32f405xx.o(.text)
    I2C2_ER_IRQHandler                       0x08000283   Thumb Code     0  startup_stm32f405xx.o(.text)
    I2C2_EV_IRQHandler                       0x08000283   Thumb Code     0  startup_stm32f405xx.o(.text)
    I2C3_ER_IRQHandler                       0x08000283   Thumb Code     0  startup_stm32f405xx.o(.text)
    I2C3_EV_IRQHandler                       0x08000283   Thumb Code     0  startup_stm32f405xx.o(.text)
    OTG_FS_WKUP_IRQHandler                   0x08000283   Thumb Code     0  startup_stm32f405xx.o(.text)
    OTG_HS_EP1_IN_IRQHandler                 0x08000283   Thumb Code     0  startup_stm32f405xx.o(.text)
    OTG_HS_EP1_OUT_IRQHandler                0x08000283   Thumb Code     0  startup_stm32f405xx.o(.text)
    OTG_HS_IRQHandler                        0x08000283   Thumb Code     0  startup_stm32f405xx.o(.text)
    OTG_HS_WKUP_IRQHandler                   0x08000283   Thumb Code     0  startup_stm32f405xx.o(.text)
    PVD_IRQHandler                           0x08000283   Thumb Code     0  startup_stm32f405xx.o(.text)
    RCC_IRQHandler                           0x08000283   Thumb Code     0  startup_stm32f405xx.o(.text)
    RTC_Alarm_IRQHandler                     0x08000283   Thumb Code     0  startup_stm32f405xx.o(.text)
    RTC_WKUP_IRQHandler                      0x08000283   Thumb Code     0  startup_stm32f405xx.o(.text)
    SDIO_IRQHandler                          0x08000283   Thumb Code     0  startup_stm32f405xx.o(.text)
    SPI2_IRQHandler                          0x08000283   Thumb Code     0  startup_stm32f405xx.o(.text)
    SPI3_IRQHandler                          0x08000283   Thumb Code     0  startup_stm32f405xx.o(.text)
    TAMP_STAMP_IRQHandler                    0x08000283   Thumb Code     0  startup_stm32f405xx.o(.text)
    TIM1_BRK_TIM9_IRQHandler                 0x08000283   Thumb Code     0  startup_stm32f405xx.o(.text)
    TIM1_CC_IRQHandler                       0x08000283   Thumb Code     0  startup_stm32f405xx.o(.text)
    TIM1_TRG_COM_TIM11_IRQHandler            0x08000283   Thumb Code     0  startup_stm32f405xx.o(.text)
    TIM2_IRQHandler                          0x08000283   Thumb Code     0  startup_stm32f405xx.o(.text)
    TIM3_IRQHandler                          0x08000283   Thumb Code     0  startup_stm32f405xx.o(.text)
    TIM4_IRQHandler                          0x08000283   Thumb Code     0  startup_stm32f405xx.o(.text)
    TIM5_IRQHandler                          0x08000283   Thumb Code     0  startup_stm32f405xx.o(.text)
    TIM6_DAC_IRQHandler                      0x08000283   Thumb Code     0  startup_stm32f405xx.o(.text)
    TIM7_IRQHandler                          0x08000283   Thumb Code     0  startup_stm32f405xx.o(.text)
    TIM8_BRK_TIM12_IRQHandler                0x08000283   Thumb Code     0  startup_stm32f405xx.o(.text)
    TIM8_CC_IRQHandler                       0x08000283   Thumb Code     0  startup_stm32f405xx.o(.text)
    TIM8_TRG_COM_TIM14_IRQHandler            0x08000283   Thumb Code     0  startup_stm32f405xx.o(.text)
    TIM8_UP_TIM13_IRQHandler                 0x08000283   Thumb Code     0  startup_stm32f405xx.o(.text)
    UART4_IRQHandler                         0x08000283   Thumb Code     0  startup_stm32f405xx.o(.text)
    UART5_IRQHandler                         0x08000283   Thumb Code     0  startup_stm32f405xx.o(.text)
    USART1_IRQHandler                        0x08000283   Thumb Code     0  startup_stm32f405xx.o(.text)
    USART2_IRQHandler                        0x08000283   Thumb Code     0  startup_stm32f405xx.o(.text)
    USART3_IRQHandler                        0x08000283   Thumb Code     0  startup_stm32f405xx.o(.text)
    USART6_IRQHandler                        0x08000283   Thumb Code     0  startup_stm32f405xx.o(.text)
    WWDG_IRQHandler                          0x08000283   Thumb Code     0  startup_stm32f405xx.o(.text)
    __user_initial_stackheap                 0x08000285   Thumb Code     0  startup_stm32f405xx.o(.text)
    __aeabi_uldivmod                         0x080002a9   Thumb Code     0  lludivv7m.o(.text)
    _ll_udiv                                 0x080002a9   Thumb Code   238  lludivv7m.o(.text)
    __aeabi_memclr4                          0x08000397   Thumb Code     0  rt_memclr_w.o(.text)
    __aeabi_memclr8                          0x08000397   Thumb Code     0  rt_memclr_w.o(.text)
    __rt_memclr_w                            0x08000397   Thumb Code    78  rt_memclr_w.o(.text)
    _memset_w                                0x0800039b   Thumb Code     0  rt_memclr_w.o(.text)
    __use_two_region_memory                  0x080003e5   Thumb Code     2  heapauxi.o(.text)
    __rt_heap_escrow$2region                 0x080003e7   Thumb Code     2  heapauxi.o(.text)
    __rt_heap_expand$2region                 0x080003e9   Thumb Code     2  heapauxi.o(.text)
    __read_errno                             0x080003eb   Thumb Code    10  _rserrno.o(.text)
    __set_errno                              0x080003f5   Thumb Code    12  _rserrno.o(.text)
    __aeabi_errno_addr                       0x08000401   Thumb Code     8  rt_errno_addr_intlibspace.o(.text)
    __errno$intlibspace                      0x08000401   Thumb Code     0  rt_errno_addr_intlibspace.o(.text)
    __rt_errno_addr$intlibspace              0x08000401   Thumb Code     0  rt_errno_addr_intlibspace.o(.text)
    __user_libspace                          0x08000409   Thumb Code     8  libspace.o(.text)
    __user_perproc_libspace                  0x08000409   Thumb Code     0  libspace.o(.text)
    __user_perthread_libspace                0x08000409   Thumb Code     0  libspace.o(.text)
    __user_setup_stackheap                   0x08000411   Thumb Code    74  sys_stackheap_outer.o(.text)
    exit                                     0x0800045b   Thumb Code    18  exit.o(.text)
    _sys_exit                                0x0800046d   Thumb Code     8  sys_exit.o(.text)
    __I$use$semihosting                      0x08000479   Thumb Code     0  use_no_semi.o(.text)
    __use_no_semihosting_swi                 0x08000479   Thumb Code     2  use_no_semi.o(.text)
    __semihosting_library_function           0x0800047b   Thumb Code     0  indicate_semi.o(.text)
    arm_cos_f32                              0x0800047d   Thumb Code   152  arm_cos_f32.o(.text.arm_cos_f32)
    arm_sin_f32                              0x08000515   Thumb Code   144  arm_sin_f32.o(.text.arm_sin_f32)
    ADC_IRQHandler                           0x080005a5   Thumb Code     6  stm32f4xx_it.o(i.ADC_IRQHandler)
    BusFault_Handler                         0x080006d9   Thumb Code     2  stm32f4xx_it.o(i.BusFault_Handler)
    CDC_Transmit_FS                          0x08000731   Thumb Code    38  usbd_cdc_if.o(i.CDC_Transmit_FS)
    DMA2_Stream0_IRQHandler                  0x0800075d   Thumb Code     6  stm32f4xx_it.o(i.DMA2_Stream0_IRQHandler)
    DMA2_Stream2_IRQHandler                  0x08000769   Thumb Code     6  stm32f4xx_it.o(i.DMA2_Stream2_IRQHandler)
    DMA2_Stream3_IRQHandler                  0x08000775   Thumb Code     6  stm32f4xx_it.o(i.DMA2_Stream3_IRQHandler)
    DebugMon_Handler                         0x08000825   Thumb Code     2  stm32f4xx_it.o(i.DebugMon_Handler)
    Error_Handler                            0x08000827   Thumb Code     4  main.o(i.Error_Handler)
    HAL_ADCEx_InjectedConfigChannel          0x0800082d   Thumb Code   428  stm32f4xx_hal_adc_ex.o(i.HAL_ADCEx_InjectedConfigChannel)
    HAL_ADCEx_InjectedConvCpltCallback       0x080009e9   Thumb Code   710  interrupt.o(i.HAL_ADCEx_InjectedConvCpltCallback)
    HAL_ADCEx_InjectedGetValue               0x08000ced   Thumb Code    58  stm32f4xx_hal_adc_ex.o(i.HAL_ADCEx_InjectedGetValue)
    HAL_ADCEx_InjectedStart_IT               0x08000d29   Thumb Code   212  stm32f4xx_hal_adc_ex.o(i.HAL_ADCEx_InjectedStart_IT)
    HAL_ADC_ConfigChannel                    0x08000e0d   Thumb Code   316  stm32f4xx_hal_adc.o(i.HAL_ADC_ConfigChannel)
    HAL_ADC_ConvCpltCallback                 0x08000f59   Thumb Code     2  stm32f4xx_hal_adc.o(i.HAL_ADC_ConvCpltCallback)
    HAL_ADC_ErrorCallback                    0x08000f5b   Thumb Code     2  stm32f4xx_hal_adc.o(i.HAL_ADC_ErrorCallback)
    HAL_ADC_IRQHandler                       0x08000f5d   Thumb Code   302  stm32f4xx_hal_adc.o(i.HAL_ADC_IRQHandler)
    HAL_ADC_Init                             0x0800108b   Thumb Code    84  stm32f4xx_hal_adc.o(i.HAL_ADC_Init)
    HAL_ADC_LevelOutOfWindowCallback         0x080010df   Thumb Code     2  stm32f4xx_hal_adc.o(i.HAL_ADC_LevelOutOfWindowCallback)
    HAL_ADC_MspInit                          0x080010e1   Thumb Code   176  adc.o(i.HAL_ADC_MspInit)
    HAL_DMA_Abort_IT                         0x080011a9   Thumb Code    36  stm32f4xx_hal_dma.o(i.HAL_DMA_Abort_IT)
    HAL_DMA_IRQHandler                       0x080011cd   Thumb Code   412  stm32f4xx_hal_dma.o(i.HAL_DMA_IRQHandler)
    HAL_DMA_Init                             0x0800136d   Thumb Code   206  stm32f4xx_hal_dma.o(i.HAL_DMA_Init)
    HAL_DMA_Start_IT                         0x08001441   Thumb Code   110  stm32f4xx_hal_dma.o(i.HAL_DMA_Start_IT)
    HAL_Delay                                0x080014b1   Thumb Code    32  stm32f4xx_hal.o(i.HAL_Delay)
    HAL_GPIO_Init                            0x080014d5   Thumb Code   450  stm32f4xx_hal_gpio.o(i.HAL_GPIO_Init)
    HAL_GPIO_WritePin                        0x080016c5   Thumb Code    10  stm32f4xx_hal_gpio.o(i.HAL_GPIO_WritePin)
    HAL_GetTick                              0x080016d1   Thumb Code     6  stm32f4xx_hal.o(i.HAL_GetTick)
    HAL_IncTick                              0x080016dd   Thumb Code    12  stm32f4xx_hal.o(i.HAL_IncTick)
    HAL_Init                                 0x080016ed   Thumb Code    48  stm32f4xx_hal.o(i.HAL_Init)
    HAL_InitTick                             0x08001721   Thumb Code    54  stm32f4xx_hal.o(i.HAL_InitTick)
    HAL_MspInit                              0x08001761   Thumb Code    42  stm32f4xx_hal_msp.o(i.HAL_MspInit)
    HAL_NVIC_EnableIRQ                       0x08001791   Thumb Code    26  stm32f4xx_hal_cortex.o(i.HAL_NVIC_EnableIRQ)
    HAL_NVIC_SetPriority                     0x080017ad   Thumb Code    60  stm32f4xx_hal_cortex.o(i.HAL_NVIC_SetPriority)
    HAL_NVIC_SetPriorityGrouping             0x080017ed   Thumb Code    26  stm32f4xx_hal_cortex.o(i.HAL_NVIC_SetPriorityGrouping)
    HAL_PCDEx_LPM_Callback                   0x08001811   Thumb Code     2  stm32f4xx_hal_pcd_ex.o(i.HAL_PCDEx_LPM_Callback)
    HAL_PCDEx_SetRxFiFo                      0x08001813   Thumb Code     8  stm32f4xx_hal_pcd_ex.o(i.HAL_PCDEx_SetRxFiFo)
    HAL_PCDEx_SetTxFiFo                      0x0800181b   Thumb Code    68  stm32f4xx_hal_pcd_ex.o(i.HAL_PCDEx_SetTxFiFo)
    HAL_PCD_ConnectCallback                  0x0800185f   Thumb Code     8  usbd_conf.o(i.HAL_PCD_ConnectCallback)
    HAL_PCD_DataInStageCallback              0x08001867   Thumb Code    18  usbd_conf.o(i.HAL_PCD_DataInStageCallback)
    HAL_PCD_DataOutStageCallback             0x08001879   Thumb Code    20  usbd_conf.o(i.HAL_PCD_DataOutStageCallback)
    HAL_PCD_DisconnectCallback               0x0800188d   Thumb Code     8  usbd_conf.o(i.HAL_PCD_DisconnectCallback)
    HAL_PCD_EP_Abort                         0x08001895   Thumb Code    30  stm32f4xx_hal_pcd.o(i.HAL_PCD_EP_Abort)
    HAL_PCD_EP_Close                         0x080018b3   Thumb Code    74  stm32f4xx_hal_pcd.o(i.HAL_PCD_EP_Close)
    HAL_PCD_EP_ClrStall                      0x080018fd   Thumb Code    90  stm32f4xx_hal_pcd.o(i.HAL_PCD_EP_ClrStall)
    HAL_PCD_EP_GetRxCount                    0x08001957   Thumb Code    18  stm32f4xx_hal_pcd.o(i.HAL_PCD_EP_GetRxCount)
    HAL_PCD_EP_Open                          0x08001969   Thumb Code    98  stm32f4xx_hal_pcd.o(i.HAL_PCD_EP_Open)
    HAL_PCD_EP_Receive                       0x080019cb   Thumb Code    56  stm32f4xx_hal_pcd.o(i.HAL_PCD_EP_Receive)
    HAL_PCD_EP_SetStall                      0x08001a03   Thumb Code   114  stm32f4xx_hal_pcd.o(i.HAL_PCD_EP_SetStall)
    HAL_PCD_EP_Transmit                      0x08001a75   Thumb Code    50  stm32f4xx_hal_pcd.o(i.HAL_PCD_EP_Transmit)
    HAL_PCD_IRQHandler                       0x08001aa9   Thumb Code  1372  stm32f4xx_hal_pcd.o(i.HAL_PCD_IRQHandler)
    HAL_PCD_ISOINIncompleteCallback          0x08002005   Thumb Code     8  usbd_conf.o(i.HAL_PCD_ISOINIncompleteCallback)
    HAL_PCD_ISOOUTIncompleteCallback         0x0800200d   Thumb Code     8  usbd_conf.o(i.HAL_PCD_ISOOUTIncompleteCallback)
    HAL_PCD_Init                             0x08002015   Thumb Code   204  stm32f4xx_hal_pcd.o(i.HAL_PCD_Init)
    HAL_PCD_MspInit                          0x080020e1   Thumb Code   122  usbd_conf.o(i.HAL_PCD_MspInit)
    HAL_PCD_ResetCallback                    0x08002165   Thumb Code    44  usbd_conf.o(i.HAL_PCD_ResetCallback)
    HAL_PCD_ResumeCallback                   0x08002191   Thumb Code     8  usbd_conf.o(i.HAL_PCD_ResumeCallback)
    HAL_PCD_SOFCallback                      0x08002199   Thumb Code     8  usbd_conf.o(i.HAL_PCD_SOFCallback)
    HAL_PCD_SetAddress                       0x080021a1   Thumb Code    38  stm32f4xx_hal_pcd.o(i.HAL_PCD_SetAddress)
    HAL_PCD_SetupStageCallback               0x080021c7   Thumb Code    14  usbd_conf.o(i.HAL_PCD_SetupStageCallback)
    HAL_PCD_Start                            0x080021d5   Thumb Code    66  stm32f4xx_hal_pcd.o(i.HAL_PCD_Start)
    HAL_PCD_SuspendCallback                  0x08002219   Thumb Code    44  usbd_conf.o(i.HAL_PCD_SuspendCallback)
    HAL_RCC_ClockConfig                      0x08002249   Thumb Code   288  stm32f4xx_hal_rcc.o(i.HAL_RCC_ClockConfig)
    HAL_RCC_GetHCLKFreq                      0x0800237d   Thumb Code     6  stm32f4xx_hal_rcc.o(i.HAL_RCC_GetHCLKFreq)
    HAL_RCC_GetSysClockFreq                  0x08002389   Thumb Code    88  stm32f4xx_hal_rcc.o(i.HAL_RCC_GetSysClockFreq)
    HAL_RCC_OscConfig                        0x080023e9   Thumb Code   856  stm32f4xx_hal_rcc.o(i.HAL_RCC_OscConfig)
    HAL_SPI_ErrorCallback                    0x08002755   Thumb Code     2  stm32f4xx_hal_spi.o(i.HAL_SPI_ErrorCallback)
    HAL_SPI_IRQHandler                       0x08002759   Thumb Code   246  stm32f4xx_hal_spi.o(i.HAL_SPI_IRQHandler)
    HAL_SPI_Init                             0x08002855   Thumb Code   188  stm32f4xx_hal_spi.o(i.HAL_SPI_Init)
    HAL_SPI_MspInit                          0x08002911   Thumb Code   274  spi.o(i.HAL_SPI_MspInit)
    HAL_SPI_RxCpltCallback                   0x08002a41   Thumb Code     2  stm32f4xx_hal_spi.o(i.HAL_SPI_RxCpltCallback)
    HAL_SPI_RxHalfCpltCallback               0x08002a43   Thumb Code     2  stm32f4xx_hal_spi.o(i.HAL_SPI_RxHalfCpltCallback)
    HAL_SPI_TransmitReceive_DMA              0x08002a45   Thumb Code   252  stm32f4xx_hal_spi.o(i.HAL_SPI_TransmitReceive_DMA)
    HAL_SPI_TxRxCpltCallback                 0x08002b55   Thumb Code    14  main.o(i.HAL_SPI_TxRxCpltCallback)
    HAL_SPI_TxRxHalfCpltCallback             0x08002b69   Thumb Code     2  stm32f4xx_hal_spi.o(i.HAL_SPI_TxRxHalfCpltCallback)
    HAL_SYSTICK_Config                       0x08002b6b   Thumb Code    40  stm32f4xx_hal_cortex.o(i.HAL_SYSTICK_Config)
    HAL_TIMEx_BreakCallback                  0x08002b93   Thumb Code     2  stm32f4xx_hal_tim_ex.o(i.HAL_TIMEx_BreakCallback)
    HAL_TIMEx_CommutCallback                 0x08002b95   Thumb Code     2  stm32f4xx_hal_tim_ex.o(i.HAL_TIMEx_CommutCallback)
    HAL_TIMEx_ConfigBreakDeadTime            0x08002b97   Thumb Code    84  stm32f4xx_hal_tim_ex.o(i.HAL_TIMEx_ConfigBreakDeadTime)
    HAL_TIMEx_MasterConfigSynchronization    0x08002bed   Thumb Code   116  stm32f4xx_hal_tim_ex.o(i.HAL_TIMEx_MasterConfigSynchronization)
    HAL_TIMEx_PWMN_Start                     0x08002c7d   Thumb Code   164  stm32f4xx_hal_tim_ex.o(i.HAL_TIMEx_PWMN_Start)
    HAL_TIM_Base_Init                        0x08002d3d   Thumb Code    90  stm32f4xx_hal_tim.o(i.HAL_TIM_Base_Init)
    HAL_TIM_Base_MspInit                     0x08002d99   Thumb Code    72  tim.o(i.HAL_TIM_Base_MspInit)
    HAL_TIM_ConfigClockSource                0x08002ded   Thumb Code   220  stm32f4xx_hal_tim.o(i.HAL_TIM_ConfigClockSource)
    HAL_TIM_IC_CaptureCallback               0x08002ec9   Thumb Code     2  stm32f4xx_hal_tim.o(i.HAL_TIM_IC_CaptureCallback)
    HAL_TIM_IRQHandler                       0x08002ecb   Thumb Code   304  stm32f4xx_hal_tim.o(i.HAL_TIM_IRQHandler)
    HAL_TIM_MspPostInit                      0x08002ffd   Thumb Code   112  tim.o(i.HAL_TIM_MspPostInit)
    HAL_TIM_OC_DelayElapsedCallback          0x0800307d   Thumb Code     2  stm32f4xx_hal_tim.o(i.HAL_TIM_OC_DelayElapsedCallback)
    HAL_TIM_PWM_ConfigChannel                0x0800307f   Thumb Code   204  stm32f4xx_hal_tim.o(i.HAL_TIM_PWM_ConfigChannel)
    HAL_TIM_PWM_Init                         0x0800314b   Thumb Code    90  stm32f4xx_hal_tim.o(i.HAL_TIM_PWM_Init)
    HAL_TIM_PWM_MspInit                      0x080031a5   Thumb Code     2  stm32f4xx_hal_tim.o(i.HAL_TIM_PWM_MspInit)
    HAL_TIM_PWM_PulseFinishedCallback        0x080031a7   Thumb Code     2  stm32f4xx_hal_tim.o(i.HAL_TIM_PWM_PulseFinishedCallback)
    HAL_TIM_PWM_Start                        0x080031a9   Thumb Code   172  stm32f4xx_hal_tim.o(i.HAL_TIM_PWM_Start)
    HAL_TIM_PeriodElapsedCallback            0x08003271   Thumb Code     2  stm32f4xx_hal_tim.o(i.HAL_TIM_PeriodElapsedCallback)
    HAL_TIM_TriggerCallback                  0x08003273   Thumb Code     2  stm32f4xx_hal_tim.o(i.HAL_TIM_TriggerCallback)
    HardFault_Handler                        0x08003275   Thumb Code     2  stm32f4xx_it.o(i.HardFault_Handler)
    MX_ADC1_Init                             0x080032b1   Thumb Code   314  adc.o(i.MX_ADC1_Init)
    MX_DMA_Init                              0x080033f5   Thumb Code    72  dma.o(i.MX_DMA_Init)
    MX_GPIO_Init                             0x08003441   Thumb Code   238  gpio.o(i.MX_GPIO_Init)
    MX_SPI1_Init                             0x08003545   Thumb Code    66  spi.o(i.MX_SPI1_Init)
    MX_SPI3_Init                             0x08003591   Thumb Code    60  spi.o(i.MX_SPI3_Init)
    MX_TIM10_Init                            0x080035d5   Thumb Code    46  tim.o(i.MX_TIM10_Init)
    MX_TIM1_Init                             0x0800360d   Thumb Code   260  tim.o(i.MX_TIM1_Init)
    MX_USB_DEVICE_Init                       0x08003719   Thumb Code    66  usb_device.o(i.MX_USB_DEVICE_Init)
    MemManage_Handler                        0x0800376d   Thumb Code     2  stm32f4xx_it.o(i.MemManage_Handler)
    NMI_Handler                              0x0800376f   Thumb Code     2  stm32f4xx_it.o(i.NMI_Handler)
    OTG_FS_IRQHandler                        0x08003771   Thumb Code     6  stm32f4xx_it.o(i.OTG_FS_IRQHandler)
    PendSV_Handler                           0x080038eb   Thumb Code     2  stm32f4xx_it.o(i.PendSV_Handler)
    Pos_Loop_Init                            0x080038ed   Thumb Code    38  position_loop.o(i.Pos_Loop_Init)
    Pos_PID_Calc                             0x0800391d   Thumb Code    58  position_loop.o(i.Pos_PID_Calc)
    Pos_Update_Sensor                        0x08003959   Thumb Code    68  position_loop.o(i.Pos_Update_Sensor)
    SPI1_IRQHandler                          0x080039a9   Thumb Code     6  stm32f4xx_it.o(i.SPI1_IRQHandler)
    SVC_Handler                              0x08003c45   Thumb Code     2  stm32f4xx_it.o(i.SVC_Handler)
    Speed_Calc                               0x08003c51   Thumb Code   100  speed_loop.o(i.Speed_Calc)
    Speed_Loop_Init                          0x08003cd1   Thumb Code    48  speed_loop.o(i.Speed_Loop_Init)
    Speed_PID_Calc                           0x08003d11   Thumb Code   118  speed_loop.o(i.Speed_PID_Calc)
    SysTick_Handler                          0x08003d8d   Thumb Code     4  stm32f4xx_it.o(i.SysTick_Handler)
    SystemClock_Config                       0x08003d91   Thumb Code   140  main.o(i.SystemClock_Config)
    SystemInit                               0x08003e25   Thumb Code    12  system_stm32f4xx.o(i.SystemInit)
    TIM1_UP_TIM10_IRQHandler                 0x08003e35   Thumb Code    18  stm32f4xx_it.o(i.TIM1_UP_TIM10_IRQHandler)
    TIM_Base_SetConfig                       0x08003e51   Thumb Code   164  stm32f4xx_hal_tim.o(i.TIM_Base_SetConfig)
    TIM_CCxChannelCmd                        0x08003f21   Thumb Code    26  stm32f4xx_hal_tim.o(i.TIM_CCxChannelCmd)
    TIM_ETR_SetConfig                        0x08003f55   Thumb Code    20  stm32f4xx_hal_tim.o(i.TIM_ETR_SetConfig)
    TIM_OC2_SetConfig                        0x08003fd9   Thumb Code    98  stm32f4xx_hal_tim.o(i.TIM_OC2_SetConfig)
    USBD_CDC_GetDeviceQualifierDescriptor    0x080042c1   Thumb Code     8  usbd_cdc.o(i.USBD_CDC_GetDeviceQualifierDescriptor)
    USBD_CDC_ReceivePacket                   0x080044a5   Thumb Code    50  usbd_cdc.o(i.USBD_CDC_ReceivePacket)
    USBD_CDC_RegisterInterface               0x080044dd   Thumb Code    22  usbd_cdc.o(i.USBD_CDC_RegisterInterface)
    USBD_CDC_SetRxBuffer                     0x080044f3   Thumb Code    26  usbd_cdc.o(i.USBD_CDC_SetRxBuffer)
    USBD_CDC_SetTxBuffer                     0x0800450d   Thumb Code    30  usbd_cdc.o(i.USBD_CDC_SetTxBuffer)
    USBD_CDC_TransmitPacket                  0x08004601   Thumb Code    76  usbd_cdc.o(i.USBD_CDC_TransmitPacket)
    USBD_ClrClassConfig                      0x08004651   Thumb Code    20  usbd_core.o(i.USBD_ClrClassConfig)
    USBD_CoreFindEP                          0x08004665   Thumb Code     4  usbd_core.o(i.USBD_CoreFindEP)
    USBD_CoreFindIF                          0x08004669   Thumb Code     4  usbd_core.o(i.USBD_CoreFindIF)
    USBD_CtlContinueRx                       0x0800466d   Thumb Code    16  usbd_ioreq.o(i.USBD_CtlContinueRx)
    USBD_CtlContinueSendData                 0x0800467d   Thumb Code    16  usbd_ioreq.o(i.USBD_CtlContinueSendData)
    USBD_CtlError                            0x0800468d   Thumb Code    22  usbd_ctlreq.o(i.USBD_CtlError)
    USBD_CtlPrepareRx                        0x080046a3   Thumb Code    34  usbd_ioreq.o(i.USBD_CtlPrepareRx)
    USBD_CtlReceiveStatus                    0x080046c5   Thumb Code    22  usbd_ioreq.o(i.USBD_CtlReceiveStatus)
    USBD_CtlSendData                         0x080046db   Thumb Code    28  usbd_ioreq.o(i.USBD_CtlSendData)
    USBD_CtlSendStatus                       0x080046f7   Thumb Code    22  usbd_ioreq.o(i.USBD_CtlSendStatus)
    USBD_FS_ConfigStrDescriptor              0x0800470d   Thumb Code    16  usbd_desc.o(i.USBD_FS_ConfigStrDescriptor)
    USBD_FS_DeviceDescriptor                 0x0800472d   Thumb Code     8  usbd_desc.o(i.USBD_FS_DeviceDescriptor)
    USBD_FS_InterfaceStrDescriptor           0x08004739   Thumb Code    16  usbd_desc.o(i.USBD_FS_InterfaceStrDescriptor)
    USBD_FS_LangIDStrDescriptor              0x0800475d   Thumb Code     8  usbd_desc.o(i.USBD_FS_LangIDStrDescriptor)
    USBD_FS_ManufacturerStrDescriptor        0x08004769   Thumb Code    16  usbd_desc.o(i.USBD_FS_ManufacturerStrDescriptor)
    USBD_FS_ProductStrDescriptor             0x08004791   Thumb Code    16  usbd_desc.o(i.USBD_FS_ProductStrDescriptor)
    USBD_FS_SerialStrDescriptor              0x080047bd   Thumb Code    48  usbd_desc.o(i.USBD_FS_SerialStrDescriptor)
    USBD_GetEpDesc                           0x080048db   Thumb Code    58  usbd_core.o(i.USBD_GetEpDesc)
    USBD_GetNextDesc                         0x08004929   Thumb Code    14  usbd_core.o(i.USBD_GetNextDesc)
    USBD_GetString                           0x08004937   Thumb Code    78  usbd_ctlreq.o(i.USBD_GetString)
    USBD_Get_USB_Status                      0x08004985   Thumb Code    24  usbd_conf.o(i.USBD_Get_USB_Status)
    USBD_Init                                0x0800499d   Thumb Code    38  usbd_core.o(i.USBD_Init)
    USBD_LL_ClearStallEP                     0x080049c3   Thumb Code    18  usbd_conf.o(i.USBD_LL_ClearStallEP)
    USBD_LL_CloseEP                          0x080049d5   Thumb Code    18  usbd_conf.o(i.USBD_LL_CloseEP)
    USBD_LL_DataInStage                      0x080049e7   Thumb Code   184  usbd_core.o(i.USBD_LL_DataInStage)
    USBD_LL_DataOutStage                     0x08004a9f   Thumb Code   148  usbd_core.o(i.USBD_LL_DataOutStage)
    USBD_LL_DevConnected                     0x08004b33   Thumb Code     4  usbd_core.o(i.USBD_LL_DevConnected)
    USBD_LL_DevDisconnected                  0x08004b37   Thumb Code    30  usbd_core.o(i.USBD_LL_DevDisconnected)
    USBD_LL_GetRxDataSize                    0x08004b55   Thumb Code     8  usbd_conf.o(i.USBD_LL_GetRxDataSize)
    USBD_LL_Init                             0x08004b5d   Thumb Code    90  usbd_conf.o(i.USBD_LL_Init)
    USBD_LL_IsStallEP                        0x08004bbd   Thumb Code    30  usbd_conf.o(i.USBD_LL_IsStallEP)
    USBD_LL_IsoINIncomplete                  0x08004bdb   Thumb Code    40  usbd_core.o(i.USBD_LL_IsoINIncomplete)
    USBD_LL_IsoOUTIncomplete                 0x08004c03   Thumb Code    40  usbd_core.o(i.USBD_LL_IsoOUTIncomplete)
    USBD_LL_OpenEP                           0x08004c2b   Thumb Code    24  usbd_conf.o(i.USBD_LL_OpenEP)
    USBD_LL_PrepareReceive                   0x08004c43   Thumb Code    18  usbd_conf.o(i.USBD_LL_PrepareReceive)
    USBD_LL_Reset                            0x08004c55   Thumb Code    94  usbd_core.o(i.USBD_LL_Reset)
    USBD_LL_Resume                           0x08004cb3   Thumb Code    20  usbd_core.o(i.USBD_LL_Resume)
    USBD_LL_SOF                              0x08004cc7   Thumb Code    26  usbd_core.o(i.USBD_LL_SOF)
    USBD_LL_SetSpeed                         0x08004ce1   Thumb Code     6  usbd_core.o(i.USBD_LL_SetSpeed)
    USBD_LL_SetUSBAddress                    0x08004ce7   Thumb Code    18  usbd_conf.o(i.USBD_LL_SetUSBAddress)
    USBD_LL_SetupStage                       0x08004cf9   Thumb Code    96  usbd_core.o(i.USBD_LL_SetupStage)
    USBD_LL_StallEP                          0x08004d59   Thumb Code    18  usbd_conf.o(i.USBD_LL_StallEP)
    USBD_LL_Start                            0x08004d6b   Thumb Code    18  usbd_conf.o(i.USBD_LL_Start)
    USBD_LL_Suspend                          0x08004d7d   Thumb Code    26  usbd_core.o(i.USBD_LL_Suspend)
    USBD_LL_Transmit                         0x08004d97   Thumb Code    18  usbd_conf.o(i.USBD_LL_Transmit)
    USBD_ParseSetupRequest                   0x08004da9   Thumb Code    44  usbd_ctlreq.o(i.USBD_ParseSetupRequest)
    USBD_RegisterClass                       0x08004dd5   Thumb Code    58  usbd_core.o(i.USBD_RegisterClass)
    USBD_SetClassConfig                      0x08004e0f   Thumb Code    20  usbd_core.o(i.USBD_SetClassConfig)
    USBD_Start                               0x08004edd   Thumb Code     4  usbd_core.o(i.USBD_Start)
    USBD_StdDevReq                           0x08004ee1   Thumb Code   300  usbd_ctlreq.o(i.USBD_StdDevReq)
    USBD_StdEPReq                            0x0800500d   Thumb Code   358  usbd_ctlreq.o(i.USBD_StdEPReq)
    USBD_StdItfReq                           0x08005173   Thumb Code   114  usbd_ctlreq.o(i.USBD_StdItfReq)
    USBD_static_free                         0x080051e5   Thumb Code     2  usbd_conf.o(i.USBD_static_free)
    USBD_static_malloc                       0x080051e9   Thumb Code     4  usbd_conf.o(i.USBD_static_malloc)
    USB_ActivateEndpoint                     0x080051f1   Thumb Code   122  stm32f4xx_ll_usb.o(i.USB_ActivateEndpoint)
    USB_ActivateSetup                        0x08005271   Thumb Code    28  stm32f4xx_ll_usb.o(i.USB_ActivateSetup)
    USB_CoreInit                             0x0800528d   Thumb Code   126  stm32f4xx_ll_usb.o(i.USB_CoreInit)
    USB_DeactivateEndpoint                   0x08005355   Thumb Code   194  stm32f4xx_ll_usb.o(i.USB_DeactivateEndpoint)
    USB_DevConnect                           0x08005421   Thumb Code    28  stm32f4xx_ll_usb.o(i.USB_DevConnect)
    USB_DevDisconnect                        0x0800543d   Thumb Code    28  stm32f4xx_ll_usb.o(i.USB_DevDisconnect)
    USB_DevInit                              0x08005459   Thumb Code   370  stm32f4xx_ll_usb.o(i.USB_DevInit)
    USB_DisableGlobalInt                     0x080055d5   Thumb Code    12  stm32f4xx_ll_usb.o(i.USB_DisableGlobalInt)
    USB_EP0_OutStart                         0x080055e1   Thumb Code    84  stm32f4xx_ll_usb.o(i.USB_EP0_OutStart)
    USB_EPClearStall                         0x08005639   Thumb Code    88  stm32f4xx_ll_usb.o(i.USB_EPClearStall)
    USB_EPSetStall                           0x08005691   Thumb Code    88  stm32f4xx_ll_usb.o(i.USB_EPSetStall)
    USB_EPStartXfer                          0x080056e9   Thumb Code   562  stm32f4xx_ll_usb.o(i.USB_EPStartXfer)
    USB_EPStopXfer                           0x08005921   Thumb Code   158  stm32f4xx_ll_usb.o(i.USB_EPStopXfer)
    USB_EnableGlobalInt                      0x080059bf   Thumb Code    12  stm32f4xx_ll_usb.o(i.USB_EnableGlobalInt)
    USB_FlushRxFifo                          0x080059cb   Thumb Code    56  stm32f4xx_ll_usb.o(i.USB_FlushRxFifo)
    USB_FlushTxFifo                          0x08005a03   Thumb Code    60  stm32f4xx_ll_usb.o(i.USB_FlushTxFifo)
    USB_GetDevSpeed                          0x08005a3f   Thumb Code    26  stm32f4xx_ll_usb.o(i.USB_GetDevSpeed)
    USB_GetMode                              0x08005a59   Thumb Code     8  stm32f4xx_ll_usb.o(i.USB_GetMode)
    USB_ReadDevAllInEpInterrupt              0x08005a61   Thumb Code    14  stm32f4xx_ll_usb.o(i.USB_ReadDevAllInEpInterrupt)
    USB_ReadDevAllOutEpInterrupt             0x08005a6f   Thumb Code    14  stm32f4xx_ll_usb.o(i.USB_ReadDevAllOutEpInterrupt)
    USB_ReadDevInEPInterrupt                 0x08005a7d   Thumb Code    36  stm32f4xx_ll_usb.o(i.USB_ReadDevInEPInterrupt)
    USB_ReadDevOutEPInterrupt                0x08005aa1   Thumb Code    16  stm32f4xx_ll_usb.o(i.USB_ReadDevOutEPInterrupt)
    USB_ReadInterrupts                       0x08005ab1   Thumb Code     8  stm32f4xx_ll_usb.o(i.USB_ReadInterrupts)
    USB_ReadPacket                           0x08005ab9   Thumb Code    62  stm32f4xx_ll_usb.o(i.USB_ReadPacket)
    USB_SetCurrentMode                       0x08005af7   Thumb Code    92  stm32f4xx_ll_usb.o(i.USB_SetCurrentMode)
    USB_SetDevAddress                        0x08005b53   Thumb Code    34  stm32f4xx_ll_usb.o(i.USB_SetDevAddress)
    USB_SetTurnaroundTime                    0x08005b75   Thumb Code   158  stm32f4xx_ll_usb.o(i.USB_SetTurnaroundTime)
    USB_WritePacket                          0x08005c5d   Thumb Code    40  stm32f4xx_ll_usb.o(i.USB_WritePacket)
    UsageFault_Handler                       0x08005c85   Thumb Code     2  stm32f4xx_it.o(i.UsageFault_Handler)
    VCP_SendData                             0x08005c89   Thumb Code    46  usb_vcp.o(i.VCP_SendData)
    VOFA_Send_JustFloat                      0x08005cbd   Thumb Code    20  vofa.o(i.VOFA_Send_JustFloat)
    __hardfp_fmodf                           0x08005cf5   Thumb Code   176  fmodf.o(i.__hardfp_fmodf)
    __mathlib_flt_invalid                    0x08005da5   Thumb Code    10  funder.o(i.__mathlib_flt_invalid)
    as5047_data_process                      0x08005de1   Thumb Code    84  as5047p.o(i.as5047_data_process)
    as5047p_read_dma_start                   0x08005e45   Thumb Code    28  as5047p.o(i.as5047p_read_dma_start)
    clarke_calc                              0x08005e6d   Thumb Code    34  foc_math.o(i.clarke_calc)
    current_calc                             0x08005e95   Thumb Code   120  current_loop.o(i.current_calc)
    current_pi_init                          0x08005f0d   Thumb Code    74  current_loop.o(i.current_pi_init)
    ipark_calc                               0x08005f69   Thumb Code    70  foc_math.o(i.ipark_calc)
    main                                     0x08005fb1   Thumb Code   188  main.o(i.main)
    park_calc                                0x08006089   Thumb Code    70  foc_math.o(i.park_calc)
    pwm_update                               0x080060d1   Thumb Code    16  svpwm.o(i.pwm_update)
    svpwm_calc                               0x080060e5   Thumb Code   438  svpwm.o(i.svpwm_calc)
    __fpl_fnaninf                            0x080062ad   Thumb Code   140  fnaninf.o(x$fpl$fnaninf)
    _fp_init                                 0x08006339   Thumb Code    10  fpinit.o(x$fpl$fpinit)
    __fplib_config_fpu_vfp                   0x08006341   Thumb Code     0  fpinit.o(x$fpl$fpinit)
    __fplib_config_pureend_doubles           0x08006341   Thumb Code     0  fpinit.o(x$fpl$fpinit)
    _frem                                    0x08006345   Thumb Code   240  frem_clz.o(x$fpl$frem)
    AHBPrescTable                            0x08006438   Data          16  system_stm32f4xx.o(.constdata)
    __I$use$fp                               0x08006438   Number         0  usenofp.o(x$fpl$usenofp)
    VOFA_TAIL                                0x08006448   Data           4  vofa.o(.constdata)
    sinTable_f32                             0x08006454   Data        2052  arm_common_tables.o(.rodata.sinTable_f32)
    Region$$Table$$Base                      0x08006c58   Number         0  anon$$obj.o(Region$$Table)
    Region$$Table$$Limit                     0x08006c78   Number         0  anon$$obj.o(Region$$Table)
    FS_Desc                                  0x20000000   Data          28  usbd_desc.o(.data)
    USBD_LangIDDesc                          0x2000001c   Data           4  usbd_desc.o(.data)
    USBD_FS_DeviceDesc                       0x20000020   Data          18  usbd_desc.o(.data)
    USBD_StringSerial                        0x20000034   Data          26  usbd_desc.o(.data)
    USBD_Interface_fops_FS                   0x20000050   Data          20  usbd_cdc_if.o(.data)
    SystemCoreClock                          0x20000064   Data           4  system_stm32f4xx.o(.data)
    tx_buffer                                0x20000068   Data           2  as5047p.o(.data)
    rx_buffer                                0x2000006a   Data           2  as5047p.o(.data)
    angle_raw                                0x2000006c   Data           2  as5047p.o(.data)
    direction_flag                           0x20000070   Data           4  as5047p.o(.data)
    elec_theta                               0x20000074   Data           4  as5047p.o(.data)
    mech_theta                               0x20000078   Data           4  as5047p.o(.data)
    ICalibrate_flag                          0x2000007c   Data           1  interrupt.o(.data)
    offset_Iu                                0x20000080   Data           4  interrupt.o(.data)
    offset_Iv                                0x20000084   Data           4  interrupt.o(.data)
    offset_Iw                                0x20000088   Data           4  interrupt.o(.data)
    test_cnt                                 0x2000008c   Data           4  interrupt.o(.data)
    Iu                                       0x200000a0   Data           4  interrupt.o(.data)
    Iv                                       0x200000a4   Data           4  interrupt.o(.data)
    Iw                                       0x200000a8   Data           4  interrupt.o(.data)
    speed_filter_const                       0x200000ac   Data           4  speed_loop.o(.data)
    uwTickFreq                               0x200000b4   Data           1  stm32f4xx_hal.o(.data)
    uwTickPrio                               0x200000b8   Data           4  stm32f4xx_hal.o(.data)
    uwTick                                   0x200000bc   Data           4  stm32f4xx_hal.o(.data)
    USBD_CDC                                 0x20000118   Data          56  usbd_cdc.o(.data)
    hadc1                                    0x20000150   Data          72  adc.o(.bss)
    hdma_adc1                                0x20000198   Data          96  adc.o(.bss)
    hspi1                                    0x200001f8   Data          88  spi.o(.bss)
    hspi3                                    0x20000250   Data          88  spi.o(.bss)
    hdma_spi1_rx                             0x200002a8   Data          96  spi.o(.bss)
    hdma_spi1_tx                             0x20000308   Data          96  spi.o(.bss)
    htim1                                    0x20000368   Data          72  tim.o(.bss)
    htim10                                   0x200003b0   Data          72  tim.o(.bss)
    hUsbDeviceFS                             0x200003f8   Data         732  usb_device.o(.bss)
    USBD_StrDesc                             0x200006d4   Data         512  usbd_desc.o(.bss)
    UserRxBufferFS                           0x200008d4   Data        2048  usbd_cdc_if.o(.bss)
    UserTxBufferFS                           0x200010d4   Data        2048  usbd_cdc_if.o(.bss)
    hpcd_USB_OTG_FS                          0x20001af4   Data        1252  usbd_conf.o(.bss)
    ipark1_t                                 0x20001fd8   Data          20  foc_math.o(.bss)
    clarke1_t                                0x20001fec   Data          20  foc_math.o(.bss)
    park1_t                                  0x20002000   Data          20  foc_math.o(.bss)
    svpwm1_t                                 0x20002014   Data          32  svpwm.o(.bss)
    vofa_data                                0x20002034   Data         120  vofa.o(.bss)
    pid_id                                   0x200020ac   Data          32  current_loop.o(.bss)
    pid_iq                                   0x200020cc   Data          32  current_loop.o(.bss)
    pid_spd                                  0x200020ec   Data          36  speed_loop.o(.bss)
    pid_pos                                  0x20002110   Data          24  position_loop.o(.bss)
    __libspace_start                         0x20002128   Data          96  libspace.o(.bss)
    __temporary_stack_top$libspace           0x20002188   Data           0  libspace.o(.bss)



==============================================================================

Memory Map of the image

  Image Entry point : 0x08000189

  Load Region LR_IROM1 (Base: 0x08000000, Size: 0x00006dc8, Max: 0x00100000, ABSOLUTE, COMPRESSED[0x00006d40])

    Execution Region ER_IROM1 (Exec base: 0x08000000, Load base: 0x08000000, Size: 0x00006c78, Max: 0x00100000, ABSOLUTE)

    Exec Addr    Load Addr    Size         Type   Attr      Idx    E Section Name        Object

    0x08000000   0x08000000   0x00000188   Data   RO            3    RESET               startup_stm32f405xx.o
    0x08000188   0x08000188   0x00000008   Code   RO         5290  * !!!main             c_w.l(__main.o)
    0x08000190   0x08000190   0x00000034   Code   RO         5664    !!!scatter          c_w.l(__scatter.o)
    0x080001c4   0x080001c4   0x0000005a   Code   RO         5662    !!dczerorl2         c_w.l(__dczerorl2.o)
    0x0800021e   0x0800021e   0x00000002   PAD
    0x08000220   0x08000220   0x0000001c   Code   RO         5666    !!handler_zi        c_w.l(__scatter_zi.o)
    0x0800023c   0x0800023c   0x00000002   Code   RO         5524    .ARM.Collect$$libinit$$00000000  c_w.l(libinit.o)
    0x0800023e   0x0800023e   0x00000004   Code   RO         5542    .ARM.Collect$$libinit$$00000001  c_w.l(libinit2.o)
    0x08000242   0x08000242   0x00000000   Code   RO         5545    .ARM.Collect$$libinit$$00000004  c_w.l(libinit2.o)
    0x08000242   0x08000242   0x00000000   Code   RO         5548    .ARM.Collect$$libinit$$0000000A  c_w.l(libinit2.o)
    0x08000242   0x08000242   0x00000000   Code   RO         5550    .ARM.Collect$$libinit$$0000000C  c_w.l(libinit2.o)
    0x08000242   0x08000242   0x00000000   Code   RO         5552    .ARM.Collect$$libinit$$0000000E  c_w.l(libinit2.o)
    0x08000242   0x08000242   0x00000000   Code   RO         5555    .ARM.Collect$$libinit$$00000011  c_w.l(libinit2.o)
    0x08000242   0x08000242   0x00000000   Code   RO         5557    .ARM.Collect$$libinit$$00000013  c_w.l(libinit2.o)
    0x08000242   0x08000242   0x00000000   Code   RO         5559    .ARM.Collect$$libinit$$00000015  c_w.l(libinit2.o)
    0x08000242   0x08000242   0x00000000   Code   RO         5561    .ARM.Collect$$libinit$$00000017  c_w.l(libinit2.o)
    0x08000242   0x08000242   0x00000000   Code   RO         5563    .ARM.Collect$$libinit$$00000019  c_w.l(libinit2.o)
    0x08000242   0x08000242   0x00000000   Code   RO         5565    .ARM.Collect$$libinit$$0000001B  c_w.l(libinit2.o)
    0x08000242   0x08000242   0x00000000   Code   RO         5567    .ARM.Collect$$libinit$$0000001D  c_w.l(libinit2.o)
    0x08000242   0x08000242   0x00000000   Code   RO         5569    .ARM.Collect$$libinit$$0000001F  c_w.l(libinit2.o)
    0x08000242   0x08000242   0x00000000   Code   RO         5571    .ARM.Collect$$libinit$$00000021  c_w.l(libinit2.o)
    0x08000242   0x08000242   0x00000000   Code   RO         5573    .ARM.Collect$$libinit$$00000023  c_w.l(libinit2.o)
    0x08000242   0x08000242   0x00000000   Code   RO         5575    .ARM.Collect$$libinit$$00000025  c_w.l(libinit2.o)
    0x08000242   0x08000242   0x00000000   Code   RO         5579    .ARM.Collect$$libinit$$0000002C  c_w.l(libinit2.o)
    0x08000242   0x08000242   0x00000000   Code   RO         5581    .ARM.Collect$$libinit$$0000002E  c_w.l(libinit2.o)
    0x08000242   0x08000242   0x00000000   Code   RO         5583    .ARM.Collect$$libinit$$00000030  c_w.l(libinit2.o)
    0x08000242   0x08000242   0x00000000   Code   RO         5585    .ARM.Collect$$libinit$$00000032  c_w.l(libinit2.o)
    0x08000242   0x08000242   0x00000002   Code   RO         5586    .ARM.Collect$$libinit$$00000033  c_w.l(libinit2.o)
    0x08000244   0x08000244   0x00000002   Code   RO         5617    .ARM.Collect$$libshutdown$$00000000  c_w.l(libshutdown.o)
    0x08000246   0x08000246   0x00000000   Code   RO         5643    .ARM.Collect$$libshutdown$$00000002  c_w.l(libshutdown2.o)
    0x08000246   0x08000246   0x00000000   Code   RO         5645    .ARM.Collect$$libshutdown$$00000004  c_w.l(libshutdown2.o)
    0x08000246   0x08000246   0x00000000   Code   RO         5647    .ARM.Collect$$libshutdown$$00000006  c_w.l(libshutdown2.o)
    0x08000246   0x08000246   0x00000000   Code   RO         5650    .ARM.Collect$$libshutdown$$00000009  c_w.l(libshutdown2.o)
    0x08000246   0x08000246   0x00000000   Code   RO         5653    .ARM.Collect$$libshutdown$$0000000C  c_w.l(libshutdown2.o)
    0x08000246   0x08000246   0x00000000   Code   RO         5655    .ARM.Collect$$libshutdown$$0000000E  c_w.l(libshutdown2.o)
    0x08000246   0x08000246   0x00000000   Code   RO         5658    .ARM.Collect$$libshutdown$$00000011  c_w.l(libshutdown2.o)
    0x08000246   0x08000246   0x00000002   Code   RO         5659    .ARM.Collect$$libshutdown$$00000012  c_w.l(libshutdown2.o)
    0x08000248   0x08000248   0x00000000   Code   RO         5304    .ARM.Collect$$rtentry$$00000000  c_w.l(__rtentry.o)
    0x08000248   0x08000248   0x00000000   Code   RO         5430    .ARM.Collect$$rtentry$$00000002  c_w.l(__rtentry2.o)
    0x08000248   0x08000248   0x00000006   Code   RO         5442    .ARM.Collect$$rtentry$$00000004  c_w.l(__rtentry4.o)
    0x0800024e   0x0800024e   0x00000000   Code   RO         5432    .ARM.Collect$$rtentry$$00000009  c_w.l(__rtentry2.o)
    0x0800024e   0x0800024e   0x00000004   Code   RO         5433    .ARM.Collect$$rtentry$$0000000A  c_w.l(__rtentry2.o)
    0x08000252   0x08000252   0x00000000   Code   RO         5435    .ARM.Collect$$rtentry$$0000000C  c_w.l(__rtentry2.o)
    0x08000252   0x08000252   0x00000008   Code   RO         5436    .ARM.Collect$$rtentry$$0000000D  c_w.l(__rtentry2.o)
    0x0800025a   0x0800025a   0x00000002   Code   RO         5529    .ARM.Collect$$rtexit$$00000000  c_w.l(rtexit.o)
    0x0800025c   0x0800025c   0x00000000   Code   RO         5590    .ARM.Collect$$rtexit$$00000002  c_w.l(rtexit2.o)
    0x0800025c   0x0800025c   0x00000004   Code   RO         5591    .ARM.Collect$$rtexit$$00000003  c_w.l(rtexit2.o)
    0x08000260   0x08000260   0x00000006   Code   RO         5592    .ARM.Collect$$rtexit$$00000004  c_w.l(rtexit2.o)
    0x08000266   0x08000266   0x00000002   PAD
    0x08000268   0x08000268   0x00000040   Code   RO            4    .text               startup_stm32f405xx.o
    0x080002a8   0x080002a8   0x000000ee   Code   RO         5282    .text               c_w.l(lludivv7m.o)
    0x08000396   0x08000396   0x0000004e   Code   RO         5286    .text               c_w.l(rt_memclr_w.o)
    0x080003e4   0x080003e4   0x00000006   Code   RO         5288    .text               c_w.l(heapauxi.o)
    0x080003ea   0x080003ea   0x00000016   Code   RO         5309    .text               c_w.l(_rserrno.o)
    0x08000400   0x08000400   0x00000008   Code   RO         5449    .text               c_w.l(rt_errno_addr_intlibspace.o)
    0x08000408   0x08000408   0x00000008   Code   RO         5471    .text               c_w.l(libspace.o)
    0x08000410   0x08000410   0x0000004a   Code   RO         5474    .text               c_w.l(sys_stackheap_outer.o)
    0x0800045a   0x0800045a   0x00000012   Code   RO         5513    .text               c_w.l(exit.o)
    0x0800046c   0x0800046c   0x0000000c   Code   RO         5587    .text               c_w.l(sys_exit.o)
    0x08000478   0x08000478   0x00000002   Code   RO         5606    .text               c_w.l(use_no_semi.o)
    0x0800047a   0x0800047a   0x00000000   Code   RO         5608    .text               c_w.l(indicate_semi.o)
    0x0800047a   0x0800047a   0x00000002   PAD
    0x0800047c   0x0800047c   0x00000098   Code   RO         5143    .text.arm_cos_f32   arm_cortexM4lf_math.lib(arm_cos_f32.o)
    0x08000514   0x08000514   0x00000090   Code   RO         5152    .text.arm_sin_f32   arm_cortexM4lf_math.lib(arm_sin_f32.o)
    0x080005a4   0x080005a4   0x0000000c   Code   RO          445    i.ADC_IRQHandler    stm32f4xx_it.o
    0x080005b0   0x080005b0   0x00000128   Code   RO         3172    i.ADC_Init          stm32f4xx_hal_adc.o
    0x080006d8   0x080006d8   0x00000002   Code   RO          446    i.BusFault_Handler  stm32f4xx_it.o
    0x080006da   0x080006da   0x00000004   Code   RO          704    i.CDC_Control_FS    usbd_cdc_if.o
    0x080006de   0x080006de   0x00000004   Code   RO          705    i.CDC_DeInit_FS     usbd_cdc_if.o
    0x080006e2   0x080006e2   0x00000002   PAD
    0x080006e4   0x080006e4   0x00000024   Code   RO          706    i.CDC_Init_FS       usbd_cdc_if.o
    0x08000708   0x08000708   0x00000024   Code   RO          707    i.CDC_Receive_FS    usbd_cdc_if.o
    0x0800072c   0x0800072c   0x00000004   Code   RO          708    i.CDC_TransmitCplt_FS  usbd_cdc_if.o
    0x08000730   0x08000730   0x0000002c   Code   RO          709    i.CDC_Transmit_FS   usbd_cdc_if.o
    0x0800075c   0x0800075c   0x0000000c   Code   RO          447    i.DMA2_Stream0_IRQHandler  stm32f4xx_it.o
    0x08000768   0x08000768   0x0000000c   Code   RO          448    i.DMA2_Stream2_IRQHandler  stm32f4xx_it.o
    0x08000774   0x08000774   0x0000000c   Code   RO          449    i.DMA2_Stream3_IRQHandler  stm32f4xx_it.o
    0x08000780   0x08000780   0x00000028   Code   RO         2478    i.DMA_CalcBaseAndBitshift  stm32f4xx_hal_dma.o
    0x080007a8   0x080007a8   0x00000054   Code   RO         2479    i.DMA_CheckFifoParam  stm32f4xx_hal_dma.o
    0x080007fc   0x080007fc   0x00000028   Code   RO         2480    i.DMA_SetConfig     stm32f4xx_hal_dma.o
    0x08000824   0x08000824   0x00000002   Code   RO          450    i.DebugMon_Handler  stm32f4xx_it.o
    0x08000826   0x08000826   0x00000004   Code   RO           13    i.Error_Handler     main.o
    0x0800082a   0x0800082a   0x00000002   PAD
    0x0800082c   0x0800082c   0x000001bc   Code   RO         3342    i.HAL_ADCEx_InjectedConfigChannel  stm32f4xx_hal_adc_ex.o
    0x080009e8   0x080009e8   0x00000304   Code   RO         1114    i.HAL_ADCEx_InjectedConvCpltCallback  interrupt.o
    0x08000cec   0x08000cec   0x0000003a   Code   RO         3344    i.HAL_ADCEx_InjectedGetValue  stm32f4xx_hal_adc_ex.o
    0x08000d26   0x08000d26   0x00000002   PAD
    0x08000d28   0x08000d28   0x000000e4   Code   RO         3347    i.HAL_ADCEx_InjectedStart_IT  stm32f4xx_hal_adc_ex.o
    0x08000e0c   0x08000e0c   0x0000014c   Code   RO         3174    i.HAL_ADC_ConfigChannel  stm32f4xx_hal_adc.o
    0x08000f58   0x08000f58   0x00000002   Code   RO         3175    i.HAL_ADC_ConvCpltCallback  stm32f4xx_hal_adc.o
    0x08000f5a   0x08000f5a   0x00000002   Code   RO         3178    i.HAL_ADC_ErrorCallback  stm32f4xx_hal_adc.o
    0x08000f5c   0x08000f5c   0x0000012e   Code   RO         3182    i.HAL_ADC_IRQHandler  stm32f4xx_hal_adc.o
    0x0800108a   0x0800108a   0x00000054   Code   RO         3183    i.HAL_ADC_Init      stm32f4xx_hal_adc.o
    0x080010de   0x080010de   0x00000002   Code   RO         3184    i.HAL_ADC_LevelOutOfWindowCallback  stm32f4xx_hal_adc.o
    0x080010e0   0x080010e0   0x000000c8   Code   RO          278    i.HAL_ADC_MspInit   adc.o
    0x080011a8   0x080011a8   0x00000024   Code   RO         2482    i.HAL_DMA_Abort_IT  stm32f4xx_hal_dma.o
    0x080011cc   0x080011cc   0x000001a0   Code   RO         2486    i.HAL_DMA_IRQHandler  stm32f4xx_hal_dma.o
    0x0800136c   0x0800136c   0x000000d4   Code   RO         2487    i.HAL_DMA_Init      stm32f4xx_hal_dma.o
    0x08001440   0x08001440   0x0000006e   Code   RO         2491    i.HAL_DMA_Start_IT  stm32f4xx_hal_dma.o
    0x080014ae   0x080014ae   0x00000002   PAD
    0x080014b0   0x080014b0   0x00000024   Code   RO         2918    i.HAL_Delay         stm32f4xx_hal.o
    0x080014d4   0x080014d4   0x000001f0   Code   RO         2374    i.HAL_GPIO_Init     stm32f4xx_hal_gpio.o
    0x080016c4   0x080016c4   0x0000000a   Code   RO         2378    i.HAL_GPIO_WritePin  stm32f4xx_hal_gpio.o
    0x080016ce   0x080016ce   0x00000002   PAD
    0x080016d0   0x080016d0   0x0000000c   Code   RO         2924    i.HAL_GetTick       stm32f4xx_hal.o
    0x080016dc   0x080016dc   0x00000010   Code   RO         2930    i.HAL_IncTick       stm32f4xx_hal.o
    0x080016ec   0x080016ec   0x00000034   Code   RO         2931    i.HAL_Init          stm32f4xx_hal.o
    0x08001720   0x08001720   0x00000040   Code   RO         2932    i.HAL_InitTick      stm32f4xx_hal.o
    0x08001760   0x08001760   0x00000030   Code   RO          563    i.HAL_MspInit       stm32f4xx_hal_msp.o
    0x08001790   0x08001790   0x0000001a   Code   RO         2766    i.HAL_NVIC_EnableIRQ  stm32f4xx_hal_cortex.o
    0x080017aa   0x080017aa   0x00000002   PAD
    0x080017ac   0x080017ac   0x00000040   Code   RO         2772    i.HAL_NVIC_SetPriority  stm32f4xx_hal_cortex.o
    0x080017ec   0x080017ec   0x00000024   Code   RO         2773    i.HAL_NVIC_SetPriorityGrouping  stm32f4xx_hal_cortex.o
    0x08001810   0x08001810   0x00000002   Code   RO         1673    i.HAL_PCDEx_LPM_Callback  stm32f4xx_hal_pcd_ex.o
    0x08001812   0x08001812   0x00000008   Code   RO         1674    i.HAL_PCDEx_SetRxFiFo  stm32f4xx_hal_pcd_ex.o
    0x0800181a   0x0800181a   0x00000044   Code   RO         1675    i.HAL_PCDEx_SetTxFiFo  stm32f4xx_hal_pcd_ex.o
    0x0800185e   0x0800185e   0x00000008   Code   RO          761    i.HAL_PCD_ConnectCallback  usbd_conf.o
    0x08001866   0x08001866   0x00000012   Code   RO          762    i.HAL_PCD_DataInStageCallback  usbd_conf.o
    0x08001878   0x08001878   0x00000014   Code   RO          763    i.HAL_PCD_DataOutStageCallback  usbd_conf.o
    0x0800188c   0x0800188c   0x00000008   Code   RO          764    i.HAL_PCD_DisconnectCallback  usbd_conf.o
    0x08001894   0x08001894   0x0000001e   Code   RO         1443    i.HAL_PCD_EP_Abort  stm32f4xx_hal_pcd.o
    0x080018b2   0x080018b2   0x0000004a   Code   RO         1444    i.HAL_PCD_EP_Close  stm32f4xx_hal_pcd.o
    0x080018fc   0x080018fc   0x0000005a   Code   RO         1445    i.HAL_PCD_EP_ClrStall  stm32f4xx_hal_pcd.o
    0x08001956   0x08001956   0x00000012   Code   RO         1447    i.HAL_PCD_EP_GetRxCount  stm32f4xx_hal_pcd.o
    0x08001968   0x08001968   0x00000062   Code   RO         1448    i.HAL_PCD_EP_Open   stm32f4xx_hal_pcd.o
    0x080019ca   0x080019ca   0x00000038   Code   RO         1449    i.HAL_PCD_EP_Receive  stm32f4xx_hal_pcd.o
    0x08001a02   0x08001a02   0x00000072   Code   RO         1450    i.HAL_PCD_EP_SetStall  stm32f4xx_hal_pcd.o
    0x08001a74   0x08001a74   0x00000032   Code   RO         1451    i.HAL_PCD_EP_Transmit  stm32f4xx_hal_pcd.o
    0x08001aa6   0x08001aa6   0x00000002   PAD
    0x08001aa8   0x08001aa8   0x0000055c   Code   RO         1453    i.HAL_PCD_IRQHandler  stm32f4xx_hal_pcd.o
    0x08002004   0x08002004   0x00000008   Code   RO          765    i.HAL_PCD_ISOINIncompleteCallback  usbd_conf.o
    0x0800200c   0x0800200c   0x00000008   Code   RO          766    i.HAL_PCD_ISOOUTIncompleteCallback  usbd_conf.o
    0x08002014   0x08002014   0x000000cc   Code   RO         1456    i.HAL_PCD_Init      stm32f4xx_hal_pcd.o
    0x080020e0   0x080020e0   0x00000084   Code   RO          768    i.HAL_PCD_MspInit   usbd_conf.o
    0x08002164   0x08002164   0x0000002c   Code   RO          769    i.HAL_PCD_ResetCallback  usbd_conf.o
    0x08002190   0x08002190   0x00000008   Code   RO          770    i.HAL_PCD_ResumeCallback  usbd_conf.o
    0x08002198   0x08002198   0x00000008   Code   RO          771    i.HAL_PCD_SOFCallback  usbd_conf.o
    0x080021a0   0x080021a0   0x00000026   Code   RO         1462    i.HAL_PCD_SetAddress  stm32f4xx_hal_pcd.o
    0x080021c6   0x080021c6   0x0000000e   Code   RO          772    i.HAL_PCD_SetupStageCallback  usbd_conf.o
    0x080021d4   0x080021d4   0x00000042   Code   RO         1465    i.HAL_PCD_Start     stm32f4xx_hal_pcd.o
    0x08002216   0x08002216   0x00000002   PAD
    0x08002218   0x08002218   0x00000030   Code   RO          773    i.HAL_PCD_SuspendCallback  usbd_conf.o
    0x08002248   0x08002248   0x00000134   Code   RO         2020    i.HAL_RCC_ClockConfig  stm32f4xx_hal_rcc.o
    0x0800237c   0x0800237c   0x0000000c   Code   RO         2025    i.HAL_RCC_GetHCLKFreq  stm32f4xx_hal_rcc.o
    0x08002388   0x08002388   0x00000060   Code   RO         2029    i.HAL_RCC_GetSysClockFreq  stm32f4xx_hal_rcc.o
    0x080023e8   0x080023e8   0x0000036c   Code   RO         2032    i.HAL_RCC_OscConfig  stm32f4xx_hal_rcc.o
    0x08002754   0x08002754   0x00000002   Code   RO         3454    i.HAL_SPI_ErrorCallback  stm32f4xx_hal_spi.o
    0x08002756   0x08002756   0x00000002   PAD
    0x08002758   0x08002758   0x000000fc   Code   RO         3457    i.HAL_SPI_IRQHandler  stm32f4xx_hal_spi.o
    0x08002854   0x08002854   0x000000bc   Code   RO         3458    i.HAL_SPI_Init      stm32f4xx_hal_spi.o
    0x08002910   0x08002910   0x00000130   Code   RO          344    i.HAL_SPI_MspInit   spi.o
    0x08002a40   0x08002a40   0x00000002   Code   RO         3464    i.HAL_SPI_RxCpltCallback  stm32f4xx_hal_spi.o
    0x08002a42   0x08002a42   0x00000002   Code   RO         3465    i.HAL_SPI_RxHalfCpltCallback  stm32f4xx_hal_spi.o
    0x08002a44   0x08002a44   0x00000110   Code   RO         3468    i.HAL_SPI_TransmitReceive_DMA  stm32f4xx_hal_spi.o
    0x08002b54   0x08002b54   0x00000014   Code   RO           14    i.HAL_SPI_TxRxCpltCallback  main.o
    0x08002b68   0x08002b68   0x00000002   Code   RO         3475    i.HAL_SPI_TxRxHalfCpltCallback  stm32f4xx_hal_spi.o
    0x08002b6a   0x08002b6a   0x00000028   Code   RO         2777    i.HAL_SYSTICK_Config  stm32f4xx_hal_cortex.o
    0x08002b92   0x08002b92   0x00000002   Code   RO         4475    i.HAL_TIMEx_BreakCallback  stm32f4xx_hal_tim_ex.o
    0x08002b94   0x08002b94   0x00000002   Code   RO         4476    i.HAL_TIMEx_CommutCallback  stm32f4xx_hal_tim_ex.o
    0x08002b96   0x08002b96   0x00000054   Code   RO         4478    i.HAL_TIMEx_ConfigBreakDeadTime  stm32f4xx_hal_tim_ex.o
    0x08002bea   0x08002bea   0x00000002   PAD
    0x08002bec   0x08002bec   0x00000090   Code   RO         4494    i.HAL_TIMEx_MasterConfigSynchronization  stm32f4xx_hal_tim_ex.o
    0x08002c7c   0x08002c7c   0x000000c0   Code   RO         4505    i.HAL_TIMEx_PWMN_Start  stm32f4xx_hal_tim_ex.o
    0x08002d3c   0x08002d3c   0x0000005a   Code   RO         3771    i.HAL_TIM_Base_Init  stm32f4xx_hal_tim.o
    0x08002d96   0x08002d96   0x00000002   PAD
    0x08002d98   0x08002d98   0x00000054   Code   RO          392    i.HAL_TIM_Base_MspInit  tim.o
    0x08002dec   0x08002dec   0x000000dc   Code   RO         3780    i.HAL_TIM_ConfigClockSource  stm32f4xx_hal_tim.o
    0x08002ec8   0x08002ec8   0x00000002   Code   RO         3805    i.HAL_TIM_IC_CaptureCallback  stm32f4xx_hal_tim.o
    0x08002eca   0x08002eca   0x00000130   Code   RO         3819    i.HAL_TIM_IRQHandler  stm32f4xx_hal_tim.o
    0x08002ffa   0x08002ffa   0x00000002   PAD
    0x08002ffc   0x08002ffc   0x00000080   Code   RO          393    i.HAL_TIM_MspPostInit  tim.o
    0x0800307c   0x0800307c   0x00000002   Code   RO         3822    i.HAL_TIM_OC_DelayElapsedCallback  stm32f4xx_hal_tim.o
    0x0800307e   0x0800307e   0x000000cc   Code   RO         3843    i.HAL_TIM_PWM_ConfigChannel  stm32f4xx_hal_tim.o
    0x0800314a   0x0800314a   0x0000005a   Code   RO         3846    i.HAL_TIM_PWM_Init  stm32f4xx_hal_tim.o
    0x080031a4   0x080031a4   0x00000002   Code   RO         3848    i.HAL_TIM_PWM_MspInit  stm32f4xx_hal_tim.o
    0x080031a6   0x080031a6   0x00000002   Code   RO         3849    i.HAL_TIM_PWM_PulseFinishedCallback  stm32f4xx_hal_tim.o
    0x080031a8   0x080031a8   0x000000c8   Code   RO         3851    i.HAL_TIM_PWM_Start  stm32f4xx_hal_tim.o
    0x08003270   0x08003270   0x00000002   Code   RO         3857    i.HAL_TIM_PeriodElapsedCallback  stm32f4xx_hal_tim.o
    0x08003272   0x08003272   0x00000002   Code   RO         3862    i.HAL_TIM_TriggerCallback  stm32f4xx_hal_tim.o
    0x08003274   0x08003274   0x00000002   Code   RO          451    i.HardFault_Handler  stm32f4xx_it.o
    0x08003276   0x08003276   0x00000002   PAD
    0x08003278   0x08003278   0x00000038   Code   RO          618    i.IntToUnicode      usbd_desc.o
    0x080032b0   0x080032b0   0x00000144   Code   RO          279    i.MX_ADC1_Init      adc.o
    0x080033f4   0x080033f4   0x0000004c   Code   RO          319    i.MX_DMA_Init       dma.o
    0x08003440   0x08003440   0x00000104   Code   RO          253    i.MX_GPIO_Init      gpio.o
    0x08003544   0x08003544   0x0000004c   Code   RO          345    i.MX_SPI1_Init      spi.o
    0x08003590   0x08003590   0x00000044   Code   RO          346    i.MX_SPI3_Init      spi.o
    0x080035d4   0x080035d4   0x00000038   Code   RO          394    i.MX_TIM10_Init     tim.o
    0x0800360c   0x0800360c   0x0000010c   Code   RO          395    i.MX_TIM1_Init      tim.o
    0x08003718   0x08003718   0x00000054   Code   RO          587    i.MX_USB_DEVICE_Init  usb_device.o
    0x0800376c   0x0800376c   0x00000002   Code   RO          452    i.MemManage_Handler  stm32f4xx_it.o
    0x0800376e   0x0800376e   0x00000002   Code   RO          453    i.NMI_Handler       stm32f4xx_it.o
    0x08003770   0x08003770   0x0000000c   Code   RO          454    i.OTG_FS_IRQHandler  stm32f4xx_it.o
    0x0800377c   0x0800377c   0x000000cc   Code   RO         1469    i.PCD_EP_OutXfrComplete_int  stm32f4xx_hal_pcd.o
    0x08003848   0x08003848   0x000000a2   Code   RO         1470    i.PCD_WriteEmptyTxFifo  stm32f4xx_hal_pcd.o
    0x080038ea   0x080038ea   0x00000002   Code   RO          455    i.PendSV_Handler    stm32f4xx_it.o
    0x080038ec   0x080038ec   0x00000030   Code   RO         1392    i.Pos_Loop_Init     position_loop.o
    0x0800391c   0x0800391c   0x0000003a   Code   RO         1393    i.Pos_PID_Calc      position_loop.o
    0x08003956   0x08003956   0x00000002   PAD
    0x08003958   0x08003958   0x00000050   Code   RO         1394    i.Pos_Update_Sensor  position_loop.o
    0x080039a8   0x080039a8   0x0000000c   Code   RO          456    i.SPI1_IRQHandler   stm32f4xx_it.o
    0x080039b4   0x080039b4   0x00000010   Code   RO         3485    i.SPI_DMAAbortOnError  stm32f4xx_hal_spi.o
    0x080039c4   0x080039c4   0x00000022   Code   RO         3486    i.SPI_DMAError      stm32f4xx_hal_spi.o
    0x080039e6   0x080039e6   0x0000000a   Code   RO         3487    i.SPI_DMAHalfReceiveCplt  stm32f4xx_hal_spi.o
    0x080039f0   0x080039f0   0x0000000a   Code   RO         3489    i.SPI_DMAHalfTransmitReceiveCplt  stm32f4xx_hal_spi.o
    0x080039fa   0x080039fa   0x0000006a   Code   RO         3490    i.SPI_DMAReceiveCplt  stm32f4xx_hal_spi.o
    0x08003a64   0x08003a64   0x0000005a   Code   RO         3493    i.SPI_DMATransmitReceiveCplt  stm32f4xx_hal_spi.o
    0x08003abe   0x08003abe   0x0000005c   Code   RO         3495    i.SPI_EndRxTransaction  stm32f4xx_hal_spi.o
    0x08003b1a   0x08003b1a   0x00000002   PAD
    0x08003b1c   0x08003b1c   0x0000006c   Code   RO         3496    i.SPI_EndRxTxTransaction  stm32f4xx_hal_spi.o
    0x08003b88   0x08003b88   0x000000bc   Code   RO         3501    i.SPI_WaitFlagStateUntilTimeout  stm32f4xx_hal_spi.o
    0x08003c44   0x08003c44   0x00000002   Code   RO          457    i.SVC_Handler       stm32f4xx_it.o
    0x08003c46   0x08003c46   0x0000000a   Code   RO         4901    i.SWAPBYTE          usbd_ctlreq.o
    0x08003c50   0x08003c50   0x00000080   Code   RO         1331    i.Speed_Calc        speed_loop.o
    0x08003cd0   0x08003cd0   0x00000040   Code   RO         1332    i.Speed_Loop_Init   speed_loop.o
    0x08003d10   0x08003d10   0x0000007c   Code   RO         1333    i.Speed_PID_Calc    speed_loop.o
    0x08003d8c   0x08003d8c   0x00000004   Code   RO          458    i.SysTick_Handler   stm32f4xx_it.o
    0x08003d90   0x08003d90   0x00000094   Code   RO           15    i.SystemClock_Config  main.o
    0x08003e24   0x08003e24   0x00000010   Code   RO          969    i.SystemInit        system_stm32f4xx.o
    0x08003e34   0x08003e34   0x0000001c   Code   RO          459    i.TIM1_UP_TIM10_IRQHandler  stm32f4xx_it.o
    0x08003e50   0x08003e50   0x000000d0   Code   RO         3864    i.TIM_Base_SetConfig  stm32f4xx_hal_tim.o
    0x08003f20   0x08003f20   0x0000001a   Code   RO         3865    i.TIM_CCxChannelCmd  stm32f4xx_hal_tim.o
    0x08003f3a   0x08003f3a   0x0000001a   Code   RO         4514    i.TIM_CCxNChannelCmd  stm32f4xx_hal_tim_ex.o
    0x08003f54   0x08003f54   0x00000014   Code   RO         3875    i.TIM_ETR_SetConfig  stm32f4xx_hal_tim.o
    0x08003f68   0x08003f68   0x00000010   Code   RO         3876    i.TIM_ITRx_SetConfig  stm32f4xx_hal_tim.o
    0x08003f78   0x08003f78   0x00000060   Code   RO         3877    i.TIM_OC1_SetConfig  stm32f4xx_hal_tim.o
    0x08003fd8   0x08003fd8   0x0000006c   Code   RO         3878    i.TIM_OC2_SetConfig  stm32f4xx_hal_tim.o
    0x08004044   0x08004044   0x00000068   Code   RO         3879    i.TIM_OC3_SetConfig  stm32f4xx_hal_tim.o
    0x080040ac   0x080040ac   0x00000050   Code   RO         3880    i.TIM_OC4_SetConfig  stm32f4xx_hal_tim.o
    0x080040fc   0x080040fc   0x00000022   Code   RO         3882    i.TIM_TI1_ConfigInputStage  stm32f4xx_hal_tim.o
    0x0800411e   0x0800411e   0x00000024   Code   RO         3884    i.TIM_TI2_ConfigInputStage  stm32f4xx_hal_tim.o
    0x08004142   0x08004142   0x00000076   Code   RO         5039    i.USBD_CDC_DataIn   usbd_cdc.o
    0x080041b8   0x080041b8   0x0000003c   Code   RO         5040    i.USBD_CDC_DataOut  usbd_cdc.o
    0x080041f4   0x080041f4   0x00000094   Code   RO         5041    i.USBD_CDC_DeInit   usbd_cdc.o
    0x08004288   0x08004288   0x00000036   Code   RO         5042    i.USBD_CDC_EP0_RxReady  usbd_cdc.o
    0x080042be   0x080042be   0x00000002   PAD
    0x080042c0   0x080042c0   0x0000000c   Code   RO         5043    i.USBD_CDC_GetDeviceQualifierDescriptor  usbd_cdc.o
    0x080042cc   0x080042cc   0x0000003c   Code   RO         5044    i.USBD_CDC_GetFSCfgDesc  usbd_cdc.o
    0x08004308   0x08004308   0x00000040   Code   RO         5045    i.USBD_CDC_GetHSCfgDesc  usbd_cdc.o
    0x08004348   0x08004348   0x0000003c   Code   RO         5046    i.USBD_CDC_GetOtherSpeedCfgDesc  usbd_cdc.o
    0x08004384   0x08004384   0x00000120   Code   RO         5047    i.USBD_CDC_Init     usbd_cdc.o
    0x080044a4   0x080044a4   0x00000038   Code   RO         5048    i.USBD_CDC_ReceivePacket  usbd_cdc.o
    0x080044dc   0x080044dc   0x00000016   Code   RO         5049    i.USBD_CDC_RegisterInterface  usbd_cdc.o
    0x080044f2   0x080044f2   0x0000001a   Code   RO         5050    i.USBD_CDC_SetRxBuffer  usbd_cdc.o
    0x0800450c   0x0800450c   0x0000001e   Code   RO         5051    i.USBD_CDC_SetTxBuffer  usbd_cdc.o
    0x0800452a   0x0800452a   0x000000d4   Code   RO         5052    i.USBD_CDC_Setup    usbd_cdc.o
    0x080045fe   0x080045fe   0x00000002   PAD
    0x08004600   0x08004600   0x00000050   Code   RO         5053    i.USBD_CDC_TransmitPacket  usbd_cdc.o
    0x08004650   0x08004650   0x00000014   Code   RO         4742    i.USBD_ClrClassConfig  usbd_core.o
    0x08004664   0x08004664   0x00000004   Code   RO         4743    i.USBD_CoreFindEP   usbd_core.o
    0x08004668   0x08004668   0x00000004   Code   RO         4744    i.USBD_CoreFindIF   usbd_core.o
    0x0800466c   0x0800466c   0x00000010   Code   RO         4979    i.USBD_CtlContinueRx  usbd_ioreq.o
    0x0800467c   0x0800467c   0x00000010   Code   RO         4980    i.USBD_CtlContinueSendData  usbd_ioreq.o
    0x0800468c   0x0800468c   0x00000016   Code   RO         4902    i.USBD_CtlError     usbd_ctlreq.o
    0x080046a2   0x080046a2   0x00000022   Code   RO         4981    i.USBD_CtlPrepareRx  usbd_ioreq.o
    0x080046c4   0x080046c4   0x00000016   Code   RO         4982    i.USBD_CtlReceiveStatus  usbd_ioreq.o
    0x080046da   0x080046da   0x0000001c   Code   RO         4983    i.USBD_CtlSendData  usbd_ioreq.o
    0x080046f6   0x080046f6   0x00000016   Code   RO         4984    i.USBD_CtlSendStatus  usbd_ioreq.o
    0x0800470c   0x0800470c   0x00000020   Code   RO          619    i.USBD_FS_ConfigStrDescriptor  usbd_desc.o
    0x0800472c   0x0800472c   0x0000000c   Code   RO          620    i.USBD_FS_DeviceDescriptor  usbd_desc.o
    0x08004738   0x08004738   0x00000024   Code   RO          621    i.USBD_FS_InterfaceStrDescriptor  usbd_desc.o
    0x0800475c   0x0800475c   0x0000000c   Code   RO          622    i.USBD_FS_LangIDStrDescriptor  usbd_desc.o
    0x08004768   0x08004768   0x00000028   Code   RO          623    i.USBD_FS_ManufacturerStrDescriptor  usbd_desc.o
    0x08004790   0x08004790   0x0000002c   Code   RO          624    i.USBD_FS_ProductStrDescriptor  usbd_desc.o
    0x080047bc   0x080047bc   0x00000038   Code   RO          625    i.USBD_FS_SerialStrDescriptor  usbd_desc.o
    0x080047f4   0x080047f4   0x000000e6   Code   RO         4903    i.USBD_GetDescriptor  usbd_ctlreq.o
    0x080048da   0x080048da   0x0000003a   Code   RO         4746    i.USBD_GetEpDesc    usbd_core.o
    0x08004914   0x08004914   0x00000014   Code   RO         4904    i.USBD_GetLen       usbd_ctlreq.o
    0x08004928   0x08004928   0x0000000e   Code   RO         4747    i.USBD_GetNextDesc  usbd_core.o
    0x08004936   0x08004936   0x0000004e   Code   RO         4905    i.USBD_GetString    usbd_ctlreq.o
    0x08004984   0x08004984   0x00000018   Code   RO          774    i.USBD_Get_USB_Status  usbd_conf.o
    0x0800499c   0x0800499c   0x00000026   Code   RO         4748    i.USBD_Init         usbd_core.o
    0x080049c2   0x080049c2   0x00000012   Code   RO          775    i.USBD_LL_ClearStallEP  usbd_conf.o
    0x080049d4   0x080049d4   0x00000012   Code   RO          776    i.USBD_LL_CloseEP   usbd_conf.o
    0x080049e6   0x080049e6   0x000000b8   Code   RO         4749    i.USBD_LL_DataInStage  usbd_core.o
    0x08004a9e   0x08004a9e   0x00000094   Code   RO         4750    i.USBD_LL_DataOutStage  usbd_core.o
    0x08004b32   0x08004b32   0x00000004   Code   RO         4751    i.USBD_LL_DevConnected  usbd_core.o
    0x08004b36   0x08004b36   0x0000001e   Code   RO         4752    i.USBD_LL_DevDisconnected  usbd_core.o
    0x08004b54   0x08004b54   0x00000008   Code   RO          780    i.USBD_LL_GetRxDataSize  usbd_conf.o
    0x08004b5c   0x08004b5c   0x00000060   Code   RO          781    i.USBD_LL_Init      usbd_conf.o
    0x08004bbc   0x08004bbc   0x0000001e   Code   RO          782    i.USBD_LL_IsStallEP  usbd_conf.o
    0x08004bda   0x08004bda   0x00000028   Code   RO         4753    i.USBD_LL_IsoINIncomplete  usbd_core.o
    0x08004c02   0x08004c02   0x00000028   Code   RO         4754    i.USBD_LL_IsoOUTIncomplete  usbd_core.o
    0x08004c2a   0x08004c2a   0x00000018   Code   RO          783    i.USBD_LL_OpenEP    usbd_conf.o
    0x08004c42   0x08004c42   0x00000012   Code   RO          784    i.USBD_LL_PrepareReceive  usbd_conf.o
    0x08004c54   0x08004c54   0x0000005e   Code   RO         4755    i.USBD_LL_Reset     usbd_core.o
    0x08004cb2   0x08004cb2   0x00000014   Code   RO         4756    i.USBD_LL_Resume    usbd_core.o
    0x08004cc6   0x08004cc6   0x0000001a   Code   RO         4757    i.USBD_LL_SOF       usbd_core.o
    0x08004ce0   0x08004ce0   0x00000006   Code   RO         4758    i.USBD_LL_SetSpeed  usbd_core.o
    0x08004ce6   0x08004ce6   0x00000012   Code   RO          785    i.USBD_LL_SetUSBAddress  usbd_conf.o
    0x08004cf8   0x08004cf8   0x00000060   Code   RO         4759    i.USBD_LL_SetupStage  usbd_core.o
    0x08004d58   0x08004d58   0x00000012   Code   RO          786    i.USBD_LL_StallEP   usbd_conf.o
    0x08004d6a   0x08004d6a   0x00000012   Code   RO          787    i.USBD_LL_Start     usbd_conf.o
    0x08004d7c   0x08004d7c   0x0000001a   Code   RO         4760    i.USBD_LL_Suspend   usbd_core.o
    0x08004d96   0x08004d96   0x00000012   Code   RO          789    i.USBD_LL_Transmit  usbd_conf.o
    0x08004da8   0x08004da8   0x0000002c   Code   RO         4906    i.USBD_ParseSetupRequest  usbd_ctlreq.o
    0x08004dd4   0x08004dd4   0x0000003a   Code   RO         4761    i.USBD_RegisterClass  usbd_core.o
    0x08004e0e   0x08004e0e   0x00000014   Code   RO         4763    i.USBD_SetClassConfig  usbd_core.o
    0x08004e22   0x08004e22   0x00000002   PAD
    0x08004e24   0x08004e24   0x000000b8   Code   RO         4907    i.USBD_SetConfig    usbd_ctlreq.o
    0x08004edc   0x08004edc   0x00000004   Code   RO         4764    i.USBD_Start        usbd_core.o
    0x08004ee0   0x08004ee0   0x0000012c   Code   RO         4908    i.USBD_StdDevReq    usbd_ctlreq.o
    0x0800500c   0x0800500c   0x00000166   Code   RO         4909    i.USBD_StdEPReq     usbd_ctlreq.o
    0x08005172   0x08005172   0x00000072   Code   RO         4910    i.USBD_StdItfReq    usbd_ctlreq.o
    0x080051e4   0x080051e4   0x00000002   Code   RO          790    i.USBD_static_free  usbd_conf.o
    0x080051e6   0x080051e6   0x00000002   PAD
    0x080051e8   0x080051e8   0x00000008   Code   RO          791    i.USBD_static_malloc  usbd_conf.o
    0x080051f0   0x080051f0   0x00000080   Code   RO         1715    i.USB_ActivateEndpoint  stm32f4xx_ll_usb.o
    0x08005270   0x08005270   0x0000001c   Code   RO         1717    i.USB_ActivateSetup  stm32f4xx_ll_usb.o
    0x0800528c   0x0800528c   0x00000084   Code   RO         1719    i.USB_CoreInit      stm32f4xx_ll_usb.o
    0x08005310   0x08005310   0x00000044   Code   RO         1720    i.USB_CoreReset     stm32f4xx_ll_usb.o
    0x08005354   0x08005354   0x000000cc   Code   RO         1723    i.USB_DeactivateEndpoint  stm32f4xx_ll_usb.o
    0x08005420   0x08005420   0x0000001c   Code   RO         1724    i.USB_DevConnect    stm32f4xx_ll_usb.o
    0x0800543c   0x0800543c   0x0000001c   Code   RO         1725    i.USB_DevDisconnect  stm32f4xx_ll_usb.o
    0x08005458   0x08005458   0x0000017c   Code   RO         1726    i.USB_DevInit       stm32f4xx_ll_usb.o
    0x080055d4   0x080055d4   0x0000000c   Code   RO         1727    i.USB_DisableGlobalInt  stm32f4xx_ll_usb.o
    0x080055e0   0x080055e0   0x00000058   Code   RO         1730    i.USB_EP0_OutStart  stm32f4xx_ll_usb.o
    0x08005638   0x08005638   0x00000058   Code   RO         1731    i.USB_EPClearStall  stm32f4xx_ll_usb.o
    0x08005690   0x08005690   0x00000058   Code   RO         1732    i.USB_EPSetStall    stm32f4xx_ll_usb.o
    0x080056e8   0x080056e8   0x00000238   Code   RO         1733    i.USB_EPStartXfer   stm32f4xx_ll_usb.o
    0x08005920   0x08005920   0x0000009e   Code   RO         1734    i.USB_EPStopXfer    stm32f4xx_ll_usb.o
    0x080059be   0x080059be   0x0000000c   Code   RO         1735    i.USB_EnableGlobalInt  stm32f4xx_ll_usb.o
    0x080059ca   0x080059ca   0x00000038   Code   RO         1736    i.USB_FlushRxFifo   stm32f4xx_ll_usb.o
    0x08005a02   0x08005a02   0x0000003c   Code   RO         1737    i.USB_FlushTxFifo   stm32f4xx_ll_usb.o
    0x08005a3e   0x08005a3e   0x0000001a   Code   RO         1739    i.USB_GetDevSpeed   stm32f4xx_ll_usb.o
    0x08005a58   0x08005a58   0x00000008   Code   RO         1741    i.USB_GetMode       stm32f4xx_ll_usb.o
    0x08005a60   0x08005a60   0x0000000e   Code   RO         1749    i.USB_ReadDevAllInEpInterrupt  stm32f4xx_ll_usb.o
    0x08005a6e   0x08005a6e   0x0000000e   Code   RO         1750    i.USB_ReadDevAllOutEpInterrupt  stm32f4xx_ll_usb.o
    0x08005a7c   0x08005a7c   0x00000024   Code   RO         1751    i.USB_ReadDevInEPInterrupt  stm32f4xx_ll_usb.o
    0x08005aa0   0x08005aa0   0x00000010   Code   RO         1752    i.USB_ReadDevOutEPInterrupt  stm32f4xx_ll_usb.o
    0x08005ab0   0x08005ab0   0x00000008   Code   RO         1753    i.USB_ReadInterrupts  stm32f4xx_ll_usb.o
    0x08005ab8   0x08005ab8   0x0000003e   Code   RO         1754    i.USB_ReadPacket    stm32f4xx_ll_usb.o
    0x08005af6   0x08005af6   0x0000005c   Code   RO         1756    i.USB_SetCurrentMode  stm32f4xx_ll_usb.o
    0x08005b52   0x08005b52   0x00000022   Code   RO         1757    i.USB_SetDevAddress  stm32f4xx_ll_usb.o
    0x08005b74   0x08005b74   0x000000e8   Code   RO         1759    i.USB_SetTurnaroundTime  stm32f4xx_ll_usb.o
    0x08005c5c   0x08005c5c   0x00000028   Code   RO         1762    i.USB_WritePacket   stm32f4xx_ll_usb.o
    0x08005c84   0x08005c84   0x00000002   Code   RO          460    i.UsageFault_Handler  stm32f4xx_it.o
    0x08005c86   0x08005c86   0x00000002   PAD
    0x08005c88   0x08005c88   0x00000034   Code   RO         1009    i.VCP_SendData      usb_vcp.o
    0x08005cbc   0x08005cbc   0x00000018   Code   RO         1276    i.VOFA_Send_JustFloat  vofa.o
    0x08005cd4   0x08005cd4   0x00000020   Code   RO         2779    i.__NVIC_SetPriority  stm32f4xx_hal_cortex.o
    0x08005cf4   0x08005cf4   0x000000b0   Code   RO         5292    i.__hardfp_fmodf    m_wm.l(fmodf.o)
    0x08005da4   0x08005da4   0x00000010   Code   RO         5418    i.__mathlib_flt_invalid  m_wm.l(funder.o)
    0x08005db4   0x08005db4   0x00000010   Code   RO         1060    i._norm_angle       as5047p.o
    0x08005dc4   0x08005dc4   0x0000001c   Code   RO         1115    i.adc_to_cur        interrupt.o
    0x08005de0   0x08005de0   0x00000064   Code   RO         1061    i.as5047_data_process  as5047p.o
    0x08005e44   0x08005e44   0x00000028   Code   RO         1062    i.as5047p_read_dma_start  as5047p.o
    0x08005e6c   0x08005e6c   0x00000028   Code   RO         1184    i.clarke_calc       foc_math.o
    0x08005e94   0x08005e94   0x00000078   Code   RO         1304    i.current_calc      current_loop.o
    0x08005f0c   0x08005f0c   0x0000005c   Code   RO         1305    i.current_pi_init   current_loop.o
    0x08005f68   0x08005f68   0x00000046   Code   RO         1186    i.ipark_calc        foc_math.o
    0x08005fae   0x08005fae   0x00000002   PAD
    0x08005fb0   0x08005fb0   0x000000d8   Code   RO           16    i.main              main.o
    0x08006088   0x08006088   0x00000046   Code   RO         1187    i.park_calc         foc_math.o
    0x080060ce   0x080060ce   0x00000002   PAD
    0x080060d0   0x080060d0   0x00000014   Code   RO         1240    i.pwm_update        svpwm.o
    0x080060e4   0x080060e4   0x000001c8   Code   RO         1241    i.svpwm_calc        svpwm.o
    0x080062ac   0x080062ac   0x0000008c   Code   RO         5469    x$fpl$fnaninf       fz_wm.l(fnaninf.o)
    0x08006338   0x08006338   0x0000000a   Code   RO         5602    x$fpl$fpinit        fz_wm.l(fpinit.o)
    0x08006342   0x08006342   0x00000002   PAD
    0x08006344   0x08006344   0x000000f4   Code   RO         5404    x$fpl$frem          fz_wm.l(frem_clz.o)
    0x08006438   0x08006438   0x00000000   Code   RO         5414    x$fpl$usenofp       fz_wm.l(usenofp.o)
    0x08006438   0x08006438   0x00000010   Data   RO          970    .constdata          system_stm32f4xx.o
    0x08006448   0x08006448   0x00000004   Data   RO         1278    .constdata          vofa.o
    0x0800644c   0x0800644c   0x00000008   Data   RO         2493    .constdata          stm32f4xx_hal_dma.o
    0x08006454   0x08006454   0x00000804   Data   RO         5273    .rodata.sinTable_f32  arm_cortexM4lf_math.lib(arm_common_tables.o)
    0x08006c58   0x08006c58   0x00000020   Data   RO         5660    Region$$Table       anon$$obj.o


    Execution Region RW_IRAM1 (Exec base: 0x20000000, Load base: 0x08006c78, Size: 0x00002788, Max: 0x0001c000, ABSOLUTE, COMPRESSED[0x000000c8])

    Exec Addr    Load Addr    Size         Type   Attr      Idx    E Section Name        Object

    0x20000000   COMPRESSED   0x0000001c   Data   RW          627    .data               usbd_desc.o
    0x2000001c   COMPRESSED   0x00000032   Data   RW          628    .data               usbd_desc.o
    0x2000004e   COMPRESSED   0x00000002   PAD
    0x20000050   COMPRESSED   0x00000014   Data   RW          711    .data               usbd_cdc_if.o
    0x20000064   COMPRESSED   0x00000004   Data   RW          972    .data               system_stm32f4xx.o
    0x20000068   COMPRESSED   0x00000014   Data   RW         1063    .data               as5047p.o
    0x2000007c   COMPRESSED   0x00000030   Data   RW         1119    .data               interrupt.o
    0x200000ac   COMPRESSED   0x00000008   Data   RW         1335    .data               speed_loop.o
    0x200000b4   COMPRESSED   0x0000000c   Data   RW         2938    .data               stm32f4xx_hal.o
    0x200000c0   COMPRESSED   0x00000001   Data   RW         4911    .data               usbd_ctlreq.o
    0x200000c1   COMPRESSED   0x00000003   PAD
    0x200000c4   COMPRESSED   0x00000053   Data   RW         5054    .data               usbd_cdc.o
    0x20000117   COMPRESSED   0x00000001   PAD
    0x20000118   COMPRESSED   0x00000038   Data   RW         5055    .data               usbd_cdc.o
    0x20000150        -       0x000000a8   Zero   RW          280    .bss                adc.o
    0x200001f8        -       0x00000170   Zero   RW          347    .bss                spi.o
    0x20000368        -       0x00000090   Zero   RW          396    .bss                tim.o
    0x200003f8        -       0x000002dc   Zero   RW          588    .bss                usb_device.o
    0x200006d4        -       0x00000200   Zero   RW          626    .bss                usbd_desc.o
    0x200008d4        -       0x00001000   Zero   RW          710    .bss                usbd_cdc_if.o
    0x200018d4        -       0x00000704   Zero   RW          792    .bss                usbd_conf.o
    0x20001fd8        -       0x00000014   Zero   RW         1188    .bss                foc_math.o
    0x20001fec        -       0x00000014   Zero   RW         1189    .bss                foc_math.o
    0x20002000        -       0x00000014   Zero   RW         1190    .bss                foc_math.o
    0x20002014        -       0x00000020   Zero   RW         1242    .bss                svpwm.o
    0x20002034        -       0x00000078   Zero   RW         1277    .bss                vofa.o
    0x200020ac        -       0x00000040   Zero   RW         1306    .bss                current_loop.o
    0x200020ec        -       0x00000024   Zero   RW         1334    .bss                speed_loop.o
    0x20002110        -       0x00000018   Zero   RW         1395    .bss                position_loop.o
    0x20002128        -       0x00000060   Zero   RW         5472    .bss                c_w.l(libspace.o)
    0x20002188        -       0x00000200   Zero   RW            2    HEAP                startup_stm32f405xx.o
    0x20002388        -       0x00000400   Zero   RW            1    STACK               startup_stm32f405xx.o


    Execution Region RW_IRAM2 (Exec base: 0x2001c000, Load base: 0x08006d40, Size: 0x00000000, Max: 0x00004000, ABSOLUTE)

    **** No section assigned to this execution region ****


==============================================================================

Image component sizes


      Code (inc. data)   RO Data    RW Data    ZI Data      Debug   Object Name

       524         34          0          0        168       2067   adc.o
       156         32          0         20          0       2436   as5047p.o
       212         18          0          0         64       2073   current_loop.o
        76          4          0          0          0        790   dma.o
       180          6          0          0         60       2996   foc_math.o
       260         22          0          0          0       1051   gpio.o
       800         68          0         48          0       3212   interrupt.o
       388         42          0          0          0     680286   main.o
       186         22          0          0         24       2653   position_loop.o
       316         50          0          8         36       2397   speed_loop.o
       448         48          0          0        368       2592   spi.o
        64         26        392          0       1536        844   startup_stm32f405xx.o
       180         28          0         12          0       9785   stm32f4xx_hal.o
      1020         28          0          0          0       5938   stm32f4xx_hal_adc.o
       730         32          0          0          0       3460   stm32f4xx_hal_adc_ex.o
       198         14          0          0          0      34303   stm32f4xx_hal_cortex.o
       938         16          8          0          0       6902   stm32f4xx_hal_dma.o
       506         46          0          0          0       2384   stm32f4xx_hal_gpio.o
        48          6          0          0          0        858   stm32f4xx_hal_msp.o
      2576         12          0          0          0      14344   stm32f4xx_hal_pcd.o
        78          0          0          0          0       2641   stm32f4xx_hal_pcd_ex.o
      1292         54          0          0          0       4842   stm32f4xx_hal_rcc.o
      1374         42          0          0          0      13003   stm32f4xx_hal_spi.o
      1848        108          0          0          0      18106   stm32f4xx_hal_tim.o
       450         56          0          0          0       5168   stm32f4xx_hal_tim_ex.o
       120         46          0          0          0       7518   stm32f4xx_it.o
      2708        116          0          0          0      24760   stm32f4xx_ll_usb.o
       476         38          0          0         32       2777   svpwm.o
        16          4         16          4          0       1175   system_stm32f4xx.o
       536         46          0          0        144       3199   tim.o
        84         18          0          0        732        812   usb_device.o
        52          6          0          0          0       1056   usb_vcp.o
      1290         38          0        139          0      15381   usbd_cdc.o
       128         22          0         20       4096       3984   usbd_cdc_if.o
       642         24          0          0       1796      17008   usbd_conf.o
       934          0          0          0          0      16495   usbd_core.o
      1360         28          0          1          0      15980   usbd_ctlreq.o
       288        104          0         78        512       6233   usbd_desc.o
       138          0          0          0          0       4920   usbd_ioreq.o
        24          4          4          0        120       1112   vofa.o

    ----------------------------------------------------------------------
     23688       1308        452        336       9688     947541   Object Totals
         0          0         32          0          0          0   (incl. Generated)
        44          0          0          6          0          0   (incl. Padding)

    ----------------------------------------------------------------------

      Code (inc. data)   RO Data    RW Data    ZI Data      Debug   Library Member Name

         0          0       2052          0          0       6294   arm_common_tables.o
       152         12          0          0          0       1104   arm_cos_f32.o
       144         12          0          0          0       1092   arm_sin_f32.o
        90          0          0          0          0          0   __dczerorl2.o
         8          0          0          0          0         68   __main.o
         0          0          0          0          0          0   __rtentry.o
        12          0          0          0          0          0   __rtentry2.o
         6          0          0          0          0          0   __rtentry4.o
        52          8          0          0          0          0   __scatter.o
        28          0          0          0          0          0   __scatter_zi.o
        22          0          0          0          0        100   _rserrno.o
        18          0          0          0          0         80   exit.o
         6          0          0          0          0        152   heapauxi.o
         0          0          0          0          0          0   indicate_semi.o
         2          0          0          0          0          0   libinit.o
         6          0          0          0          0          0   libinit2.o
         2          0          0          0          0          0   libshutdown.o
         2          0          0          0          0          0   libshutdown2.o
         8          4          0          0         96         68   libspace.o
       238          0          0          0          0        100   lludivv7m.o
         8          4          0          0          0         68   rt_errno_addr_intlibspace.o
        78          0          0          0          0         80   rt_memclr_w.o
         2          0          0          0          0          0   rtexit.o
        10          0          0          0          0          0   rtexit2.o
        12          4          0          0          0         68   sys_exit.o
        74          0          0          0          0         80   sys_stackheap_outer.o
         2          0          0          0          0         68   use_no_semi.o
       140          4          0          0          0        132   fnaninf.o
        10          0          0          0          0        116   fpinit.o
       244          8          0          0          0        132   frem_clz.o
         0          0          0          0          0          0   usenofp.o
       176          0          0          0          0        168   fmodf.o
        16          6          0          0          0        116   funder.o

    ----------------------------------------------------------------------
      1576         62       2052          0         96      10086   Library Totals
         8          0          0          0          0          0   (incl. Padding)

    ----------------------------------------------------------------------

      Code (inc. data)   RO Data    RW Data    ZI Data      Debug   Library Name

       296         24       2052          0          0       8490   arm_cortexM4lf_math.lib
       686         20          0          0         96        932   c_w.l
       394         12          0          0          0        380   fz_wm.l
       192          6          0          0          0        284   m_wm.l

    ----------------------------------------------------------------------
      1576         62       2052          0         96      10086   Library Totals

    ----------------------------------------------------------------------

==============================================================================


      Code (inc. data)   RO Data    RW Data    ZI Data      Debug   

     25264       1370       2504        336       9784     931447   Grand Totals
     25264       1370       2504        200       9784     931447   ELF Image Totals (compressed)
     25264       1370       2504        200          0          0   ROM Totals

==============================================================================

    Total RO  Size (Code + RO Data)                27768 (  27.12kB)
    Total RW  Size (RW Data + ZI Data)             10120 (   9.88kB)
    Total ROM Size (Code + RO Data + RW Data)      27968 (  27.31kB)

==============================================================================

