Component: ARM Compiler 5.06 update 7 (build 960) Tool: armlink [4d3601]

==============================================================================

Section Cross References

    startup_stm32f405xx.o(STACK) refers (Special) to heapauxi.o(.text) for __use_two_region_memory
    startup_stm32f405xx.o(HEAP) refers (Special) to heapauxi.o(.text) for __use_two_region_memory
    startup_stm32f405xx.o(RESET) refers (Special) to heapauxi.o(.text) for __use_two_region_memory
    startup_stm32f405xx.o(RESET) refers to startup_stm32f405xx.o(STACK) for __initial_sp
    startup_stm32f405xx.o(RESET) refers to startup_stm32f405xx.o(.text) for Reset_Handler
    startup_stm32f405xx.o(RESET) refers to stm32f4xx_it.o(i.NMI_Handler) for NMI_Handler
    startup_stm32f405xx.o(RESET) refers to stm32f4xx_it.o(i.HardFault_Handler) for HardFault_Handler
    startup_stm32f405xx.o(RESET) refers to stm32f4xx_it.o(i.MemManage_Handler) for MemManage_Handler
    startup_stm32f405xx.o(RESET) refers to stm32f4xx_it.o(i.BusFault_Handler) for BusFault_Handler
    startup_stm32f405xx.o(RESET) refers to stm32f4xx_it.o(i.UsageFault_Handler) for UsageFault_Handler
    startup_stm32f405xx.o(RESET) refers to stm32f4xx_it.o(i.SVC_Handler) for SVC_Handler
    startup_stm32f405xx.o(RESET) refers to stm32f4xx_it.o(i.DebugMon_Handler) for DebugMon_Handler
    startup_stm32f405xx.o(RESET) refers to stm32f4xx_it.o(i.PendSV_Handler) for PendSV_Handler
    startup_stm32f405xx.o(RESET) refers to stm32f4xx_it.o(i.SysTick_Handler) for SysTick_Handler
    startup_stm32f405xx.o(RESET) refers to stm32f4xx_it.o(i.TIM1_UP_TIM10_IRQHandler) for TIM1_UP_TIM10_IRQHandler
    startup_stm32f405xx.o(RESET) refers to stm32f4xx_it.o(i.DMA2_Stream0_IRQHandler) for DMA2_Stream0_IRQHandler
    startup_stm32f405xx.o(RESET) refers to stm32f4xx_it.o(i.DMA2_Stream2_IRQHandler) for DMA2_Stream2_IRQHandler
    startup_stm32f405xx.o(RESET) refers to stm32f4xx_it.o(i.DMA2_Stream3_IRQHandler) for DMA2_Stream3_IRQHandler
    startup_stm32f405xx.o(RESET) refers to stm32f4xx_it.o(i.OTG_FS_IRQHandler) for OTG_FS_IRQHandler
    startup_stm32f405xx.o(.text) refers (Special) to heapauxi.o(.text) for __use_two_region_memory
    startup_stm32f405xx.o(.text) refers to system_stm32f4xx.o(i.SystemInit) for SystemInit
    startup_stm32f405xx.o(.text) refers to __main.o(!!!main) for __main
    startup_stm32f405xx.o(.text) refers to startup_stm32f405xx.o(HEAP) for Heap_Mem
    startup_stm32f405xx.o(.text) refers to startup_stm32f405xx.o(STACK) for Stack_Mem
    main.o(i.HAL_SPI_TxRxCpltCallback) refers to as5047p.o(i.AS5047P_ProcessData) for AS5047P_ProcessData
    main.o(i.SystemClock_Config) refers to rt_memclr_w.o(.text) for __aeabi_memclr4
    main.o(i.SystemClock_Config) refers to stm32f4xx_hal_rcc.o(i.HAL_RCC_OscConfig) for HAL_RCC_OscConfig
    main.o(i.SystemClock_Config) refers to stm32f4xx_hal_rcc.o(i.HAL_RCC_ClockConfig) for HAL_RCC_ClockConfig
    main.o(i.main) refers to stm32f4xx_hal.o(i.HAL_Init) for HAL_Init
    main.o(i.main) refers to main.o(i.SystemClock_Config) for SystemClock_Config
    main.o(i.main) refers to gpio.o(i.MX_GPIO_Init) for MX_GPIO_Init
    main.o(i.main) refers to dma.o(i.MX_DMA_Init) for MX_DMA_Init
    main.o(i.main) refers to adc.o(i.MX_ADC1_Init) for MX_ADC1_Init
    main.o(i.main) refers to tim.o(i.MX_TIM1_Init) for MX_TIM1_Init
    main.o(i.main) refers to spi.o(i.MX_SPI3_Init) for MX_SPI3_Init
    main.o(i.main) refers to usb_device.o(i.MX_USB_DEVICE_Init) for MX_USB_DEVICE_Init
    main.o(i.main) refers to tim.o(i.MX_TIM10_Init) for MX_TIM10_Init
    main.o(i.main) refers to spi.o(i.MX_SPI1_Init) for MX_SPI1_Init
    main.o(i.main) refers to as5047p.o(i.AS5047P_Init) for AS5047P_Init
    main.o(i.main) refers to as5047p.o(i.AS5047P_StartDMA_Read) for AS5047P_StartDMA_Read
    main.o(i.main) refers to as5047p.o(i.AS5047P_ProcessData) for AS5047P_ProcessData
    main.o(i.main) refers to as5047p.o(i.AS5047P_GetRawAngle) for AS5047P_GetRawAngle
    main.o(i.main) refers to as5047p.o(i.AS5047P_GetAngleDeg) for AS5047P_GetAngleDeg
    main.o(i.main) refers to f2d.o(x$fpl$f2d) for __aeabi_f2d
    main.o(i.main) refers to usb_vcp.o(i.VCP_Printf) for VCP_Printf
    main.o(i.main) refers to stm32f4xx_hal.o(i.HAL_Delay) for HAL_Delay
    main.o(i.main) refers to as5047p.o(.bss) for encoder_data
    gpio.o(i.MX_GPIO_Init) refers to rt_memclr_w.o(.text) for __aeabi_memclr4
    gpio.o(i.MX_GPIO_Init) refers to stm32f4xx_hal_gpio.o(i.HAL_GPIO_WritePin) for HAL_GPIO_WritePin
    gpio.o(i.MX_GPIO_Init) refers to stm32f4xx_hal_gpio.o(i.HAL_GPIO_Init) for HAL_GPIO_Init
    adc.o(i.HAL_ADC_MspDeInit) refers to stm32f4xx_hal_gpio.o(i.HAL_GPIO_DeInit) for HAL_GPIO_DeInit
    adc.o(i.HAL_ADC_MspDeInit) refers to stm32f4xx_hal_dma.o(i.HAL_DMA_DeInit) for HAL_DMA_DeInit
    adc.o(i.HAL_ADC_MspInit) refers to rt_memclr_w.o(.text) for __aeabi_memclr4
    adc.o(i.HAL_ADC_MspInit) refers to stm32f4xx_hal_gpio.o(i.HAL_GPIO_Init) for HAL_GPIO_Init
[...]
    TIM1_TRG_COM_TIM11_IRQHandler            0x080002ef   Thumb Code     0  startup_stm32f405xx.o(.text)
    TIM2_IRQHandler                          0x080002ef   Thumb Code     0  startup_stm32f405xx.o(.text)
    TIM3_IRQHandler                          0x080002ef   Thumb Code     0  startup_stm32f405xx.o(.text)
    TIM4_IRQHandler                          0x080002ef   Thumb Code     0  startup_stm32f405xx.o(.text)
    TIM5_IRQHandler                          0x080002ef   Thumb Code     0  startup_stm32f405xx.o(.text)
    TIM6_DAC_IRQHandler                      0x080002ef   Thumb Code     0  startup_stm32f405xx.o(.text)
    TIM7_IRQHandler                          0x080002ef   Thumb Code     0  startup_stm32f405xx.o(.text)
    TIM8_BRK_TIM12_IRQHandler                0x080002ef   Thumb Code     0  startup_stm32f405xx.o(.text)
    TIM8_CC_IRQHandler                       0x080002ef   Thumb Code     0  startup_stm32f405xx.o(.text)
    TIM8_TRG_COM_TIM14_IRQHandler            0x080002ef   Thumb Code     0  startup_stm32f405xx.o(.text)
    TIM8_UP_TIM13_IRQHandler                 0x080002ef   Thumb Code     0  startup_stm32f405xx.o(.text)
    UART4_IRQHandler                         0x080002ef   Thumb Code     0  startup_stm32f405xx.o(.text)
    UART5_IRQHandler                         0x080002ef   Thumb Code     0  startup_stm32f405xx.o(.text)
    USART1_IRQHandler                        0x080002ef   Thumb Code     0  startup_stm32f405xx.o(.text)
    USART2_IRQHandler                        0x080002ef   Thumb Code     0  startup_stm32f405xx.o(.text)
    USART3_IRQHandler                        0x080002ef   Thumb Code     0  startup_stm32f405xx.o(.text)
    USART6_IRQHandler                        0x080002ef   Thumb Code     0  startup_stm32f405xx.o(.text)
    WWDG_IRQHandler                          0x080002ef   Thumb Code     0  startup_stm32f405xx.o(.text)
    __user_initial_stackheap                 0x080002f1   Thumb Code     0  startup_stm32f405xx.o(.text)
    __aeabi_uldivmod                         0x08000315   Thumb Code     0  lludivv7m.o(.text)
    _ll_udiv                                 0x08000315   Thumb Code   238  lludivv7m.o(.text)
    vsnprintf                                0x08000405   Thumb Code    48  vsnprintf.o(.text)
    __aeabi_memclr4                          0x08000439   Thumb Code     0  rt_memclr_w.o(.text)
    __aeabi_memclr8                          0x08000439   Thumb Code     0  rt_memclr_w.o(.text)
    __rt_memclr_w                            0x08000439   Thumb Code    78  rt_memclr_w.o(.text)
    _memset_w                                0x0800043d   Thumb Code     0  rt_memclr_w.o(.text)
    __use_two_region_memory                  0x08000487   Thumb Code     2  heapauxi.o(.text)
    __rt_heap_escrow$2region                 0x08000489   Thumb Code     2  heapauxi.o(.text)
    __rt_heap_expand$2region                 0x0800048b   Thumb Code     2  heapauxi.o(.text)
    _printf_pre_padding                      0x0800048d   Thumb Code    44  _printf_pad.o(.text)
    _printf_post_padding                     0x080004b9   Thumb Code    34  _printf_pad.o(.text)
    _printf_truncate_signed                  0x080004db   Thumb Code    18  _printf_truncate.o(.text)
    _printf_truncate_unsigned                0x080004ed   Thumb Code    18  _printf_truncate.o(.text)
    _printf_str                              0x080004ff   Thumb Code    82  _printf_str.o(.text)
    _printf_int_dec                          0x08000551   Thumb Code   104  _printf_dec.o(.text)
    _printf_charcount                        0x080005c9   Thumb Code    40  _printf_charcount.o(.text)
    _printf_char_common                      0x080005fb   Thumb Code    32  _printf_char_common.o(.text)
    _sputc                                   0x08000621   Thumb Code    10  _sputc.o(.text)
    _snputc                                  0x0800062b   Thumb Code    16  _snputc.o(.text)
    _printf_wctomb                           0x0800063d   Thumb Code   182  _printf_wctomb.o(.text)
    _printf_longlong_dec                     0x080006f9   Thumb Code   108  _printf_longlong_dec.o(.text)
    _printf_longlong_oct                     0x08000775   Thumb Code    66  _printf_oct_int_ll.o(.text)
    _printf_int_oct                          0x080007b7   Thumb Code    24  _printf_oct_int_ll.o(.text)
    _printf_ll_oct                           0x080007cf   Thumb Code    12  _printf_oct_int_ll.o(.text)
    _printf_longlong_hex                     0x080007e5   Thumb Code    86  _printf_hex_int_ll_ptr.o(.text)
    _printf_int_hex                          0x0800083b   Thumb Code    28  _printf_hex_int_ll_ptr.o(.text)
    _printf_ll_hex                           0x08000857   Thumb Code    12  _printf_hex_int_ll_ptr.o(.text)
    _printf_hex_ptr                          0x08000863   Thumb Code    18  _printf_hex_int_ll_ptr.o(.text)
    __printf                                 0x08000879   Thumb Code   388  __printf_flags_ss_wp.o(.text)
    _ll_udiv10                               0x08000a01   Thumb Code   138  lludiv10.o(.text)
    _printf_int_common                       0x08000a8b   Thumb Code   178  _printf_intcommon.o(.text)
    __lib_sel_fp_printf                      0x08000b3d   Thumb Code     2  _printf_fp_dec.o(.text)
    _printf_fp_dec_real                      0x08000cef   Thumb Code   620  _printf_fp_dec.o(.text)
    _printf_fp_hex_real                      0x08000f5d   Thumb Code   756  _printf_fp_hex.o(.text)
    _printf_cs_common                        0x08001259   Thumb Code    20  _printf_char.o(.text)
    _printf_char                             0x0800126d   Thumb Code    16  _printf_char.o(.text)
    _printf_string                           0x0800127d   Thumb Code     8  _printf_char.o(.text)
    _printf_lcs_common                       0x08001285   Thumb Code    20  _printf_wchar.o(.text)
    _printf_wchar                            0x08001299   Thumb Code    16  _printf_wchar.o(.text)
    _printf_wstring                          0x080012a9   Thumb Code     8  _printf_wchar.o(.text)
    _wcrtomb                                 0x080012b1   Thumb Code    64  _wcrtomb.o(.text)
    __user_setup_stackheap                   0x080012f1   Thumb Code    74  sys_stackheap_outer.o(.text)
    __rt_ctype_table                         0x0800133d   Thumb Code    16  rt_ctype_table.o(.text)
    __rt_locale                              0x0800134d   Thumb Code     8  rt_locale_intlibspace.o(.text)
    _printf_fp_infnan                        0x08001355   Thumb Code   112  _printf_fp_infnan.o(.text)
    _btod_etento                             0x080013d5   Thumb Code   224  bigflt0.o(.text)
    exit                                     0x080014b9   Thumb Code    18  exit.o(.text)
    __user_libspace                          0x080014cd   Thumb Code     8  libspace.o(.text)
    __user_perproc_libspace                  0x080014cd   Thumb Code     0  libspace.o(.text)
    __user_perthread_libspace                0x080014cd   Thumb Code     0  libspace.o(.text)
    strcmp                                   0x080014d5   Thumb Code   128  strcmpv7m.o(.text)
    _sys_exit                                0x08001555   Thumb Code     8  sys_exit.o(.text)
    __I$use$semihosting                      0x08001561   Thumb Code     0  use_no_semi.o(.text)
    __use_no_semihosting_swi                 0x08001561   Thumb Code     2  use_no_semi.o(.text)
    __semihosting_library_function           0x08001563   Thumb Code     0  indicate_semi.o(.text)
    _btod_d2e                                0x08001563   Thumb Code    62  btod.o(CL$$btod_d2e)
    _d2e_denorm_low                          0x080015a1   Thumb Code    70  btod.o(CL$$btod_d2e_denorm_low)
    _d2e_norm_op1                            0x080015e7   Thumb Code    96  btod.o(CL$$btod_d2e_norm_op1)
    __btod_div_common                        0x08001647   Thumb Code   696  btod.o(CL$$btod_div_common)
    _e2e                                     0x0800197f   Thumb Code   220  btod.o(CL$$btod_e2e)
    _btod_ediv                               0x08001a5b   Thumb Code    42  btod.o(CL$$btod_ediv)
    _btod_emul                               0x08001a85   Thumb Code    42  btod.o(CL$$btod_emul)
    __btod_mult_common                       0x08001aaf   Thumb Code   580  btod.o(CL$$btod_mult_common)
    AS5047P_GetAngleDeg                      0x08001e2d   Thumb Code     8  as5047p.o(i.AS5047P_GetAngleDeg)
    AS5047P_GetRawAngle                      0x08001e39   Thumb Code     6  as5047p.o(i.AS5047P_GetRawAngle)
    AS5047P_Init                             0x08001e45   Thumb Code    14  as5047p.o(i.AS5047P_Init)
    AS5047P_ProcessData                      0x08001e59   Thumb Code   112  as5047p.o(i.AS5047P_ProcessData)
    AS5047P_StartDMA_Read                    0x08001edd   Thumb Code    54  as5047p.o(i.AS5047P_StartDMA_Read)
    BusFault_Handler                         0x08001f21   Thumb Code     2  stm32f4xx_it.o(i.BusFault_Handler)
    CDC_Transmit_FS                          0x08001f79   Thumb Code    38  usbd_cdc_if.o(i.CDC_Transmit_FS)
    DMA2_Stream0_IRQHandler                  0x08001fa5   Thumb Code     6  stm32f4xx_it.o(i.DMA2_Stream0_IRQHandler)
    DMA2_Stream2_IRQHandler                  0x08001fb1   Thumb Code     6  stm32f4xx_it.o(i.DMA2_Stream2_IRQHandler)
    DMA2_Stream3_IRQHandler                  0x08001fbd   Thumb Code     6  stm32f4xx_it.o(i.DMA2_Stream3_IRQHandler)
    DebugMon_Handler                         0x0800206d   Thumb Code     2  stm32f4xx_it.o(i.DebugMon_Handler)
    Error_Handler                            0x0800206f   Thumb Code     4  main.o(i.Error_Handler)
    HAL_ADCEx_InjectedConfigChannel          0x08002075   Thumb Code   428  stm32f4xx_hal_adc_ex.o(i.HAL_ADCEx_InjectedConfigChannel)
    HAL_ADC_ConfigChannel                    0x08002231   Thumb Code   316  stm32f4xx_hal_adc.o(i.HAL_ADC_ConfigChannel)
    HAL_ADC_Init                             0x0800237d   Thumb Code    84  stm32f4xx_hal_adc.o(i.HAL_ADC_Init)
    HAL_ADC_MspInit                          0x080023d1   Thumb Code   160  adc.o(i.HAL_ADC_MspInit)
    HAL_DMA_IRQHandler                       0x08002489   Thumb Code   412  stm32f4xx_hal_dma.o(i.HAL_DMA_IRQHandler)
    HAL_DMA_Init                             0x08002629   Thumb Code   206  stm32f4xx_hal_dma.o(i.HAL_DMA_Init)
    HAL_DMA_Start_IT                         0x080026fd   Thumb Code   110  stm32f4xx_hal_dma.o(i.HAL_DMA_Start_IT)
    HAL_Delay                                0x0800276d   Thumb Code    32  stm32f4xx_hal.o(i.HAL_Delay)
    HAL_GPIO_Init                            0x08002791   Thumb Code   450  stm32f4xx_hal_gpio.o(i.HAL_GPIO_Init)
    HAL_GPIO_WritePin                        0x08002981   Thumb Code    10  stm32f4xx_hal_gpio.o(i.HAL_GPIO_WritePin)
    HAL_GetTick                              0x0800298d   Thumb Code     6  stm32f4xx_hal.o(i.HAL_GetTick)
    HAL_IncTick                              0x08002999   Thumb Code    12  stm32f4xx_hal.o(i.HAL_IncTick)
    HAL_Init                                 0x080029a9   Thumb Code    48  stm32f4xx_hal.o(i.HAL_Init)
    HAL_InitTick                             0x080029dd   Thumb Code    54  stm32f4xx_hal.o(i.HAL_InitTick)
    HAL_MspInit                              0x08002a1d   Thumb Code    42  stm32f4xx_hal_msp.o(i.HAL_MspInit)
    HAL_NVIC_EnableIRQ                       0x08002a4d   Thumb Code    26  stm32f4xx_hal_cortex.o(i.HAL_NVIC_EnableIRQ)
    HAL_NVIC_SetPriority                     0x08002a69   Thumb Code    60  stm32f4xx_hal_cortex.o(i.HAL_NVIC_SetPriority)
    HAL_NVIC_SetPriorityGrouping             0x08002aa9   Thumb Code    26  stm32f4xx_hal_cortex.o(i.HAL_NVIC_SetPriorityGrouping)
    HAL_PCDEx_LPM_Callback                   0x08002acd   Thumb Code     2  stm32f4xx_hal_pcd_ex.o(i.HAL_PCDEx_LPM_Callback)
    HAL_PCDEx_SetRxFiFo                      0x08002acf   Thumb Code     8  stm32f4xx_hal_pcd_ex.o(i.HAL_PCDEx_SetRxFiFo)
    HAL_PCDEx_SetTxFiFo                      0x08002ad7   Thumb Code    68  stm32f4xx_hal_pcd_ex.o(i.HAL_PCDEx_SetTxFiFo)
    HAL_PCD_ConnectCallback                  0x08002b1b   Thumb Code     8  usbd_conf.o(i.HAL_PCD_ConnectCallback)
    HAL_PCD_DataInStageCallback              0x08002b23   Thumb Code    18  usbd_conf.o(i.HAL_PCD_DataInStageCallback)
    HAL_PCD_DataOutStageCallback             0x08002b35   Thumb Code    20  usbd_conf.o(i.HAL_PCD_DataOutStageCallback)
    HAL_PCD_DisconnectCallback               0x08002b49   Thumb Code     8  usbd_conf.o(i.HAL_PCD_DisconnectCallback)
    HAL_PCD_EP_Abort                         0x08002b51   Thumb Code    30  stm32f4xx_hal_pcd.o(i.HAL_PCD_EP_Abort)
    HAL_PCD_EP_Close                         0x08002b6f   Thumb Code    74  stm32f4xx_hal_pcd.o(i.HAL_PCD_EP_Close)
    HAL_PCD_EP_ClrStall                      0x08002bb9   Thumb Code    90  stm32f4xx_hal_pcd.o(i.HAL_PCD_EP_ClrStall)
    HAL_PCD_EP_GetRxCount                    0x08002c13   Thumb Code    18  stm32f4xx_hal_pcd.o(i.HAL_PCD_EP_GetRxCount)
    HAL_PCD_EP_Open                          0x08002c25   Thumb Code    98  stm32f4xx_hal_pcd.o(i.HAL_PCD_EP_Open)
    HAL_PCD_EP_Receive                       0x08002c87   Thumb Code    56  stm32f4xx_hal_pcd.o(i.HAL_PCD_EP_Receive)
    HAL_PCD_EP_SetStall                      0x08002cbf   Thumb Code   114  stm32f4xx_hal_pcd.o(i.HAL_PCD_EP_SetStall)
    HAL_PCD_EP_Transmit                      0x08002d31   Thumb Code    50  stm32f4xx_hal_pcd.o(i.HAL_PCD_EP_Transmit)
    HAL_PCD_IRQHandler                       0x08002d65   Thumb Code  1372  stm32f4xx_hal_pcd.o(i.HAL_PCD_IRQHandler)
    HAL_PCD_ISOINIncompleteCallback          0x080032c1   Thumb Code     8  usbd_conf.o(i.HAL_PCD_ISOINIncompleteCallback)
    HAL_PCD_ISOOUTIncompleteCallback         0x080032c9   Thumb Code     8  usbd_conf.o(i.HAL_PCD_ISOOUTIncompleteCallback)
    HAL_PCD_Init                             0x080032d1   Thumb Code   204  stm32f4xx_hal_pcd.o(i.HAL_PCD_Init)
    HAL_PCD_MspInit                          0x0800339d   Thumb Code   122  usbd_conf.o(i.HAL_PCD_MspInit)
    HAL_PCD_ResetCallback                    0x08003421   Thumb Code    44  usbd_conf.o(i.HAL_PCD_ResetCallback)
    HAL_PCD_ResumeCallback                   0x0800344d   Thumb Code     8  usbd_conf.o(i.HAL_PCD_ResumeCallback)
    HAL_PCD_SOFCallback                      0x08003455   Thumb Code     8  usbd_conf.o(i.HAL_PCD_SOFCallback)
    HAL_PCD_SetAddress                       0x0800345d   Thumb Code    38  stm32f4xx_hal_pcd.o(i.HAL_PCD_SetAddress)
    HAL_PCD_SetupStageCallback               0x08003483   Thumb Code    14  usbd_conf.o(i.HAL_PCD_SetupStageCallback)
    HAL_PCD_Start                            0x08003491   Thumb Code    66  stm32f4xx_hal_pcd.o(i.HAL_PCD_Start)
    HAL_PCD_SuspendCallback                  0x080034d5   Thumb Code    44  usbd_conf.o(i.HAL_PCD_SuspendCallback)
    HAL_RCC_ClockConfig                      0x08003505   Thumb Code   288  stm32f4xx_hal_rcc.o(i.HAL_RCC_ClockConfig)
    HAL_RCC_GetHCLKFreq                      0x08003639   Thumb Code     6  stm32f4xx_hal_rcc.o(i.HAL_RCC_GetHCLKFreq)
    HAL_RCC_GetSysClockFreq                  0x08003645   Thumb Code    88  stm32f4xx_hal_rcc.o(i.HAL_RCC_GetSysClockFreq)
    HAL_RCC_OscConfig                        0x080036a5   Thumb Code   856  stm32f4xx_hal_rcc.o(i.HAL_RCC_OscConfig)
    HAL_SPI_ErrorCallback                    0x08003a11   Thumb Code     2  stm32f4xx_hal_spi.o(i.HAL_SPI_ErrorCallback)
    HAL_SPI_Init                             0x08003a13   Thumb Code   188  stm32f4xx_hal_spi.o(i.HAL_SPI_Init)
    HAL_SPI_MspInit                          0x08003ad1   Thumb Code   260  spi.o(i.HAL_SPI_MspInit)
    HAL_SPI_RxCpltCallback                   0x08003bf1   Thumb Code     2  stm32f4xx_hal_spi.o(i.HAL_SPI_RxCpltCallback)
    HAL_SPI_RxHalfCpltCallback               0x08003bf3   Thumb Code     2  stm32f4xx_hal_spi.o(i.HAL_SPI_RxHalfCpltCallback)
    HAL_SPI_TransmitReceive_DMA              0x08003bf5   Thumb Code   252  stm32f4xx_hal_spi.o(i.HAL_SPI_TransmitReceive_DMA)
    HAL_SPI_TxRxCpltCallback                 0x08003d05   Thumb Code    14  main.o(i.HAL_SPI_TxRxCpltCallback)
    HAL_SPI_TxRxHalfCpltCallback             0x08003d19   Thumb Code     2  stm32f4xx_hal_spi.o(i.HAL_SPI_TxRxHalfCpltCallback)
    HAL_SYSTICK_Config                       0x08003d1b   Thumb Code    40  stm32f4xx_hal_cortex.o(i.HAL_SYSTICK_Config)
    HAL_TIMEx_BreakCallback                  0x08003d43   Thumb Code     2  stm32f4xx_hal_tim_ex.o(i.HAL_TIMEx_BreakCallback)
    HAL_TIMEx_CommutCallback                 0x08003d45   Thumb Code     2  stm32f4xx_hal_tim_ex.o(i.HAL_TIMEx_CommutCallback)
    HAL_TIMEx_ConfigBreakDeadTime            0x08003d47   Thumb Code    84  stm32f4xx_hal_tim_ex.o(i.HAL_TIMEx_ConfigBreakDeadTime)
    HAL_TIMEx_MasterConfigSynchronization    0x08003d9d   Thumb Code   116  stm32f4xx_hal_tim_ex.o(i.HAL_TIMEx_MasterConfigSynchronization)
    HAL_TIM_Base_Init                        0x08003e2d   Thumb Code    90  stm32f4xx_hal_tim.o(i.HAL_TIM_Base_Init)
    HAL_TIM_Base_MspInit                     0x08003e89   Thumb Code    72  tim.o(i.HAL_TIM_Base_MspInit)
    HAL_TIM_ConfigClockSource                0x08003edd   Thumb Code   220  stm32f4xx_hal_tim.o(i.HAL_TIM_ConfigClockSource)
    HAL_TIM_IC_CaptureCallback               0x08003fb9   Thumb Code     2  stm32f4xx_hal_tim.o(i.HAL_TIM_IC_CaptureCallback)
    HAL_TIM_IRQHandler                       0x08003fbb   Thumb Code   304  stm32f4xx_hal_tim.o(i.HAL_TIM_IRQHandler)
    HAL_TIM_MspPostInit                      0x080040ed   Thumb Code   110  tim.o(i.HAL_TIM_MspPostInit)
    HAL_TIM_OC_ConfigChannel                 0x0800416d   Thumb Code    82  stm32f4xx_hal_tim.o(i.HAL_TIM_OC_ConfigChannel)
    HAL_TIM_OC_DelayElapsedCallback          0x080041bf   Thumb Code     2  stm32f4xx_hal_tim.o(i.HAL_TIM_OC_DelayElapsedCallback)
    HAL_TIM_OC_Init                          0x080041c1   Thumb Code    90  stm32f4xx_hal_tim.o(i.HAL_TIM_OC_Init)
    HAL_TIM_OC_MspInit                       0x0800421b   Thumb Code     2  stm32f4xx_hal_tim.o(i.HAL_TIM_OC_MspInit)
    HAL_TIM_PWM_ConfigChannel                0x0800421d   Thumb Code   204  stm32f4xx_hal_tim.o(i.HAL_TIM_PWM_ConfigChannel)
    HAL_TIM_PWM_Init                         0x080042e9   Thumb Code    90  stm32f4xx_hal_tim.o(i.HAL_TIM_PWM_Init)
    HAL_TIM_PWM_MspInit                      0x08004343   Thumb Code     2  stm32f4xx_hal_tim.o(i.HAL_TIM_PWM_MspInit)
    HAL_TIM_PWM_PulseFinishedCallback        0x08004345   Thumb Code     2  stm32f4xx_hal_tim.o(i.HAL_TIM_PWM_PulseFinishedCallback)
    HAL_TIM_PeriodElapsedCallback            0x08004347   Thumb Code     2  stm32f4xx_hal_tim.o(i.HAL_TIM_PeriodElapsedCallback)
    HAL_TIM_TriggerCallback                  0x08004349   Thumb Code     2  stm32f4xx_hal_tim.o(i.HAL_TIM_TriggerCallback)
    HardFault_Handler                        0x0800434b   Thumb Code     2  stm32f4xx_it.o(i.HardFault_Handler)
    MX_ADC1_Init                             0x08004385   Thumb Code   308  adc.o(i.MX_ADC1_Init)
    MX_DMA_Init                              0x080044c1   Thumb Code    72  dma.o(i.MX_DMA_Init)
    MX_GPIO_Init                             0x0800450d   Thumb Code   238  gpio.o(i.MX_GPIO_Init)
    MX_SPI1_Init                             0x08004611   Thumb Code    66  spi.o(i.MX_SPI1_Init)
    MX_SPI3_Init                             0x0800465d   Thumb Code    60  spi.o(i.MX_SPI3_Init)
    MX_TIM10_Init                            0x080046a1   Thumb Code    46  tim.o(i.MX_TIM10_Init)
    MX_TIM1_Init                             0x080046d9   Thumb Code   254  tim.o(i.MX_TIM1_Init)
    MX_USB_DEVICE_Init                       0x080047e1   Thumb Code    66  usb_device.o(i.MX_USB_DEVICE_Init)
    MemManage_Handler                        0x08004835   Thumb Code     2  stm32f4xx_it.o(i.MemManage_Handler)
    NMI_Handler                              0x08004837   Thumb Code     2  stm32f4xx_it.o(i.NMI_Handler)
    OTG_FS_IRQHandler                        0x08004839   Thumb Code     6  stm32f4xx_it.o(i.OTG_FS_IRQHandler)
    PendSV_Handler                           0x080049b3   Thumb Code     2  stm32f4xx_it.o(i.PendSV_Handler)
    SVC_Handler                              0x08004c35   Thumb Code     2  stm32f4xx_it.o(i.SVC_Handler)
    SysTick_Handler                          0x08004c41   Thumb Code     4  stm32f4xx_it.o(i.SysTick_Handler)
    SystemClock_Config                       0x08004c45   Thumb Code   140  main.o(i.SystemClock_Config)
    SystemInit                               0x08004cd9   Thumb Code    12  system_stm32f4xx.o(i.SystemInit)
    TIM1_UP_TIM10_IRQHandler                 0x08004ce9   Thumb Code    18  stm32f4xx_it.o(i.TIM1_UP_TIM10_IRQHandler)
    TIM_Base_SetConfig                       0x08004d05   Thumb Code   164  stm32f4xx_hal_tim.o(i.TIM_Base_SetConfig)
    TIM_ETR_SetConfig                        0x08004dd5   Thumb Code    20  stm32f4xx_hal_tim.o(i.TIM_ETR_SetConfig)
    TIM_OC2_SetConfig                        0x08004e59   Thumb Code    98  stm32f4xx_hal_tim.o(i.TIM_OC2_SetConfig)
    USBD_CDC_GetDeviceQualifierDescriptor    0x08005141   Thumb Code     8  usbd_cdc.o(i.USBD_CDC_GetDeviceQualifierDescriptor)
    USBD_CDC_ReceivePacket                   0x08005325   Thumb Code    50  usbd_cdc.o(i.USBD_CDC_ReceivePacket)
    USBD_CDC_RegisterInterface               0x0800535d   Thumb Code    22  usbd_cdc.o(i.USBD_CDC_RegisterInterface)
    USBD_CDC_SetRxBuffer                     0x08005373   Thumb Code    26  usbd_cdc.o(i.USBD_CDC_SetRxBuffer)
    USBD_CDC_SetTxBuffer                     0x0800538d   Thumb Code    30  usbd_cdc.o(i.USBD_CDC_SetTxBuffer)
    USBD_CDC_TransmitPacket                  0x08005481   Thumb Code    76  usbd_cdc.o(i.USBD_CDC_TransmitPacket)
    USBD_ClrClassConfig                      0x080054d1   Thumb Code    20  usbd_core.o(i.USBD_ClrClassConfig)
    USBD_CoreFindEP                          0x080054e5   Thumb Code     4  usbd_core.o(i.USBD_CoreFindEP)
    USBD_CoreFindIF                          0x080054e9   Thumb Code     4  usbd_core.o(i.USBD_CoreFindIF)
    USBD_CtlContinueRx                       0x080054ed   Thumb Code    16  usbd_ioreq.o(i.USBD_CtlContinueRx)
    USBD_CtlContinueSendData                 0x080054fd   Thumb Code    16  usbd_ioreq.o(i.USBD_CtlContinueSendData)
    USBD_CtlError                            0x0800550d   Thumb Code    22  usbd_ctlreq.o(i.USBD_CtlError)
    USBD_CtlPrepareRx                        0x08005523   Thumb Code    34  usbd_ioreq.o(i.USBD_CtlPrepareRx)
    USBD_CtlReceiveStatus                    0x08005545   Thumb Code    22  usbd_ioreq.o(i.USBD_CtlReceiveStatus)
    USBD_CtlSendData                         0x0800555b   Thumb Code    28  usbd_ioreq.o(i.USBD_CtlSendData)
    USBD_CtlSendStatus                       0x08005577   Thumb Code    22  usbd_ioreq.o(i.USBD_CtlSendStatus)
    USBD_FS_ConfigStrDescriptor              0x0800558d   Thumb Code    16  usbd_desc.o(i.USBD_FS_ConfigStrDescriptor)
    USBD_FS_DeviceDescriptor                 0x080055ad   Thumb Code     8  usbd_desc.o(i.USBD_FS_DeviceDescriptor)
    USBD_FS_InterfaceStrDescriptor           0x080055b9   Thumb Code    16  usbd_desc.o(i.USBD_FS_InterfaceStrDescriptor)
    USBD_FS_LangIDStrDescriptor              0x080055dd   Thumb Code     8  usbd_desc.o(i.USBD_FS_LangIDStrDescriptor)
    USBD_FS_ManufacturerStrDescriptor        0x080055e9   Thumb Code    16  usbd_desc.o(i.USBD_FS_ManufacturerStrDescriptor)
    USBD_FS_ProductStrDescriptor             0x08005611   Thumb Code    16  usbd_desc.o(i.USBD_FS_ProductStrDescriptor)
    USBD_FS_SerialStrDescriptor              0x0800563d   Thumb Code    48  usbd_desc.o(i.USBD_FS_SerialStrDescriptor)
    USBD_GetEpDesc                           0x0800575b   Thumb Code    58  usbd_core.o(i.USBD_GetEpDesc)
    USBD_GetNextDesc                         0x080057a9   Thumb Code    14  usbd_core.o(i.USBD_GetNextDesc)
    USBD_GetString                           0x080057b7   Thumb Code    78  usbd_ctlreq.o(i.USBD_GetString)
    USBD_Get_USB_Status                      0x08005805   Thumb Code    24  usbd_conf.o(i.USBD_Get_USB_Status)
    USBD_Init                                0x0800581d   Thumb Code    38  usbd_core.o(i.USBD_Init)
    USBD_LL_ClearStallEP                     0x08005843   Thumb Code    18  usbd_conf.o(i.USBD_LL_ClearStallEP)
    USBD_LL_CloseEP                          0x08005855   Thumb Code    18  usbd_conf.o(i.USBD_LL_CloseEP)
    USBD_LL_DataInStage                      0x08005867   Thumb Code   184  usbd_core.o(i.USBD_LL_DataInStage)
    USBD_LL_DataOutStage                     0x0800591f   Thumb Code   148  usbd_core.o(i.USBD_LL_DataOutStage)
    USBD_LL_DevConnected                     0x080059b3   Thumb Code     4  usbd_core.o(i.USBD_LL_DevConnected)
    USBD_LL_DevDisconnected                  0x080059b7   Thumb Code    30  usbd_core.o(i.USBD_LL_DevDisconnected)
    USBD_LL_GetRxDataSize                    0x080059d5   Thumb Code     8  usbd_conf.o(i.USBD_LL_GetRxDataSize)
    USBD_LL_Init                             0x080059dd   Thumb Code    90  usbd_conf.o(i.USBD_LL_Init)
    USBD_LL_IsStallEP                        0x08005a3d   Thumb Code    30  usbd_conf.o(i.USBD_LL_IsStallEP)
    USBD_LL_IsoINIncomplete                  0x08005a5b   Thumb Code    40  usbd_core.o(i.USBD_LL_IsoINIncomplete)
    USBD_LL_IsoOUTIncomplete                 0x08005a83   Thumb Code    40  usbd_core.o(i.USBD_LL_IsoOUTIncomplete)
    USBD_LL_OpenEP                           0x08005aab   Thumb Code    24  usbd_conf.o(i.USBD_LL_OpenEP)
    USBD_LL_PrepareReceive                   0x08005ac3   Thumb Code    18  usbd_conf.o(i.USBD_LL_PrepareReceive)
    USBD_LL_Reset                            0x08005ad5   Thumb Code    94  usbd_core.o(i.USBD_LL_Reset)
    USBD_LL_Resume                           0x08005b33   Thumb Code    20  usbd_core.o(i.USBD_LL_Resume)
    USBD_LL_SOF                              0x08005b47   Thumb Code    26  usbd_core.o(i.USBD_LL_SOF)
    USBD_LL_SetSpeed                         0x08005b61   Thumb Code     6  usbd_core.o(i.USBD_LL_SetSpeed)
    USBD_LL_SetUSBAddress                    0x08005b67   Thumb Code    18  usbd_conf.o(i.USBD_LL_SetUSBAddress)
    USBD_LL_SetupStage                       0x08005b79   Thumb Code    96  usbd_core.o(i.USBD_LL_SetupStage)
    USBD_LL_StallEP                          0x08005bd9   Thumb Code    18  usbd_conf.o(i.USBD_LL_StallEP)
    USBD_LL_Start                            0x08005beb   Thumb Code    18  usbd_conf.o(i.USBD_LL_Start)
    USBD_LL_Suspend                          0x08005bfd   Thumb Code    26  usbd_core.o(i.USBD_LL_Suspend)
    USBD_LL_Transmit                         0x08005c17   Thumb Code    18  usbd_conf.o(i.USBD_LL_Transmit)
    USBD_ParseSetupRequest                   0x08005c29   Thumb Code    44  usbd_ctlreq.o(i.USBD_ParseSetupRequest)
    USBD_RegisterClass                       0x08005c55   Thumb Code    58  usbd_core.o(i.USBD_RegisterClass)
    USBD_SetClassConfig                      0x08005c8f   Thumb Code    20  usbd_core.o(i.USBD_SetClassConfig)
    USBD_Start                               0x08005d5d   Thumb Code     4  usbd_core.o(i.USBD_Start)
    USBD_StdDevReq                           0x08005d61   Thumb Code   300  usbd_ctlreq.o(i.USBD_StdDevReq)
    USBD_StdEPReq                            0x08005e8d   Thumb Code   358  usbd_ctlreq.o(i.USBD_StdEPReq)
    USBD_StdItfReq                           0x08005ff3   Thumb Code   114  usbd_ctlreq.o(i.USBD_StdItfReq)
    USBD_static_free                         0x08006065   Thumb Code     2  usbd_conf.o(i.USBD_static_free)
    USBD_static_malloc                       0x08006069   Thumb Code     4  usbd_conf.o(i.USBD_static_malloc)
    USB_ActivateEndpoint                     0x08006071   Thumb Code   122  stm32f4xx_ll_usb.o(i.USB_ActivateEndpoint)
    USB_ActivateSetup                        0x080060f1   Thumb Code    28  stm32f4xx_ll_usb.o(i.USB_ActivateSetup)
    USB_CoreInit                             0x0800610d   Thumb Code   126  stm32f4xx_ll_usb.o(i.USB_CoreInit)
    USB_DeactivateEndpoint                   0x080061d5   Thumb Code   194  stm32f4xx_ll_usb.o(i.USB_DeactivateEndpoint)
    USB_DevConnect                           0x080062a1   Thumb Code    28  stm32f4xx_ll_usb.o(i.USB_DevConnect)
    USB_DevDisconnect                        0x080062bd   Thumb Code    28  stm32f4xx_ll_usb.o(i.USB_DevDisconnect)
    USB_DevInit                              0x080062d9   Thumb Code   370  stm32f4xx_ll_usb.o(i.USB_DevInit)
    USB_DisableGlobalInt                     0x08006455   Thumb Code    12  stm32f4xx_ll_usb.o(i.USB_DisableGlobalInt)
    USB_EP0_OutStart                         0x08006461   Thumb Code    84  stm32f4xx_ll_usb.o(i.USB_EP0_OutStart)
    USB_EPClearStall                         0x080064b9   Thumb Code    88  stm32f4xx_ll_usb.o(i.USB_EPClearStall)
    USB_EPSetStall                           0x08006511   Thumb Code    88  stm32f4xx_ll_usb.o(i.USB_EPSetStall)
    USB_EPStartXfer                          0x08006569   Thumb Code   562  stm32f4xx_ll_usb.o(i.USB_EPStartXfer)
    USB_EPStopXfer                           0x080067a1   Thumb Code   158  stm32f4xx_ll_usb.o(i.USB_EPStopXfer)
    USB_EnableGlobalInt                      0x0800683f   Thumb Code    12  stm32f4xx_ll_usb.o(i.USB_EnableGlobalInt)
    USB_FlushRxFifo                          0x0800684b   Thumb Code    56  stm32f4xx_ll_usb.o(i.USB_FlushRxFifo)
    USB_FlushTxFifo                          0x08006883   Thumb Code    60  stm32f4xx_ll_usb.o(i.USB_FlushTxFifo)
    USB_GetDevSpeed                          0x080068bf   Thumb Code    26  stm32f4xx_ll_usb.o(i.USB_GetDevSpeed)
    USB_GetMode                              0x080068d9   Thumb Code     8  stm32f4xx_ll_usb.o(i.USB_GetMode)
    USB_ReadDevAllInEpInterrupt              0x080068e1   Thumb Code    14  stm32f4xx_ll_usb.o(i.USB_ReadDevAllInEpInterrupt)
    USB_ReadDevAllOutEpInterrupt             0x080068ef   Thumb Code    14  stm32f4xx_ll_usb.o(i.USB_ReadDevAllOutEpInterrupt)
    USB_ReadDevInEPInterrupt                 0x080068fd   Thumb Code    36  stm32f4xx_ll_usb.o(i.USB_ReadDevInEPInterrupt)
    USB_ReadDevOutEPInterrupt                0x08006921   Thumb Code    16  stm32f4xx_ll_usb.o(i.USB_ReadDevOutEPInterrupt)
    USB_ReadInterrupts                       0x08006931   Thumb Code     8  stm32f4xx_ll_usb.o(i.USB_ReadInterrupts)
    USB_ReadPacket                           0x08006939   Thumb Code    62  stm32f4xx_ll_usb.o(i.USB_ReadPacket)
    USB_SetCurrentMode                       0x08006977   Thumb Code    92  stm32f4xx_ll_usb.o(i.USB_SetCurrentMode)
    USB_SetDevAddress                        0x080069d3   Thumb Code    34  stm32f4xx_ll_usb.o(i.USB_SetDevAddress)
    USB_SetTurnaroundTime                    0x080069f5   Thumb Code   158  stm32f4xx_ll_usb.o(i.USB_SetTurnaroundTime)
    USB_WritePacket                          0x08006add   Thumb Code    40  stm32f4xx_ll_usb.o(i.USB_WritePacket)
    UsageFault_Handler                       0x08006b05   Thumb Code     2  stm32f4xx_it.o(i.UsageFault_Handler)
    VCP_Printf                               0x08006b09   Thumb Code    32  usb_vcp.o(i.VCP_Printf)
    VCP_SendData                             0x08006b2d   Thumb Code    46  usb_vcp.o(i.VCP_SendData)
    __ARM_fpclassify                         0x08006b61   Thumb Code    48  fpclassify.o(i.__ARM_fpclassify)
    _is_digit                                0x08006bb1   Thumb Code    14  __printf_wp.o(i._is_digit)
    main                                     0x08006bc1   Thumb Code   102  main.o(i.main)
    _get_lc_numeric                          0x08006c49   Thumb Code    44  lc_numeric_c.o(locale$$code)
    _get_lc_ctype                            0x08006c75   Thumb Code    44  lc_ctype_c.o(locale$$code)
    __fpl_dretinf                            0x08006ca1   Thumb Code    12  dretinf.o(x$fpl$dretinf)
    __aeabi_f2d                              0x08006cad   Thumb Code     0  f2d.o(x$fpl$f2d)
    _f2d                                     0x08006cad   Thumb Code    86  f2d.o(x$fpl$f2d)
    __fpl_fnaninf                            0x08006d03   Thumb Code   140  fnaninf.o(x$fpl$fnaninf)
    _fp_init                                 0x08006d8f   Thumb Code    10  fpinit.o(x$fpl$fpinit)
    __fplib_config_fpu_vfp                   0x08006d97   Thumb Code     0  fpinit.o(x$fpl$fpinit)
    __fplib_config_pureend_doubles           0x08006d97   Thumb Code     0  fpinit.o(x$fpl$fpinit)
    _printf_fp_dec                           0x08006d99   Thumb Code     4  printf1.o(x$fpl$printf1)
    _printf_fp_hex                           0x08006d9d   Thumb Code     4  printf2.o(x$fpl$printf2)
    __I$use$fp                               0x08006da0   Number         0  usenofp.o(x$fpl$usenofp)
    AHBPrescTable                            0x08006da8   Data          16  system_stm32f4xx.o(.constdata)
    Region$$Table$$Base                      0x08006eb4   Number         0  anon$$obj.o(Region$$Table)
    Region$$Table$$Limit                     0x08006ed4   Number         0  anon$$obj.o(Region$$Table)
    __ctype                                  0x08006efd   Data           0  lc_ctype_c.o(locale$$data)
    FS_Desc                                  0x20000000   Data          28  usbd_desc.o(.data)
    USBD_LangIDDesc                          0x2000001c   Data           4  usbd_desc.o(.data)
    USBD_FS_DeviceDesc                       0x20000020   Data          18  usbd_desc.o(.data)
    USBD_StringSerial                        0x20000034   Data          26  usbd_desc.o(.data)
    USBD_Interface_fops_FS                   0x20000050   Data          20  usbd_cdc_if.o(.data)
    uwTickFreq                               0x20000064   Data           1  stm32f4xx_hal.o(.data)
    uwTickPrio                               0x20000068   Data           4  stm32f4xx_hal.o(.data)
    uwTick                                   0x2000006c   Data           4  stm32f4xx_hal.o(.data)
    SystemCoreClock                          0x20000070   Data           4  system_stm32f4xx.o(.data)
    USBD_CDC                                 0x200000cc   Data          56  usbd_cdc.o(.data)
    hadc1                                    0x20000110   Data          72  adc.o(.bss)
    hdma_adc1                                0x20000158   Data          96  adc.o(.bss)
    hspi1                                    0x200001b8   Data          88  spi.o(.bss)
    hspi3                                    0x20000210   Data          88  spi.o(.bss)
    hdma_spi1_rx                             0x20000268   Data          96  spi.o(.bss)
    hdma_spi1_tx                             0x200002c8   Data          96  spi.o(.bss)
    htim1                                    0x20000328   Data          72  tim.o(.bss)
    htim10                                   0x20000370   Data          72  tim.o(.bss)
    hUsbDeviceFS                             0x200003b8   Data         732  usb_device.o(.bss)
    USBD_StrDesc                             0x20000694   Data         512  usbd_desc.o(.bss)
    UserRxBufferFS                           0x20000894   Data        2048  usbd_cdc_if.o(.bss)
    UserTxBufferFS                           0x20001094   Data        2048  usbd_cdc_if.o(.bss)
    hpcd_USB_OTG_FS                          0x20001ab4   Data        1252  usbd_conf.o(.bss)
    encoder_data                             0x20002098   Data          16  as5047p.o(.bss)
    __libspace_start                         0x200020a8   Data          96  libspace.o(.bss)
    __temporary_stack_top$libspace           0x20002108   Data           0  libspace.o(.bss)



==============================================================================

Memory Map of the image

  Image Entry point : 0x08000189

  Load Region LR_IROM1 (Base: 0x08000000, Size: 0x00007110, Max: 0x00100000, ABSOLUTE)

    Execution Region ER_IROM1 (Exec base: 0x08000000, Load base: 0x08000000, Size: 0x00007000, Max: 0x00100000, ABSOLUTE)

    Exec Addr    Load Addr    Size         Type   Attr      Idx    E Section Name        Object

    0x08000000   0x08000000   0x00000188   Data   RO            3    RESET               startup_stm32f405xx.o
    0x08000188   0x08000188   0x00000008   Code   RO         4817  * !!!main             c_w.l(__main.o)
    0x08000190   0x08000190   0x00000034   Code   RO         5158    !!!scatter          c_w.l(__scatter.o)
    0x080001c4   0x080001c4   0x0000001a   Code   RO         5160    !!handler_copy      c_w.l(__scatter_copy.o)
    0x080001de   0x080001de   0x00000002   PAD
    0x080001e0   0x080001e0   0x0000001c   Code   RO         5162    !!handler_zi        c_w.l(__scatter_zi.o)
    0x080001fc   0x080001fc   0x00000000   Code   RO         4909    .ARM.Collect$$_printf_percent$$00000000  c_w.l(_printf_percent.o)
    0x080001fc   0x080001fc   0x00000006   Code   RO         4898    .ARM.Collect$$_printf_percent$$00000001  c_w.l(_printf_n.o)
    0x08000202   0x08000202   0x00000006   Code   RO         4900    .ARM.Collect$$_printf_percent$$00000002  c_w.l(_printf_p.o)
    0x08000208   0x08000208   0x00000006   Code   RO         4905    .ARM.Collect$$_printf_percent$$00000003  c_w.l(_printf_f.o)
    0x0800020e   0x0800020e   0x00000006   Code   RO         4906    .ARM.Collect$$_printf_percent$$00000004  c_w.l(_printf_e.o)
    0x08000214   0x08000214   0x00000006   Code   RO         4907    .ARM.Collect$$_printf_percent$$00000005  c_w.l(_printf_g.o)
    0x0800021a   0x0800021a   0x00000006   Code   RO         4908    .ARM.Collect$$_printf_percent$$00000006  c_w.l(_printf_a.o)
    0x08000220   0x08000220   0x0000000a   Code   RO         4913    .ARM.Collect$$_printf_percent$$00000007  c_w.l(_printf_ll.o)
    0x0800022a   0x0800022a   0x00000006   Code   RO         4902    .ARM.Collect$$_printf_percent$$00000008  c_w.l(_printf_i.o)
    0x08000230   0x08000230   0x00000006   Code   RO         4903    .ARM.Collect$$_printf_percent$$00000009  c_w.l(_printf_d.o)
    0x08000236   0x08000236   0x00000006   Code   RO         4904    .ARM.Collect$$_printf_percent$$0000000A  c_w.l(_printf_u.o)
    0x0800023c   0x0800023c   0x00000006   Code   RO         4901    .ARM.Collect$$_printf_percent$$0000000B  c_w.l(_printf_o.o)
    0x08000242   0x08000242   0x00000006   Code   RO         4899    .ARM.Collect$$_printf_percent$$0000000C  c_w.l(_printf_x.o)
    0x08000248   0x08000248   0x00000006   Code   RO         4910    .ARM.Collect$$_printf_percent$$0000000D  c_w.l(_printf_lli.o)
    0x0800024e   0x0800024e   0x00000006   Code   RO         4911    .ARM.Collect$$_printf_percent$$0000000E  c_w.l(_printf_lld.o)
    0x08000254   0x08000254   0x00000006   Code   RO         4912    .ARM.Collect$$_printf_percent$$0000000F  c_w.l(_printf_llu.o)
    0x0800025a   0x0800025a   0x00000006   Code   RO         4917    .ARM.Collect$$_printf_percent$$00000010  c_w.l(_printf_llo.o)
    0x08000260   0x08000260   0x00000006   Code   RO         4918    .ARM.Collect$$_printf_percent$$00000011  c_w.l(_printf_llx.o)
    0x08000266   0x08000266   0x0000000a   Code   RO         4914    .ARM.Collect$$_printf_percent$$00000012  c_w.l(_printf_l.o)
    0x08000270   0x08000270   0x00000006   Code   RO         4896    .ARM.Collect$$_printf_percent$$00000013  c_w.l(_printf_c.o)
    0x08000276   0x08000276   0x00000006   Code   RO         4897    .ARM.Collect$$_printf_percent$$00000014  c_w.l(_printf_s.o)
    0x0800027c   0x0800027c   0x00000006   Code   RO         4915    .ARM.Collect$$_printf_percent$$00000015  c_w.l(_printf_lc.o)
    0x08000282   0x08000282   0x00000006   Code   RO         4916    .ARM.Collect$$_printf_percent$$00000016  c_w.l(_printf_ls.o)
    0x08000288   0x08000288   0x00000004   Code   RO         4964    .ARM.Collect$$_printf_percent$$00000017  c_w.l(_printf_percent_end.o)
    0x0800028c   0x0800028c   0x00000002   Code   RO         5017    .ARM.Collect$$libinit$$00000000  c_w.l(libinit.o)
    0x0800028e   0x0800028e   0x00000004   Code   RO         5038    .ARM.Collect$$libinit$$00000001  c_w.l(libinit2.o)
    0x08000292   0x08000292   0x00000000   Code   RO         5041    .ARM.Collect$$libinit$$00000004  c_w.l(libinit2.o)
    0x08000292   0x08000292   0x00000000   Code   RO         5044    .ARM.Collect$$libinit$$0000000A  c_w.l(libinit2.o)
    0x08000292   0x08000292   0x00000000   Code   RO         5046    .ARM.Collect$$libinit$$0000000C  c_w.l(libinit2.o)
    0x08000292   0x08000292   0x00000000   Code   RO         5048    .ARM.Collect$$libinit$$0000000E  c_w.l(libinit2.o)
    0x08000292   0x08000292   0x00000006   Code   RO         5049    .ARM.Collect$$libinit$$0000000F  c_w.l(libinit2.o)
    0x08000298   0x08000298   0x00000000   Code   RO         5051    .ARM.Collect$$libinit$$00000011  c_w.l(libinit2.o)
    0x08000298   0x08000298   0x0000000c   Code   RO         5052    .ARM.Collect$$libinit$$00000012  c_w.l(libinit2.o)
    0x080002a4   0x080002a4   0x00000000   Code   RO         5053    .ARM.Collect$$libinit$$00000013  c_w.l(libinit2.o)
    0x080002a4   0x080002a4   0x00000000   Code   RO         5055    .ARM.Collect$$libinit$$00000015  c_w.l(libinit2.o)
    0x080002a4   0x080002a4   0x0000000a   Code   RO         5056    .ARM.Collect$$libinit$$00000016  c_w.l(libinit2.o)
    0x080002ae   0x080002ae   0x00000000   Code   RO         5057    .ARM.Collect$$libinit$$00000017  c_w.l(libinit2.o)
    0x080002ae   0x080002ae   0x00000000   Code   RO         5059    .ARM.Collect$$libinit$$00000019  c_w.l(libinit2.o)
    0x080002ae   0x080002ae   0x00000000   Code   RO         5061    .ARM.Collect$$libinit$$0000001B  c_w.l(libinit2.o)
    0x080002ae   0x080002ae   0x00000000   Code   RO         5063    .ARM.Collect$$libinit$$0000001D  c_w.l(libinit2.o)
    0x080002ae   0x080002ae   0x00000000   Code   RO         5065    .ARM.Collect$$libinit$$0000001F  c_w.l(libinit2.o)
    0x080002ae   0x080002ae   0x00000000   Code   RO         5067    .ARM.Collect$$libinit$$00000021  c_w.l(libinit2.o)
    0x080002ae   0x080002ae   0x00000000   Code   RO         5069    .ARM.Collect$$libinit$$00000023  c_w.l(libinit2.o)
    0x080002ae   0x080002ae   0x00000000   Code   RO         5071    .ARM.Collect$$libinit$$00000025  c_w.l(libinit2.o)
    0x080002ae   0x080002ae   0x00000000   Code   RO         5075    .ARM.Collect$$libinit$$0000002C  c_w.l(libinit2.o)
    0x080002ae   0x080002ae   0x00000000   Code   RO         5077    .ARM.Collect$$libinit$$0000002E  c_w.l(libinit2.o)
    0x080002ae   0x080002ae   0x00000000   Code   RO         5079    .ARM.Collect$$libinit$$00000030  c_w.l(libinit2.o)
    0x080002ae   0x080002ae   0x00000000   Code   RO         5081    .ARM.Collect$$libinit$$00000032  c_w.l(libinit2.o)
    0x080002ae   0x080002ae   0x00000002   Code   RO         5082    .ARM.Collect$$libinit$$00000033  c_w.l(libinit2.o)
    0x080002b0   0x080002b0   0x00000002   Code   RO         5113    .ARM.Collect$$libshutdown$$00000000  c_w.l(libshutdown.o)
    0x080002b2   0x080002b2   0x00000000   Code   RO         5139    .ARM.Collect$$libshutdown$$00000002  c_w.l(libshutdown2.o)
    0x080002b2   0x080002b2   0x00000000   Code   RO         5141    .ARM.Collect$$libshutdown$$00000004  c_w.l(libshutdown2.o)
    0x080002b2   0x080002b2   0x00000000   Code   RO         5143    .ARM.Collect$$libshutdown$$00000006  c_w.l(libshutdown2.o)
    0x080002b2   0x080002b2   0x00000000   Code   RO         5146    .ARM.Collect$$libshutdown$$00000009  c_w.l(libshutdown2.o)
    0x080002b2   0x080002b2   0x00000000   Code   RO         5149    .ARM.Collect$$libshutdown$$0000000C  c_w.l(libshutdown2.o)
    0x080002b2   0x080002b2   0x00000000   Code   RO         5151    .ARM.Collect$$libshutdown$$0000000E  c_w.l(libshutdown2.o)
    0x080002b2   0x080002b2   0x00000000   Code   RO         5154    .ARM.Collect$$libshutdown$$00000011  c_w.l(libshutdown2.o)
    0x080002b2   0x080002b2   0x00000002   Code   RO         5155    .ARM.Collect$$libshutdown$$00000012  c_w.l(libshutdown2.o)
    0x080002b4   0x080002b4   0x00000000   Code   RO         4821    .ARM.Collect$$rtentry$$00000000  c_w.l(__rtentry.o)
    0x080002b4   0x080002b4   0x00000000   Code   RO         4933    .ARM.Collect$$rtentry$$00000002  c_w.l(__rtentry2.o)
    0x080002b4   0x080002b4   0x00000006   Code   RO         4945    .ARM.Collect$$rtentry$$00000004  c_w.l(__rtentry4.o)
    0x080002ba   0x080002ba   0x00000000   Code   RO         4935    .ARM.Collect$$rtentry$$00000009  c_w.l(__rtentry2.o)
    0x080002ba   0x080002ba   0x00000004   Code   RO         4936    .ARM.Collect$$rtentry$$0000000A  c_w.l(__rtentry2.o)
    0x080002be   0x080002be   0x00000000   Code   RO         4938    .ARM.Collect$$rtentry$$0000000C  c_w.l(__rtentry2.o)
    0x080002be   0x080002be   0x00000008   Code   RO         4939    .ARM.Collect$$rtentry$$0000000D  c_w.l(__rtentry2.o)
    0x080002c6   0x080002c6   0x00000002   Code   RO         5025    .ARM.Collect$$rtexit$$00000000  c_w.l(rtexit.o)
    0x080002c8   0x080002c8   0x00000000   Code   RO         5086    .ARM.Collect$$rtexit$$00000002  c_w.l(rtexit2.o)
    0x080002c8   0x080002c8   0x00000004   Code   RO         5087    .ARM.Collect$$rtexit$$00000003  c_w.l(rtexit2.o)
    0x080002cc   0x080002cc   0x00000006   Code   RO         5088    .ARM.Collect$$rtexit$$00000004  c_w.l(rtexit2.o)
    0x080002d2   0x080002d2   0x00000002   PAD
    0x080002d4   0x080002d4   0x00000040   Code   RO            4    .text               startup_stm32f405xx.o
    0x08000314   0x08000314   0x000000ee   Code   RO         4809    .text               c_w.l(lludivv7m.o)
    0x08000402   0x08000402   0x00000002   PAD
    0x08000404   0x08000404   0x00000034   Code   RO         4811    .text               c_w.l(vsnprintf.o)
    0x08000438   0x08000438   0x0000004e   Code   RO         4813    .text               c_w.l(rt_memclr_w.o)
    0x08000486   0x08000486   0x00000006   Code   RO         4815    .text               c_w.l(heapauxi.o)
    0x0800048c   0x0800048c   0x0000004e   Code   RO         4828    .text               c_w.l(_printf_pad.o)
    0x080004da   0x080004da   0x00000024   Code   RO         4830    .text               c_w.l(_printf_truncate.o)
    0x080004fe   0x080004fe   0x00000052   Code   RO         4832    .text               c_w.l(_printf_str.o)
    0x08000550   0x08000550   0x00000078   Code   RO         4834    .text               c_w.l(_printf_dec.o)
    0x080005c8   0x080005c8   0x00000028   Code   RO         4836    .text               c_w.l(_printf_charcount.o)
    0x080005f0   0x080005f0   0x00000030   Code   RO         4838    .text               c_w.l(_printf_char_common.o)
    0x08000620   0x08000620   0x0000000a   Code   RO         4840    .text               c_w.l(_sputc.o)
    0x0800062a   0x0800062a   0x00000010   Code   RO         4842    .text               c_w.l(_snputc.o)
    0x0800063a   0x0800063a   0x00000002   PAD
    0x0800063c   0x0800063c   0x000000bc   Code   RO         4844    .text               c_w.l(_printf_wctomb.o)
    0x080006f8   0x080006f8   0x0000007c   Code   RO         4847    .text               c_w.l(_printf_longlong_dec.o)
    0x08000774   0x08000774   0x00000070   Code   RO         4853    .text               c_w.l(_printf_oct_int_ll.o)
    0x080007e4   0x080007e4   0x00000094   Code   RO         4873    .text               c_w.l(_printf_hex_int_ll_ptr.o)
    0x08000878   0x08000878   0x00000188   Code   RO         4893    .text               c_w.l(__printf_flags_ss_wp.o)
    0x08000a00   0x08000a00   0x0000008a   Code   RO         4949    .text               c_w.l(lludiv10.o)
    0x08000a8a   0x08000a8a   0x000000b2   Code   RO         4951    .text               c_w.l(_printf_intcommon.o)
    0x08000b3c   0x08000b3c   0x0000041e   Code   RO         4953    .text               c_w.l(_printf_fp_dec.o)
    0x08000f5a   0x08000f5a   0x00000002   PAD
    0x08000f5c   0x08000f5c   0x000002fc   Code   RO         4955    .text               c_w.l(_printf_fp_hex.o)
    0x08001258   0x08001258   0x0000002c   Code   RO         4960    .text               c_w.l(_printf_char.o)
    0x08001284   0x08001284   0x0000002c   Code   RO         4962    .text               c_w.l(_printf_wchar.o)
    0x080012b0   0x080012b0   0x00000040   Code   RO         4965    .text               c_w.l(_wcrtomb.o)
    0x080012f0   0x080012f0   0x0000004a   Code   RO         4967    .text               c_w.l(sys_stackheap_outer.o)
    0x0800133a   0x0800133a   0x00000002   PAD
    0x0800133c   0x0800133c   0x00000010   Code   RO         4969    .text               c_w.l(rt_ctype_table.o)
    0x0800134c   0x0800134c   0x00000008   Code   RO         4974    .text               c_w.l(rt_locale_intlibspace.o)
    0x08001354   0x08001354   0x00000080   Code   RO         4976    .text               c_w.l(_printf_fp_infnan.o)
    0x080013d4   0x080013d4   0x000000e4   Code   RO         4978    .text               c_w.l(bigflt0.o)
    0x080014b8   0x080014b8   0x00000012   Code   RO         5006    .text               c_w.l(exit.o)
    0x080014ca   0x080014ca   0x00000002   PAD
    0x080014cc   0x080014cc   0x00000008   Code   RO         5022    .text               c_w.l(libspace.o)
    0x080014d4   0x080014d4   0x00000080   Code   RO         5036    .text               c_w.l(strcmpv7m.o)
    0x08001554   0x08001554   0x0000000c   Code   RO         5083    .text               c_w.l(sys_exit.o)
    0x08001560   0x08001560   0x00000002   Code   RO         5102    .text               c_w.l(use_no_semi.o)
    0x08001562   0x08001562   0x00000000   Code   RO         5104    .text               c_w.l(indicate_semi.o)
    0x08001562   0x08001562   0x0000003e   Code   RO         4981    CL$$btod_d2e        c_w.l(btod.o)
    0x080015a0   0x080015a0   0x00000046   Code   RO         4983    CL$$btod_d2e_denorm_low  c_w.l(btod.o)
    0x080015e6   0x080015e6   0x00000060   Code   RO         4982    CL$$btod_d2e_norm_op1  c_w.l(btod.o)
    0x08001646   0x08001646   0x00000338   Code   RO         4991    CL$$btod_div_common  c_w.l(btod.o)
    0x0800197e   0x0800197e   0x000000dc   Code   RO         4988    CL$$btod_e2e        c_w.l(btod.o)
    0x08001a5a   0x08001a5a   0x0000002a   Code   RO         4985    CL$$btod_ediv       c_w.l(btod.o)
    0x08001a84   0x08001a84   0x0000002a   Code   RO         4984    CL$$btod_emul       c_w.l(btod.o)
    0x08001aae   0x08001aae   0x00000244   Code   RO         4990    CL$$btod_mult_common  c_w.l(btod.o)
    0x08001cf2   0x08001cf2   0x00000002   PAD
    0x08001cf4   0x08001cf4   0x00000128   Code   RO         2672    i.ADC_Init          stm32f4xx_hal_adc.o
    0x08001e1c   0x08001e1c   0x00000010   Code   RO         4737    i.AS5047P_Deselect  as5047p.o
    0x08001e2c   0x08001e2c   0x0000000c   Code   RO         4738    i.AS5047P_GetAngleDeg  as5047p.o
    0x08001e38   0x08001e38   0x0000000c   Code   RO         4739    i.AS5047P_GetRawAngle  as5047p.o
    0x08001e44   0x08001e44   0x00000014   Code   RO         4740    i.AS5047P_Init      as5047p.o
    0x08001e58   0x08001e58   0x00000084   Code   RO         4741    i.AS5047P_ProcessData  as5047p.o
    0x08001edc   0x08001edc   0x00000044   Code   RO         4742    i.AS5047P_StartDMA_Read  as5047p.o
    0x08001f20   0x08001f20   0x00000002   Code   RO          423    i.BusFault_Handler  stm32f4xx_it.o
    0x08001f22   0x08001f22   0x00000004   Code   RO          670    i.CDC_Control_FS    usbd_cdc_if.o
    0x08001f26   0x08001f26   0x00000004   Code   RO          671    i.CDC_DeInit_FS     usbd_cdc_if.o
    0x08001f2a   0x08001f2a   0x00000002   PAD
    0x08001f2c   0x08001f2c   0x00000024   Code   RO          672    i.CDC_Init_FS       usbd_cdc_if.o
    0x08001f50   0x08001f50   0x00000024   Code   RO          673    i.CDC_Receive_FS    usbd_cdc_if.o
    0x08001f74   0x08001f74   0x00000004   Code   RO          674    i.CDC_TransmitCplt_FS  usbd_cdc_if.o
    0x08001f78   0x08001f78   0x0000002c   Code   RO          675    i.CDC_Transmit_FS   usbd_cdc_if.o
    0x08001fa4   0x08001fa4   0x0000000c   Code   RO          424    i.DMA2_Stream0_IRQHandler  stm32f4xx_it.o
    0x08001fb0   0x08001fb0   0x0000000c   Code   RO          425    i.DMA2_Stream2_IRQHandler  stm32f4xx_it.o
    0x08001fbc   0x08001fbc   0x0000000c   Code   RO          426    i.DMA2_Stream3_IRQHandler  stm32f4xx_it.o
    0x08001fc8   0x08001fc8   0x00000028   Code   RO         1978    i.DMA_CalcBaseAndBitshift  stm32f4xx_hal_dma.o
    0x08001ff0   0x08001ff0   0x00000054   Code   RO         1979    i.DMA_CheckFifoParam  stm32f4xx_hal_dma.o
    0x08002044   0x08002044   0x00000028   Code   RO         1980    i.DMA_SetConfig     stm32f4xx_hal_dma.o
    0x0800206c   0x0800206c   0x00000002   Code   RO          427    i.DebugMon_Handler  stm32f4xx_it.o
    0x0800206e   0x0800206e   0x00000004   Code   RO           13    i.Error_Handler     main.o
    0x08002072   0x08002072   0x00000002   PAD
    0x08002074   0x08002074   0x000001bc   Code   RO         2842    i.HAL_ADCEx_InjectedConfigChannel  stm32f4xx_hal_adc_ex.o
    0x08002230   0x08002230   0x0000014c   Code   RO         2674    i.HAL_ADC_ConfigChannel  stm32f4xx_hal_adc.o
    0x0800237c   0x0800237c   0x00000054   Code   RO         2683    i.HAL_ADC_Init      stm32f4xx_hal_adc.o
    0x080023d0   0x080023d0   0x000000b8   Code   RO          256    i.HAL_ADC_MspInit   adc.o
    0x08002488   0x08002488   0x000001a0   Code   RO         1986    i.HAL_DMA_IRQHandler  stm32f4xx_hal_dma.o
    0x08002628   0x08002628   0x000000d4   Code   RO         1987    i.HAL_DMA_Init      stm32f4xx_hal_dma.o
    0x080026fc   0x080026fc   0x0000006e   Code   RO         1991    i.HAL_DMA_Start_IT  stm32f4xx_hal_dma.o
    0x0800276a   0x0800276a   0x00000002   PAD
    0x0800276c   0x0800276c   0x00000024   Code   RO         2418    i.HAL_Delay         stm32f4xx_hal.o
    0x08002790   0x08002790   0x000001f0   Code   RO         1874    i.HAL_GPIO_Init     stm32f4xx_hal_gpio.o
    0x08002980   0x08002980   0x0000000a   Code   RO         1878    i.HAL_GPIO_WritePin  stm32f4xx_hal_gpio.o
    0x0800298a   0x0800298a   0x00000002   PAD
    0x0800298c   0x0800298c   0x0000000c   Code   RO         2424    i.HAL_GetTick       stm32f4xx_hal.o
    0x08002998   0x08002998   0x00000010   Code   RO         2430    i.HAL_IncTick       stm32f4xx_hal.o
    0x080029a8   0x080029a8   0x00000034   Code   RO         2431    i.HAL_Init          stm32f4xx_hal.o
    0x080029dc   0x080029dc   0x00000040   Code   RO         2432    i.HAL_InitTick      stm32f4xx_hal.o
    0x08002a1c   0x08002a1c   0x00000030   Code   RO          529    i.HAL_MspInit       stm32f4xx_hal_msp.o
    0x08002a4c   0x08002a4c   0x0000001a   Code   RO         2266    i.HAL_NVIC_EnableIRQ  stm32f4xx_hal_cortex.o
    0x08002a66   0x08002a66   0x00000002   PAD
    0x08002a68   0x08002a68   0x00000040   Code   RO         2272    i.HAL_NVIC_SetPriority  stm32f4xx_hal_cortex.o
    0x08002aa8   0x08002aa8   0x00000024   Code   RO         2273    i.HAL_NVIC_SetPriorityGrouping  stm32f4xx_hal_cortex.o
    0x08002acc   0x08002acc   0x00000002   Code   RO         1173    i.HAL_PCDEx_LPM_Callback  stm32f4xx_hal_pcd_ex.o
    0x08002ace   0x08002ace   0x00000008   Code   RO         1174    i.HAL_PCDEx_SetRxFiFo  stm32f4xx_hal_pcd_ex.o
    0x08002ad6   0x08002ad6   0x00000044   Code   RO         1175    i.HAL_PCDEx_SetTxFiFo  stm32f4xx_hal_pcd_ex.o
    0x08002b1a   0x08002b1a   0x00000008   Code   RO          727    i.HAL_PCD_ConnectCallback  usbd_conf.o
    0x08002b22   0x08002b22   0x00000012   Code   RO          728    i.HAL_PCD_DataInStageCallback  usbd_conf.o
    0x08002b34   0x08002b34   0x00000014   Code   RO          729    i.HAL_PCD_DataOutStageCallback  usbd_conf.o
    0x08002b48   0x08002b48   0x00000008   Code   RO          730    i.HAL_PCD_DisconnectCallback  usbd_conf.o
    0x08002b50   0x08002b50   0x0000001e   Code   RO          943    i.HAL_PCD_EP_Abort  stm32f4xx_hal_pcd.o
    0x08002b6e   0x08002b6e   0x0000004a   Code   RO          944    i.HAL_PCD_EP_Close  stm32f4xx_hal_pcd.o
    0x08002bb8   0x08002bb8   0x0000005a   Code   RO          945    i.HAL_PCD_EP_ClrStall  stm32f4xx_hal_pcd.o
    0x08002c12   0x08002c12   0x00000012   Code   RO          947    i.HAL_PCD_EP_GetRxCount  stm32f4xx_hal_pcd.o
    0x08002c24   0x08002c24   0x00000062   Code   RO          948    i.HAL_PCD_EP_Open   stm32f4xx_hal_pcd.o
    0x08002c86   0x08002c86   0x00000038   Code   RO          949    i.HAL_PCD_EP_Receive  stm32f4xx_hal_pcd.o
    0x08002cbe   0x08002cbe   0x00000072   Code   RO          950    i.HAL_PCD_EP_SetStall  stm32f4xx_hal_pcd.o
    0x08002d30   0x08002d30   0x00000032   Code   RO          951    i.HAL_PCD_EP_Transmit  stm32f4xx_hal_pcd.o
    0x08002d62   0x08002d62   0x00000002   PAD
    0x08002d64   0x08002d64   0x0000055c   Code   RO          953    i.HAL_PCD_IRQHandler  stm32f4xx_hal_pcd.o
    0x080032c0   0x080032c0   0x00000008   Code   RO          731    i.HAL_PCD_ISOINIncompleteCallback  usbd_conf.o
    0x080032c8   0x080032c8   0x00000008   Code   RO          732    i.HAL_PCD_ISOOUTIncompleteCallback  usbd_conf.o
    0x080032d0   0x080032d0   0x000000cc   Code   RO          956    i.HAL_PCD_Init      stm32f4xx_hal_pcd.o
    0x0800339c   0x0800339c   0x00000084   Code   RO          734    i.HAL_PCD_MspInit   usbd_conf.o
    0x08003420   0x08003420   0x0000002c   Code   RO          735    i.HAL_PCD_ResetCallback  usbd_conf.o
    0x0800344c   0x0800344c   0x00000008   Code   RO          736    i.HAL_PCD_ResumeCallback  usbd_conf.o
    0x08003454   0x08003454   0x00000008   Code   RO          737    i.HAL_PCD_SOFCallback  usbd_conf.o
    0x0800345c   0x0800345c   0x00000026   Code   RO          962    i.HAL_PCD_SetAddress  stm32f4xx_hal_pcd.o
    0x08003482   0x08003482   0x0000000e   Code   RO          738    i.HAL_PCD_SetupStageCallback  usbd_conf.o
    0x08003490   0x08003490   0x00000042   Code   RO          965    i.HAL_PCD_Start     stm32f4xx_hal_pcd.o
    0x080034d2   0x080034d2   0x00000002   PAD
    0x080034d4   0x080034d4   0x00000030   Code   RO          739    i.HAL_PCD_SuspendCallback  usbd_conf.o
    0x08003504   0x08003504   0x00000134   Code   RO         1520    i.HAL_RCC_ClockConfig  stm32f4xx_hal_rcc.o
    0x08003638   0x08003638   0x0000000c   Code   RO         1525    i.HAL_RCC_GetHCLKFreq  stm32f4xx_hal_rcc.o
    0x08003644   0x08003644   0x00000060   Code   RO         1529    i.HAL_RCC_GetSysClockFreq  stm32f4xx_hal_rcc.o
    0x080036a4   0x080036a4   0x0000036c   Code   RO         1532    i.HAL_RCC_OscConfig  stm32f4xx_hal_rcc.o
    0x08003a10   0x08003a10   0x00000002   Code   RO         2954    i.HAL_SPI_ErrorCallback  stm32f4xx_hal_spi.o
    0x08003a12   0x08003a12   0x000000bc   Code   RO         2958    i.HAL_SPI_Init      stm32f4xx_hal_spi.o
    0x08003ace   0x08003ace   0x00000002   PAD
    0x08003ad0   0x08003ad0   0x00000120   Code   RO          322    i.HAL_SPI_MspInit   spi.o
    0x08003bf0   0x08003bf0   0x00000002   Code   RO         2964    i.HAL_SPI_RxCpltCallback  stm32f4xx_hal_spi.o
    0x08003bf2   0x08003bf2   0x00000002   Code   RO         2965    i.HAL_SPI_RxHalfCpltCallback  stm32f4xx_hal_spi.o
    0x08003bf4   0x08003bf4   0x00000110   Code   RO         2968    i.HAL_SPI_TransmitReceive_DMA  stm32f4xx_hal_spi.o
    0x08003d04   0x08003d04   0x00000014   Code   RO           14    i.HAL_SPI_TxRxCpltCallback  main.o
    0x08003d18   0x08003d18   0x00000002   Code   RO         2975    i.HAL_SPI_TxRxHalfCpltCallback  stm32f4xx_hal_spi.o
    0x08003d1a   0x08003d1a   0x00000028   Code   RO         2277    i.HAL_SYSTICK_Config  stm32f4xx_hal_cortex.o
    0x08003d42   0x08003d42   0x00000002   Code   RO         3975    i.HAL_TIMEx_BreakCallback  stm32f4xx_hal_tim_ex.o
    0x08003d44   0x08003d44   0x00000002   Code   RO         3976    i.HAL_TIMEx_CommutCallback  stm32f4xx_hal_tim_ex.o
    0x08003d46   0x08003d46   0x00000054   Code   RO         3978    i.HAL_TIMEx_ConfigBreakDeadTime  stm32f4xx_hal_tim_ex.o
    0x08003d9a   0x08003d9a   0x00000002   PAD
    0x08003d9c   0x08003d9c   0x00000090   Code   RO         3994    i.HAL_TIMEx_MasterConfigSynchronization  stm32f4xx_hal_tim_ex.o
    0x08003e2c   0x08003e2c   0x0000005a   Code   RO         3271    i.HAL_TIM_Base_Init  stm32f4xx_hal_tim.o
    0x08003e86   0x08003e86   0x00000002   PAD
    0x08003e88   0x08003e88   0x00000054   Code   RO          370    i.HAL_TIM_Base_MspInit  tim.o
    0x08003edc   0x08003edc   0x000000dc   Code   RO         3280    i.HAL_TIM_ConfigClockSource  stm32f4xx_hal_tim.o
    0x08003fb8   0x08003fb8   0x00000002   Code   RO         3305    i.HAL_TIM_IC_CaptureCallback  stm32f4xx_hal_tim.o
    0x08003fba   0x08003fba   0x00000130   Code   RO         3319    i.HAL_TIM_IRQHandler  stm32f4xx_hal_tim.o
    0x080040ea   0x080040ea   0x00000002   PAD
    0x080040ec   0x080040ec   0x00000080   Code   RO          371    i.HAL_TIM_MspPostInit  tim.o
    0x0800416c   0x0800416c   0x00000052   Code   RO         3320    i.HAL_TIM_OC_ConfigChannel  stm32f4xx_hal_tim.o
    0x080041be   0x080041be   0x00000002   Code   RO         3322    i.HAL_TIM_OC_DelayElapsedCallback  stm32f4xx_hal_tim.o
    0x080041c0   0x080041c0   0x0000005a   Code   RO         3324    i.HAL_TIM_OC_Init   stm32f4xx_hal_tim.o
    0x0800421a   0x0800421a   0x00000002   Code   RO         3326    i.HAL_TIM_OC_MspInit  stm32f4xx_hal_tim.o
    0x0800421c   0x0800421c   0x000000cc   Code   RO         3343    i.HAL_TIM_PWM_ConfigChannel  stm32f4xx_hal_tim.o
    0x080042e8   0x080042e8   0x0000005a   Code   RO         3346    i.HAL_TIM_PWM_Init  stm32f4xx_hal_tim.o
    0x08004342   0x08004342   0x00000002   Code   RO         3348    i.HAL_TIM_PWM_MspInit  stm32f4xx_hal_tim.o
    0x08004344   0x08004344   0x00000002   Code   RO         3349    i.HAL_TIM_PWM_PulseFinishedCallback  stm32f4xx_hal_tim.o
    0x08004346   0x08004346   0x00000002   Code   RO         3357    i.HAL_TIM_PeriodElapsedCallback  stm32f4xx_hal_tim.o
    0x08004348   0x08004348   0x00000002   Code   RO         3362    i.HAL_TIM_TriggerCallback  stm32f4xx_hal_tim.o
    0x0800434a   0x0800434a   0x00000002   Code   RO          428    i.HardFault_Handler  stm32f4xx_it.o
    0x0800434c   0x0800434c   0x00000038   Code   RO          584    i.IntToUnicode      usbd_desc.o
    0x08004384   0x08004384   0x0000013c   Code   RO          257    i.MX_ADC1_Init      adc.o
    0x080044c0   0x080044c0   0x0000004c   Code   RO          297    i.MX_DMA_Init       dma.o
    0x0800450c   0x0800450c   0x00000104   Code   RO          231    i.MX_GPIO_Init      gpio.o
    0x08004610   0x08004610   0x0000004c   Code   RO          323    i.MX_SPI1_Init      spi.o
    0x0800465c   0x0800465c   0x00000044   Code   RO          324    i.MX_SPI3_Init      spi.o
    0x080046a0   0x080046a0   0x00000038   Code   RO          372    i.MX_TIM10_Init     tim.o
    0x080046d8   0x080046d8   0x00000108   Code   RO          373    i.MX_TIM1_Init      tim.o
    0x080047e0   0x080047e0   0x00000054   Code   RO          553    i.MX_USB_DEVICE_Init  usb_device.o
    0x08004834   0x08004834   0x00000002   Code   RO          429    i.MemManage_Handler  stm32f4xx_it.o
    0x08004836   0x08004836   0x00000002   Code   RO          430    i.NMI_Handler       stm32f4xx_it.o
    0x08004838   0x08004838   0x0000000c   Code   RO          431    i.OTG_FS_IRQHandler  stm32f4xx_it.o
    0x08004844   0x08004844   0x000000cc   Code   RO          969    i.PCD_EP_OutXfrComplete_int  stm32f4xx_hal_pcd.o
    0x08004910   0x08004910   0x000000a2   Code   RO          970    i.PCD_WriteEmptyTxFifo  stm32f4xx_hal_pcd.o
    0x080049b2   0x080049b2   0x00000002   Code   RO          432    i.PendSV_Handler    stm32f4xx_it.o
    0x080049b4   0x080049b4   0x00000022   Code   RO         2986    i.SPI_DMAError      stm32f4xx_hal_spi.o
    0x080049d6   0x080049d6   0x0000000a   Code   RO         2987    i.SPI_DMAHalfReceiveCplt  stm32f4xx_hal_spi.o
    0x080049e0   0x080049e0   0x0000000a   Code   RO         2989    i.SPI_DMAHalfTransmitReceiveCplt  stm32f4xx_hal_spi.o
    0x080049ea   0x080049ea   0x0000006a   Code   RO         2990    i.SPI_DMAReceiveCplt  stm32f4xx_hal_spi.o
    0x08004a54   0x08004a54   0x0000005a   Code   RO         2993    i.SPI_DMATransmitReceiveCplt  stm32f4xx_hal_spi.o
    0x08004aae   0x08004aae   0x0000005c   Code   RO         2995    i.SPI_EndRxTransaction  stm32f4xx_hal_spi.o
    0x08004b0a   0x08004b0a   0x00000002   PAD
    0x08004b0c   0x08004b0c   0x0000006c   Code   RO         2996    i.SPI_EndRxTxTransaction  stm32f4xx_hal_spi.o
    0x08004b78   0x08004b78   0x000000bc   Code   RO         3001    i.SPI_WaitFlagStateUntilTimeout  stm32f4xx_hal_spi.o
    0x08004c34   0x08004c34   0x00000002   Code   RO          433    i.SVC_Handler       stm32f4xx_it.o
    0x08004c36   0x08004c36   0x0000000a   Code   RO         4439    i.SWAPBYTE          usbd_ctlreq.o
    0x08004c40   0x08004c40   0x00000004   Code   RO          434    i.SysTick_Handler   stm32f4xx_it.o
    0x08004c44   0x08004c44   0x00000094   Code   RO           15    i.SystemClock_Config  main.o
    0x08004cd8   0x08004cd8   0x00000010   Code   RO         4243    i.SystemInit        system_stm32f4xx.o
    0x08004ce8   0x08004ce8   0x0000001c   Code   RO          435    i.TIM1_UP_TIM10_IRQHandler  stm32f4xx_it.o
    0x08004d04   0x08004d04   0x000000d0   Code   RO         3364    i.TIM_Base_SetConfig  stm32f4xx_hal_tim.o
    0x08004dd4   0x08004dd4   0x00000014   Code   RO         3375    i.TIM_ETR_SetConfig  stm32f4xx_hal_tim.o
    0x08004de8   0x08004de8   0x00000010   Code   RO         3376    i.TIM_ITRx_SetConfig  stm32f4xx_hal_tim.o
    0x08004df8   0x08004df8   0x00000060   Code   RO         3377    i.TIM_OC1_SetConfig  stm32f4xx_hal_tim.o
    0x08004e58   0x08004e58   0x0000006c   Code   RO         3378    i.TIM_OC2_SetConfig  stm32f4xx_hal_tim.o
    0x08004ec4   0x08004ec4   0x00000068   Code   RO         3379    i.TIM_OC3_SetConfig  stm32f4xx_hal_tim.o
    0x08004f2c   0x08004f2c   0x00000050   Code   RO         3380    i.TIM_OC4_SetConfig  stm32f4xx_hal_tim.o
    0x08004f7c   0x08004f7c   0x00000022   Code   RO         3382    i.TIM_TI1_ConfigInputStage  stm32f4xx_hal_tim.o
    0x08004f9e   0x08004f9e   0x00000024   Code   RO         3384    i.TIM_TI2_ConfigInputStage  stm32f4xx_hal_tim.o
    0x08004fc2   0x08004fc2   0x00000076   Code   RO         4577    i.USBD_CDC_DataIn   usbd_cdc.o
    0x08005038   0x08005038   0x0000003c   Code   RO         4578    i.USBD_CDC_DataOut  usbd_cdc.o
    0x08005074   0x08005074   0x00000094   Code   RO         4579    i.USBD_CDC_DeInit   usbd_cdc.o
    0x08005108   0x08005108   0x00000036   Code   RO         4580    i.USBD_CDC_EP0_RxReady  usbd_cdc.o
    0x0800513e   0x0800513e   0x00000002   PAD
    0x08005140   0x08005140   0x0000000c   Code   RO         4581    i.USBD_CDC_GetDeviceQualifierDescriptor  usbd_cdc.o
    0x0800514c   0x0800514c   0x0000003c   Code   RO         4582    i.USBD_CDC_GetFSCfgDesc  usbd_cdc.o
    0x08005188   0x08005188   0x00000040   Code   RO         4583    i.USBD_CDC_GetHSCfgDesc  usbd_cdc.o
    0x080051c8   0x080051c8   0x0000003c   Code   RO         4584    i.USBD_CDC_GetOtherSpeedCfgDesc  usbd_cdc.o
    0x08005204   0x08005204   0x00000120   Code   RO         4585    i.USBD_CDC_Init     usbd_cdc.o
    0x08005324   0x08005324   0x00000038   Code   RO         4586    i.USBD_CDC_ReceivePacket  usbd_cdc.o
    0x0800535c   0x0800535c   0x00000016   Code   RO         4587    i.USBD_CDC_RegisterInterface  usbd_cdc.o
    0x08005372   0x08005372   0x0000001a   Code   RO         4588    i.USBD_CDC_SetRxBuffer  usbd_cdc.o
    0x0800538c   0x0800538c   0x0000001e   Code   RO         4589    i.USBD_CDC_SetTxBuffer  usbd_cdc.o
    0x080053aa   0x080053aa   0x000000d4   Code   RO         4590    i.USBD_CDC_Setup    usbd_cdc.o
    0x0800547e   0x0800547e   0x00000002   PAD
    0x08005480   0x08005480   0x00000050   Code   RO         4591    i.USBD_CDC_TransmitPacket  usbd_cdc.o
    0x080054d0   0x080054d0   0x00000014   Code   RO         4280    i.USBD_ClrClassConfig  usbd_core.o
    0x080054e4   0x080054e4   0x00000004   Code   RO         4281    i.USBD_CoreFindEP   usbd_core.o
    0x080054e8   0x080054e8   0x00000004   Code   RO         4282    i.USBD_CoreFindIF   usbd_core.o
    0x080054ec   0x080054ec   0x00000010   Code   RO         4517    i.USBD_CtlContinueRx  usbd_ioreq.o
    0x080054fc   0x080054fc   0x00000010   Code   RO         4518    i.USBD_CtlContinueSendData  usbd_ioreq.o
    0x0800550c   0x0800550c   0x00000016   Code   RO         4440    i.USBD_CtlError     usbd_ctlreq.o
    0x08005522   0x08005522   0x00000022   Code   RO         4519    i.USBD_CtlPrepareRx  usbd_ioreq.o
    0x08005544   0x08005544   0x00000016   Code   RO         4520    i.USBD_CtlReceiveStatus  usbd_ioreq.o
    0x0800555a   0x0800555a   0x0000001c   Code   RO         4521    i.USBD_CtlSendData  usbd_ioreq.o
    0x08005576   0x08005576   0x00000016   Code   RO         4522    i.USBD_CtlSendStatus  usbd_ioreq.o
    0x0800558c   0x0800558c   0x00000020   Code   RO          585    i.USBD_FS_ConfigStrDescriptor  usbd_desc.o
    0x080055ac   0x080055ac   0x0000000c   Code   RO          586    i.USBD_FS_DeviceDescriptor  usbd_desc.o
    0x080055b8   0x080055b8   0x00000024   Code   RO          587    i.USBD_FS_InterfaceStrDescriptor  usbd_desc.o
    0x080055dc   0x080055dc   0x0000000c   Code   RO          588    i.USBD_FS_LangIDStrDescriptor  usbd_desc.o
    0x080055e8   0x080055e8   0x00000028   Code   RO          589    i.USBD_FS_ManufacturerStrDescriptor  usbd_desc.o
    0x08005610   0x08005610   0x0000002c   Code   RO          590    i.USBD_FS_ProductStrDescriptor  usbd_desc.o
    0x0800563c   0x0800563c   0x00000038   Code   RO          591    i.USBD_FS_SerialStrDescriptor  usbd_desc.o
    0x08005674   0x08005674   0x000000e6   Code   RO         4441    i.USBD_GetDescriptor  usbd_ctlreq.o
    0x0800575a   0x0800575a   0x0000003a   Code   RO         4284    i.USBD_GetEpDesc    usbd_core.o
    0x08005794   0x08005794   0x00000014   Code   RO         4442    i.USBD_GetLen       usbd_ctlreq.o
    0x080057a8   0x080057a8   0x0000000e   Code   RO         4285    i.USBD_GetNextDesc  usbd_core.o
    0x080057b6   0x080057b6   0x0000004e   Code   RO         4443    i.USBD_GetString    usbd_ctlreq.o
    0x08005804   0x08005804   0x00000018   Code   RO          740    i.USBD_Get_USB_Status  usbd_conf.o
    0x0800581c   0x0800581c   0x00000026   Code   RO         4286    i.USBD_Init         usbd_core.o
    0x08005842   0x08005842   0x00000012   Code   RO          741    i.USBD_LL_ClearStallEP  usbd_conf.o
    0x08005854   0x08005854   0x00000012   Code   RO          742    i.USBD_LL_CloseEP   usbd_conf.o
    0x08005866   0x08005866   0x000000b8   Code   RO         4287    i.USBD_LL_DataInStage  usbd_core.o
    0x0800591e   0x0800591e   0x00000094   Code   RO         4288    i.USBD_LL_DataOutStage  usbd_core.o
    0x080059b2   0x080059b2   0x00000004   Code   RO         4289    i.USBD_LL_DevConnected  usbd_core.o
    0x080059b6   0x080059b6   0x0000001e   Code   RO         4290    i.USBD_LL_DevDisconnected  usbd_core.o
    0x080059d4   0x080059d4   0x00000008   Code   RO          746    i.USBD_LL_GetRxDataSize  usbd_conf.o
    0x080059dc   0x080059dc   0x00000060   Code   RO          747    i.USBD_LL_Init      usbd_conf.o
    0x08005a3c   0x08005a3c   0x0000001e   Code   RO          748    i.USBD_LL_IsStallEP  usbd_conf.o
    0x08005a5a   0x08005a5a   0x00000028   Code   RO         4291    i.USBD_LL_IsoINIncomplete  usbd_core.o
    0x08005a82   0x08005a82   0x00000028   Code   RO         4292    i.USBD_LL_IsoOUTIncomplete  usbd_core.o
    0x08005aaa   0x08005aaa   0x00000018   Code   RO          749    i.USBD_LL_OpenEP    usbd_conf.o
    0x08005ac2   0x08005ac2   0x00000012   Code   RO          750    i.USBD_LL_PrepareReceive  usbd_conf.o
    0x08005ad4   0x08005ad4   0x0000005e   Code   RO         4293    i.USBD_LL_Reset     usbd_core.o
    0x08005b32   0x08005b32   0x00000014   Code   RO         4294    i.USBD_LL_Resume    usbd_core.o
    0x08005b46   0x08005b46   0x0000001a   Code   RO         4295    i.USBD_LL_SOF       usbd_core.o
    0x08005b60   0x08005b60   0x00000006   Code   RO         4296    i.USBD_LL_SetSpeed  usbd_core.o
    0x08005b66   0x08005b66   0x00000012   Code   RO          751    i.USBD_LL_SetUSBAddress  usbd_conf.o
    0x08005b78   0x08005b78   0x00000060   Code   RO         4297    i.USBD_LL_SetupStage  usbd_core.o
    0x08005bd8   0x08005bd8   0x00000012   Code   RO          752    i.USBD_LL_StallEP   usbd_conf.o
    0x08005bea   0x08005bea   0x00000012   Code   RO          753    i.USBD_LL_Start     usbd_conf.o
    0x08005bfc   0x08005bfc   0x0000001a   Code   RO         4298    i.USBD_LL_Suspend   usbd_core.o
    0x08005c16   0x08005c16   0x00000012   Code   RO          755    i.USBD_LL_Transmit  usbd_conf.o
    0x08005c28   0x08005c28   0x0000002c   Code   RO         4444    i.USBD_ParseSetupRequest  usbd_ctlreq.o
    0x08005c54   0x08005c54   0x0000003a   Code   RO         4299    i.USBD_RegisterClass  usbd_core.o
    0x08005c8e   0x08005c8e   0x00000014   Code   RO         4301    i.USBD_SetClassConfig  usbd_core.o
    0x08005ca2   0x08005ca2   0x00000002   PAD
    0x08005ca4   0x08005ca4   0x000000b8   Code   RO         4445    i.USBD_SetConfig    usbd_ctlreq.o
    0x08005d5c   0x08005d5c   0x00000004   Code   RO         4302    i.USBD_Start        usbd_core.o
    0x08005d60   0x08005d60   0x0000012c   Code   RO         4446    i.USBD_StdDevReq    usbd_ctlreq.o
    0x08005e8c   0x08005e8c   0x00000166   Code   RO         4447    i.USBD_StdEPReq     usbd_ctlreq.o
    0x08005ff2   0x08005ff2   0x00000072   Code   RO         4448    i.USBD_StdItfReq    usbd_ctlreq.o
    0x08006064   0x08006064   0x00000002   Code   RO          756    i.USBD_static_free  usbd_conf.o
    0x08006066   0x08006066   0x00000002   PAD
    0x08006068   0x08006068   0x00000008   Code   RO          757    i.USBD_static_malloc  usbd_conf.o
    0x08006070   0x08006070   0x00000080   Code   RO         1215    i.USB_ActivateEndpoint  stm32f4xx_ll_usb.o
    0x080060f0   0x080060f0   0x0000001c   Code   RO         1217    i.USB_ActivateSetup  stm32f4xx_ll_usb.o
    0x0800610c   0x0800610c   0x00000084   Code   RO         1219    i.USB_CoreInit      stm32f4xx_ll_usb.o
    0x08006190   0x08006190   0x00000044   Code   RO         1220    i.USB_CoreReset     stm32f4xx_ll_usb.o
    0x080061d4   0x080061d4   0x000000cc   Code   RO         1223    i.USB_DeactivateEndpoint  stm32f4xx_ll_usb.o
    0x080062a0   0x080062a0   0x0000001c   Code   RO         1224    i.USB_DevConnect    stm32f4xx_ll_usb.o
    0x080062bc   0x080062bc   0x0000001c   Code   RO         1225    i.USB_DevDisconnect  stm32f4xx_ll_usb.o
    0x080062d8   0x080062d8   0x0000017c   Code   RO         1226    i.USB_DevInit       stm32f4xx_ll_usb.o
    0x08006454   0x08006454   0x0000000c   Code   RO         1227    i.USB_DisableGlobalInt  stm32f4xx_ll_usb.o
    0x08006460   0x08006460   0x00000058   Code   RO         1230    i.USB_EP0_OutStart  stm32f4xx_ll_usb.o
    0x080064b8   0x080064b8   0x00000058   Code   RO         1231    i.USB_EPClearStall  stm32f4xx_ll_usb.o
    0x08006510   0x08006510   0x00000058   Code   RO         1232    i.USB_EPSetStall    stm32f4xx_ll_usb.o
    0x08006568   0x08006568   0x00000238   Code   RO         1233    i.USB_EPStartXfer   stm32f4xx_ll_usb.o
    0x080067a0   0x080067a0   0x0000009e   Code   RO         1234    i.USB_EPStopXfer    stm32f4xx_ll_usb.o
    0x0800683e   0x0800683e   0x0000000c   Code   RO         1235    i.USB_EnableGlobalInt  stm32f4xx_ll_usb.o
    0x0800684a   0x0800684a   0x00000038   Code   RO         1236    i.USB_FlushRxFifo   stm32f4xx_ll_usb.o
    0x08006882   0x08006882   0x0000003c   Code   RO         1237    i.USB_FlushTxFifo   stm32f4xx_ll_usb.o
    0x080068be   0x080068be   0x0000001a   Code   RO         1239    i.USB_GetDevSpeed   stm32f4xx_ll_usb.o
    0x080068d8   0x080068d8   0x00000008   Code   RO         1241    i.USB_GetMode       stm32f4xx_ll_usb.o
    0x080068e0   0x080068e0   0x0000000e   Code   RO         1249    i.USB_ReadDevAllInEpInterrupt  stm32f4xx_ll_usb.o
    0x080068ee   0x080068ee   0x0000000e   Code   RO         1250    i.USB_ReadDevAllOutEpInterrupt  stm32f4xx_ll_usb.o
    0x080068fc   0x080068fc   0x00000024   Code   RO         1251    i.USB_ReadDevInEPInterrupt  stm32f4xx_ll_usb.o
    0x08006920   0x08006920   0x00000010   Code   RO         1252    i.USB_ReadDevOutEPInterrupt  stm32f4xx_ll_usb.o
    0x08006930   0x08006930   0x00000008   Code   RO         1253    i.USB_ReadInterrupts  stm32f4xx_ll_usb.o
    0x08006938   0x08006938   0x0000003e   Code   RO         1254    i.USB_ReadPacket    stm32f4xx_ll_usb.o
    0x08006976   0x08006976   0x0000005c   Code   RO         1256    i.USB_SetCurrentMode  stm32f4xx_ll_usb.o
    0x080069d2   0x080069d2   0x00000022   Code   RO         1257    i.USB_SetDevAddress  stm32f4xx_ll_usb.o
    0x080069f4   0x080069f4   0x000000e8   Code   RO         1259    i.USB_SetTurnaroundTime  stm32f4xx_ll_usb.o
    0x08006adc   0x08006adc   0x00000028   Code   RO         1262    i.USB_WritePacket   stm32f4xx_ll_usb.o
    0x08006b04   0x08006b04   0x00000002   Code   RO          436    i.UsageFault_Handler  stm32f4xx_it.o
    0x08006b06   0x08006b06   0x00000002   PAD
    0x08006b08   0x08006b08   0x00000024   Code   RO         4685    i.VCP_Printf        usb_vcp.o
    0x08006b2c   0x08006b2c   0x00000034   Code   RO         4686    i.VCP_SendData      usb_vcp.o
    0x08006b60   0x08006b60   0x00000030   Code   RO         5020    i.__ARM_fpclassify  m_wm.l(fpclassify.o)
    0x08006b90   0x08006b90   0x00000020   Code   RO         2279    i.__NVIC_SetPriority  stm32f4xx_hal_cortex.o
    0x08006bb0   0x08006bb0   0x0000000e   Code   RO         4886    i._is_digit         c_w.l(__printf_wp.o)
    0x08006bbe   0x08006bbe   0x00000002   PAD
    0x08006bc0   0x08006bc0   0x00000088   Code   RO           16    i.main              main.o
    0x08006c48   0x08006c48   0x0000002c   Code   RO         5004    locale$$code        c_w.l(lc_numeric_c.o)
    0x08006c74   0x08006c74   0x0000002c   Code   RO         5030    locale$$code        c_w.l(lc_ctype_c.o)
    0x08006ca0   0x08006ca0   0x0000000c   Code   RO         4919    x$fpl$dretinf       fz_wm.l(dretinf.o)
    0x08006cac   0x08006cac   0x00000056   Code   RO         4819    x$fpl$f2d           fz_wm.l(f2d.o)
    0x08006d02   0x08006d02   0x0000008c   Code   RO         4921    x$fpl$fnaninf       fz_wm.l(fnaninf.o)
    0x08006d8e   0x08006d8e   0x0000000a   Code   RO         5098    x$fpl$fpinit        fz_wm.l(fpinit.o)
    0x08006d98   0x08006d98   0x00000004   Code   RO         4923    x$fpl$printf1       fz_wm.l(printf1.o)
    0x08006d9c   0x08006d9c   0x00000004   Code   RO         4925    x$fpl$printf2       fz_wm.l(printf2.o)
    0x08006da0   0x08006da0   0x00000000   Code   RO         4931    x$fpl$usenofp       fz_wm.l(usenofp.o)
    0x08006da0   0x08006da0   0x00000008   Data   RO         1993    .constdata          stm32f4xx_hal_dma.o
    0x08006da8   0x08006da8   0x00000010   Data   RO         4244    .constdata          system_stm32f4xx.o
    0x08006db8   0x08006db8   0x00000008   Data   RO         4845    .constdata          c_w.l(_printf_wctomb.o)
    0x08006dc0   0x08006dc0   0x00000028   Data   RO         4874    .constdata          c_w.l(_printf_hex_int_ll_ptr.o)
    0x08006de8   0x08006de8   0x00000011   Data   RO         4894    .constdata          c_w.l(__printf_flags_ss_wp.o)
    0x08006df9   0x08006df9   0x00000026   Data   RO         4956    .constdata          c_w.l(_printf_fp_hex.o)
    0x08006e1f   0x08006e1f   0x00000001   PAD
    0x08006e20   0x08006e20   0x00000094   Data   RO         4979    .constdata          c_w.l(bigflt0.o)
    0x08006eb4   0x08006eb4   0x00000020   Data   RO         5156    Region$$Table       anon$$obj.o
    0x08006ed4   0x08006ed4   0x0000001c   Data   RO         5003    locale$$data        c_w.l(lc_numeric_c.o)
    0x08006ef0   0x08006ef0   0x00000110   Data   RO         5029    locale$$data        c_w.l(lc_ctype_c.o)


    Execution Region RW_IRAM1 (Exec base: 0x20000000, Load base: 0x08007000, Size: 0x00002708, Max: 0x0001c000, ABSOLUTE)

    Exec Addr    Load Addr    Size         Type   Attr      Idx    E Section Name        Object

    0x20000000   0x08007000   0x0000001c   Data   RW          593    .data               usbd_desc.o
    0x2000001c   0x0800701c   0x00000032   Data   RW          594    .data               usbd_desc.o
    0x2000004e   0x0800704e   0x00000002   PAD
    0x20000050   0x08007050   0x00000014   Data   RW          677    .data               usbd_cdc_if.o
    0x20000064   0x08007064   0x0000000c   Data   RW         2438    .data               stm32f4xx_hal.o
    0x20000070   0x08007070   0x00000004   Data   RW         4246    .data               system_stm32f4xx.o
    0x20000074   0x08007074   0x00000001   Data   RW         4449    .data               usbd_ctlreq.o
    0x20000075   0x08007075   0x00000003   PAD
    0x20000078   0x08007078   0x00000053   Data   RW         4592    .data               usbd_cdc.o
    0x200000cb   0x080070cb   0x00000001   PAD
    0x200000cc   0x080070cc   0x00000038   Data   RW         4593    .data               usbd_cdc.o
    0x20000104   0x08007104   0x0000000a   Data   RW         4744    .data               as5047p.o
    0x2000010e   0x0800710e   0x00000002   PAD
    0x20000110        -       0x000000a8   Zero   RW          258    .bss                adc.o
    0x200001b8        -       0x00000170   Zero   RW          325    .bss                spi.o
    0x20000328        -       0x00000090   Zero   RW          374    .bss                tim.o
    0x200003b8        -       0x000002dc   Zero   RW          554    .bss                usb_device.o
    0x20000694        -       0x00000200   Zero   RW          592    .bss                usbd_desc.o
    0x20000894        -       0x00001000   Zero   RW          676    .bss                usbd_cdc_if.o
    0x20001894        -       0x00000704   Zero   RW          758    .bss                usbd_conf.o
    0x20001f98        -       0x00000100   Zero   RW         4687    .bss                usb_vcp.o
    0x20002098        -       0x00000010   Zero   RW         4743    .bss                as5047p.o
    0x200020a8        -       0x00000060   Zero   RW         5023    .bss                c_w.l(libspace.o)
    0x20002108        -       0x00000200   Zero   RW            2    HEAP                startup_stm32f405xx.o
    0x20002308        -       0x00000400   Zero   RW            1    STACK               startup_stm32f405xx.o


    Execution Region RW_IRAM2 (Exec base: 0x2001c000, Load base: 0x08007110, Size: 0x00000000, Max: 0x00004000, ABSOLUTE)

    **** No section assigned to this execution region ****


==============================================================================

Image component sizes


      Code (inc. data)   RO Data    RW Data    ZI Data      Debug   Object Name

       500         32          0          0        168       2023   adc.o
       260         56          0         10         16       4140   as5047p.o
        76          4          0          0          0        770   dma.o
       260         22          0          0          0       1027   gpio.o
       308         48          0          0          0     680782   main.o
       432         46          0          0        368       2540   spi.o
        64         26        392          0       1536        832   startup_stm32f405xx.o
       180         28          0         12          0      10085   stm32f4xx_hal.o
       712         28          0          0          0       3283   stm32f4xx_hal_adc.o
       444         16          0          0          0       1750   stm32f4xx_hal_adc_ex.o
       198         14          0          0          0      34591   stm32f4xx_hal_cortex.o
       902         16          8          0          0       6463   stm32f4xx_hal_dma.o
       506         46          0          0          0       2512   stm32f4xx_hal_gpio.o
        48          6          0          0          0        838   stm32f4xx_hal_msp.o
      2576         12          0          0          0      14896   stm32f4xx_hal_pcd.o
        78          0          0          0          0       2801   stm32f4xx_hal_pcd_ex.o
      1292         54          0          0          0       5046   stm32f4xx_hal_rcc.o
      1106         36          0          0          0      11770   stm32f4xx_hal_spi.o
      1796         80          0          0          0      19656   stm32f4xx_hal_tim.o
       232         28          0          0          0       3789   stm32f4xx_hal_tim_ex.o
        96         34          0          0          0       6463   stm32f4xx_it.o
      2708        116          0          0          0      25888   stm32f4xx_ll_usb.o
        16          4         16          4          0       1163   system_stm32f4xx.o
       532         50          0          0        144       3127   tim.o
        84         18          0          0        732        788   usb_device.o
        88         10          0          0        256       2317   usb_vcp.o
      1290         38          0        139          0      16073   usbd_cdc.o
       128         22          0         20       4096       3908   usbd_cdc_if.o
       642         24          0          0       1796      16788   usbd_conf.o
       934          0          0          0          0      17295   usbd_core.o
      1360         28          0          1          0      16420   usbd_ctlreq.o
       288        104          0         78        512       6145   usbd_desc.o
       138          0          0          0          0       5188   usbd_ioreq.o

    ----------------------------------------------------------------------
     20308       1046        448        272       9624     931157   Object Totals
         0          0         32          0          0          0   (incl. Generated)
        34          0          0          8          0          0   (incl. Padding)

    ----------------------------------------------------------------------

      Code (inc. data)   RO Data    RW Data    ZI Data      Debug   Library Member Name

         8          0          0          0          0         68   __main.o
       392          4         17          0          0         92   __printf_flags_ss_wp.o
        14          0          0          0          0         68   __printf_wp.o
         0          0          0          0          0          0   __rtentry.o
        12          0          0          0          0          0   __rtentry2.o
         6          0          0          0          0          0   __rtentry4.o
        52          8          0          0          0          0   __scatter.o
        26          0          0          0          0          0   __scatter_copy.o
        28          0          0          0          0          0   __scatter_zi.o
         6          0          0          0          0          0   _printf_a.o
         6          0          0          0          0          0   _printf_c.o
        44          0          0          0          0        108   _printf_char.o
        48          6          0          0          0         96   _printf_char_common.o
        40          0          0          0          0         68   _printf_charcount.o
         6          0          0          0          0          0   _printf_d.o
       120         16          0          0          0         92   _printf_dec.o
         6          0          0          0          0          0   _printf_e.o
         6          0          0          0          0          0   _printf_f.o
      1054          0          0          0          0        216   _printf_fp_dec.o
       764          8         38          0          0        100   _printf_fp_hex.o
       128         16          0          0          0         84   _printf_fp_infnan.o
         6          0          0          0          0          0   _printf_g.o
       148          4         40          0          0        160   _printf_hex_int_ll_ptr.o
         6          0          0          0          0          0   _printf_i.o
       178          0          0          0          0         88   _printf_intcommon.o
        10          0          0          0          0          0   _printf_l.o
         6          0          0          0          0          0   _printf_lc.o
        10          0          0          0          0          0   _printf_ll.o
         6          0          0          0          0          0   _printf_lld.o
         6          0          0          0          0          0   _printf_lli.o
         6          0          0          0          0          0   _printf_llo.o
         6          0          0          0          0          0   _printf_llu.o
         6          0          0          0          0          0   _printf_llx.o
       124         16          0          0          0         92   _printf_longlong_dec.o
         6          0          0          0          0          0   _printf_ls.o
         6          0          0          0          0          0   _printf_n.o
         6          0          0          0          0          0   _printf_o.o
       112         10          0          0          0        124   _printf_oct_int_ll.o
         6          0          0          0          0          0   _printf_p.o
        78          0          0          0          0        108   _printf_pad.o
         0          0          0          0          0          0   _printf_percent.o
         4          0          0          0          0          0   _printf_percent_end.o
         6          0          0          0          0          0   _printf_s.o
        82          0          0          0          0         80   _printf_str.o
        36          0          0          0          0         84   _printf_truncate.o
         6          0          0          0          0          0   _printf_u.o
        44          0          0          0          0        108   _printf_wchar.o
       188          6          8          0          0         92   _printf_wctomb.o
         6          0          0          0          0          0   _printf_x.o
        16          0          0          0          0         68   _snputc.o
        10          0          0          0          0         68   _sputc.o
        64          0          0          0          0         92   _wcrtomb.o
       228          4        148          0          0         96   bigflt0.o
      1936        128          0          0          0        672   btod.o
        18          0          0          0          0         80   exit.o
         6          0          0          0          0        152   heapauxi.o
         0          0          0          0          0          0   indicate_semi.o
        44         10        272          0          0         76   lc_ctype_c.o
        44         10         28          0          0         76   lc_numeric_c.o
         2          0          0          0          0          0   libinit.o
        34          0          0          0          0          0   libinit2.o
         2          0          0          0          0          0   libshutdown.o
         2          0          0          0          0          0   libshutdown2.o
         8          4          0          0         96         68   libspace.o
       138          0          0          0          0         80   lludiv10.o
       238          0          0          0          0        100   lludivv7m.o
        16          4          0          0          0         76   rt_ctype_table.o
         8          4          0          0          0         68   rt_locale_intlibspace.o
        78          0          0          0          0         80   rt_memclr_w.o
         2          0          0          0          0          0   rtexit.o
        10          0          0          0          0          0   rtexit2.o
       128          0          0          0          0         68   strcmpv7m.o
        12          4          0          0          0         68   sys_exit.o
        74          0          0          0          0         80   sys_stackheap_outer.o
         2          0          0          0          0         68   use_no_semi.o
        52          4          0          0          0         80   vsnprintf.o
        12          0          0          0          0        116   dretinf.o
        86          4          0          0          0        132   f2d.o
       140          4          0          0          0        132   fnaninf.o
        10          0          0          0          0        116   fpinit.o
         4          0          0          0          0        116   printf1.o
         4          0          0          0          0        116   printf2.o
         0          0          0          0          0          0   usenofp.o
        48          0          0          0          0        124   fpclassify.o

    ----------------------------------------------------------------------
      7364        274        552          0         96       4996   Library Totals
        18          0          1          0          0          0   (incl. Padding)

    ----------------------------------------------------------------------

      Code (inc. data)   RO Data    RW Data    ZI Data      Debug   Library Name

      7042        266        551          0         96       4144   c_w.l
       256          8          0          0          0        728   fz_wm.l
        48          0          0          0          0        124   m_wm.l

    ----------------------------------------------------------------------
      7364        274        552          0         96       4996   Library Totals

    ----------------------------------------------------------------------

==============================================================================


      Code (inc. data)   RO Data    RW Data    ZI Data      Debug   

     27672       1320       1000        272       9720     909717   Grand Totals
     27672       1320       1000        272       9720     909717   ELF Image Totals
     27672       1320       1000        272          0          0   ROM Totals

==============================================================================

    Total RO  Size (Code + RO Data)                28672 (  28.00kB)
    Total RW  Size (RW Data + ZI Data)              9992 (   9.76kB)
    Total ROM Size (Code + RO Data + RW Data)      28944 (  28.27kB)

==============================================================================

